Archive member included to satisfy reference by file (symbol)

c:/program files (x86)/atmel/studio/7.0/toolchain/arm/arm-gnu-toolchain/bin/../lib/gcc/arm-none-eabi/6.2.1/../../../../arm-none-eabi/lib/thumb/v7-m\libc.a(lib_a-exit.o)
                              c:/program files (x86)/atmel/studio/7.0/toolchain/arm/arm-gnu-toolchain/bin/../lib/gcc/arm-none-eabi/6.2.1/../../../../arm-none-eabi/lib/thumb/v7-m/crt0.o (exit)
c:/program files (x86)/atmel/studio/7.0/toolchain/arm/arm-gnu-toolchain/bin/../lib/gcc/arm-none-eabi/6.2.1/../../../../arm-none-eabi/lib/thumb/v7-m\libc.a(lib_a-impure.o)
                              c:/program files (x86)/atmel/studio/7.0/toolchain/arm/arm-gnu-toolchain/bin/../lib/gcc/arm-none-eabi/6.2.1/../../../../arm-none-eabi/lib/thumb/v7-m\libc.a(lib_a-exit.o) (_global_impure_ptr)
c:/program files (x86)/atmel/studio/7.0/toolchain/arm/arm-gnu-toolchain/bin/../lib/gcc/arm-none-eabi/6.2.1/../../../../arm-none-eabi/lib/thumb/v7-m\libc.a(lib_a-init.o)
                              c:/program files (x86)/atmel/studio/7.0/toolchain/arm/arm-gnu-toolchain/bin/../lib/gcc/arm-none-eabi/6.2.1/../../../../arm-none-eabi/lib/thumb/v7-m/crt0.o (__libc_init_array)
c:/program files (x86)/atmel/studio/7.0/toolchain/arm/arm-gnu-toolchain/bin/../lib/gcc/arm-none-eabi/6.2.1/../../../../arm-none-eabi/lib/thumb/v7-m\libc.a(lib_a-iprintf.o)
                              src/pwm_led_example.o (iprintf)
c:/program files (x86)/atmel/studio/7.0/toolchain/arm/arm-gnu-toolchain/bin/../lib/gcc/arm-none-eabi/6.2.1/../../../../arm-none-eabi/lib/thumb/v7-m\libc.a(lib_a-memset.o)
                              c:/program files (x86)/atmel/studio/7.0/toolchain/arm/arm-gnu-toolchain/bin/../lib/gcc/arm-none-eabi/6.2.1/../../../../arm-none-eabi/lib/thumb/v7-m/crt0.o (memset)
c:/program files (x86)/atmel/studio/7.0/toolchain/arm/arm-gnu-toolchain/bin/../lib/gcc/arm-none-eabi/6.2.1/../../../../arm-none-eabi/lib/thumb/v7-m\libc.a(lib_a-puts.o)
                              src/pwm_led_example.o (puts)
c:/program files (x86)/atmel/studio/7.0/toolchain/arm/arm-gnu-toolchain/bin/../lib/gcc/arm-none-eabi/6.2.1/../../../../arm-none-eabi/lib/thumb/v7-m\libc.a(lib_a-setbuf.o)
                              src/pwm_led_example.o (setbuf)
c:/program files (x86)/atmel/studio/7.0/toolchain/arm/arm-gnu-toolchain/bin/../lib/gcc/arm-none-eabi/6.2.1/../../../../arm-none-eabi/lib/thumb/v7-m\libc.a(lib_a-setvbuf.o)
                              c:/program files (x86)/atmel/studio/7.0/toolchain/arm/arm-gnu-toolchain/bin/../lib/gcc/arm-none-eabi/6.2.1/../../../../arm-none-eabi/lib/thumb/v7-m\libc.a(lib_a-setbuf.o) (setvbuf)
c:/program files (x86)/atmel/studio/7.0/toolchain/arm/arm-gnu-toolchain/bin/../lib/gcc/arm-none-eabi/6.2.1/../../../../arm-none-eabi/lib/thumb/v7-m\libc.a(lib_a-strlen-stub.o)
                              c:/program files (x86)/atmel/studio/7.0/toolchain/arm/arm-gnu-toolchain/bin/../lib/gcc/arm-none-eabi/6.2.1/../../../../arm-none-eabi/lib/thumb/v7-m\libc.a(lib_a-puts.o) (strlen)
c:/program files (x86)/atmel/studio/7.0/toolchain/arm/arm-gnu-toolchain/bin/../lib/gcc/arm-none-eabi/6.2.1/../../../../arm-none-eabi/lib/thumb/v7-m\libc.a(lib_a-vfiprintf.o)
                              c:/program files (x86)/atmel/studio/7.0/toolchain/arm/arm-gnu-toolchain/bin/../lib/gcc/arm-none-eabi/6.2.1/../../../../arm-none-eabi/lib/thumb/v7-m\libc.a(lib_a-iprintf.o) (_vfiprintf_r)
c:/program files (x86)/atmel/studio/7.0/toolchain/arm/arm-gnu-toolchain/bin/../lib/gcc/arm-none-eabi/6.2.1/../../../../arm-none-eabi/lib/thumb/v7-m\libc.a(lib_a-wsetup.o)
                              c:/program files (x86)/atmel/studio/7.0/toolchain/arm/arm-gnu-toolchain/bin/../lib/gcc/arm-none-eabi/6.2.1/../../../../arm-none-eabi/lib/thumb/v7-m\libc.a(lib_a-vfiprintf.o) (__swsetup_r)
c:/program files (x86)/atmel/studio/7.0/toolchain/arm/arm-gnu-toolchain/bin/../lib/gcc/arm-none-eabi/6.2.1/../../../../arm-none-eabi/lib/thumb/v7-m\libc.a(lib_a-__call_atexit.o)
                              c:/program files (x86)/atmel/studio/7.0/toolchain/arm/arm-gnu-toolchain/bin/../lib/gcc/arm-none-eabi/6.2.1/../../../../arm-none-eabi/lib/thumb/v7-m\libc.a(lib_a-exit.o) (__call_exitprocs)
c:/program files (x86)/atmel/studio/7.0/toolchain/arm/arm-gnu-toolchain/bin/../lib/gcc/arm-none-eabi/6.2.1/../../../../arm-none-eabi/lib/thumb/v7-m\libc.a(lib_a-atexit.o)
                              c:/program files (x86)/atmel/studio/7.0/toolchain/arm/arm-gnu-toolchain/bin/../lib/gcc/arm-none-eabi/6.2.1/../../../../arm-none-eabi/lib/thumb/v7-m\libc.a(lib_a-__call_atexit.o) (atexit)
c:/program files (x86)/atmel/studio/7.0/toolchain/arm/arm-gnu-toolchain/bin/../lib/gcc/arm-none-eabi/6.2.1/../../../../arm-none-eabi/lib/thumb/v7-m\libc.a(lib_a-fflush.o)
                              c:/program files (x86)/atmel/studio/7.0/toolchain/arm/arm-gnu-toolchain/bin/../lib/gcc/arm-none-eabi/6.2.1/../../../../arm-none-eabi/lib/thumb/v7-m\libc.a(lib_a-setvbuf.o) (_fflush_r)
[...]
Memory Configuration

Name             Origin             Length             Attributes
rom              0x00400000         0x00040000         xr
ram              0x20000000         0x00006000         xrw
*default*        0x00000000         0xffffffff

Linker script and memory map

LOAD c:/program files (x86)/atmel/studio/7.0/toolchain/arm/arm-gnu-toolchain/bin/../lib/gcc/arm-none-eabi/6.2.1/thumb/v7-m/crti.o
LOAD c:/program files (x86)/atmel/studio/7.0/toolchain/arm/arm-gnu-toolchain/bin/../lib/gcc/arm-none-eabi/6.2.1/thumb/v7-m/crtbegin.o
LOAD c:/program files (x86)/atmel/studio/7.0/toolchain/arm/arm-gnu-toolchain/bin/../lib/gcc/arm-none-eabi/6.2.1/../../../../arm-none-eabi/lib/thumb/v7-m/crt0.o
LOAD src/ASF/common/services/clock/sam3n/sysclk.o
LOAD src/ASF/common/services/serial/usart_serial.o
LOAD src/ASF/common/utils/interrupt/interrupt_sam_nvic.o
LOAD src/ASF/common/utils/stdio/read.o
LOAD src/ASF/common/utils/stdio/write.o
LOAD src/ASF/sam/boards/sam3n_ek/init.o
LOAD src/ASF/sam/boards/sam3n_ek/led.o
LOAD src/ASF/sam/drivers/pio/pio.o
LOAD src/ASF/sam/drivers/pio/pio_handler.o
LOAD src/ASF/sam/drivers/pmc/pmc.o
LOAD src/ASF/sam/drivers/pmc/sleep.o
LOAD src/ASF/sam/drivers/pwm/pwm.o
LOAD src/ASF/sam/drivers/uart/uart.o
LOAD src/ASF/sam/drivers/usart/usart.o
LOAD src/ASF/sam/utils/cmsis/sam3n/source/templates/exceptions.o
LOAD src/ASF/sam/utils/cmsis/sam3n/source/templates/gcc/startup_sam3n.o
LOAD src/ASF/sam/utils/cmsis/sam3n/source/templates/system_sam3n.o
LOAD src/ASF/sam/utils/syscalls/gcc/syscalls.o
LOAD src/pwm_led_example.o
START GROUP
LOAD ../src/ASF/thirdparty/CMSIS/Lib/GCC\libarm_cortexM3l_math.a
LOAD c:/program files (x86)/atmel/studio/7.0/toolchain/arm/arm-gnu-toolchain/bin/../lib/gcc/arm-none-eabi/6.2.1/../../../../arm-none-eabi/lib/thumb/v7-m\libm.a
END GROUP
START GROUP
LOAD c:/program files (x86)/atmel/studio/7.0/toolchain/arm/arm-gnu-toolchain/bin/../lib/gcc/arm-none-eabi/6.2.1/thumb/v7-m\libgcc.a
LOAD c:/program files (x86)/atmel/studio/7.0/toolchain/arm/arm-gnu-toolchain/bin/../lib/gcc/arm-none-eabi/6.2.1/../../../../arm-none-eabi/lib/thumb/v7-m\libc.a
END GROUP
LOAD c:/program files (x86)/atmel/studio/7.0/toolchain/arm/arm-gnu-toolchain/bin/../lib/gcc/arm-none-eabi/6.2.1/thumb/v7-m/crtend.o
LOAD c:/program files (x86)/atmel/studio/7.0/toolchain/arm/arm-gnu-toolchain/bin/../lib/gcc/arm-none-eabi/6.2.1/thumb/v7-m/crtn.o
                0x00000800                __stack_size__ = DEFINED (__stack_size__)?__stack_size__:0x800
                0x20005ffc                __ram_end__ = ((ORIGIN (ram) + LENGTH (ram)) - 0x4)

.text           0x00400000     0x3e90
                0x00400000                . = ALIGN (0x4)
                0x00400000                _sfixed = .
 *(.vectors .vectors.*)
 .vectors       0x00400000       0xc4 src/ASF/sam/utils/cmsis/sam3n/source/templates/gcc/startup_sam3n.o
                0x00400000                exception_table
 *(.text .text.* .gnu.linkonce.t.*)
 .text          0x004000c4       0x6c c:/program files (x86)/atmel/studio/7.0/toolchain/arm/arm-gnu-toolchain/bin/../lib/gcc/arm-none-eabi/6.2.1/thumb/v7-m/crtbegin.o
 .text.sysclk_init
                0x00400130       0x64 src/ASF/common/services/clock/sam3n/sysclk.o
                0x00400130                sysclk_init
 .text._read    0x00400194       0x3c src/ASF/common/utils/stdio/read.o
                0x00400194                _read
 .text._write   0x004001d0       0x50 src/ASF/common/utils/stdio/write.o
                0x004001d0                _write
 .text.board_init
                0x00400220       0x74 src/ASF/sam/boards/sam3n_ek/init.o
                0x00400220                board_init
 .text.pio_set_peripheral
                0x00400294       0x90 src/ASF/sam/drivers/pio/pio.o
                0x00400294                pio_set_peripheral
 .text.pio_set_input
                0x00400324       0x32 src/ASF/sam/drivers/pio/pio.o
                0x00400324                pio_set_input
 .text.pio_set_output
                0x00400356       0x26 src/ASF/sam/drivers/pio/pio.o
                0x00400356                pio_set_output
 .text.pio_configure_interrupt
                0x0040037c       0x2e src/ASF/sam/drivers/pio/pio.o
                0x0040037c                pio_configure_interrupt
 .text.pio_enable_interrupt
                0x004003aa        0x4 src/ASF/sam/drivers/pio/pio.o
                0x004003aa                pio_enable_interrupt
 .text.pio_get_interrupt_status
                0x004003ae        0x4 src/ASF/sam/drivers/pio/pio.o
                0x004003ae                pio_get_interrupt_status
 .text.pio_get_interrupt_mask
                0x004003b2        0x4 src/ASF/sam/drivers/pio/pio.o
                0x004003b2                pio_get_interrupt_mask
 *fill*         0x004003b6        0x2 
 .text.pio_configure_pin
                0x004003b8      0x120 src/ASF/sam/drivers/pio/pio.o
                0x004003b8                pio_configure_pin
 .text.pio_configure_pin_group
                0x004004d8       0xd8 src/ASF/sam/drivers/pio/pio.o
                0x004004d8                pio_configure_pin_group
 .text.pio_handler_process
                0x004005b0       0x50 src/ASF/sam/drivers/pio/pio_handler.o
                0x004005b0                pio_handler_process
 .text.pio_handler_set
                0x00400600       0x70 src/ASF/sam/drivers/pio/pio_handler.o
                0x00400600                pio_handler_set
 .text.PIOA_Handler
                0x00400670       0x14 src/ASF/sam/drivers/pio/pio_handler.o
                0x00400670                PIOA_Handler
 .text.PIOB_Handler
                0x00400684       0x14 src/ASF/sam/drivers/pio/pio_handler.o
                0x00400684                PIOB_Handler
 .text.PIOC_Handler
                0x00400698       0x14 src/ASF/sam/drivers/pio/pio_handler.o
                0x00400698                PIOC_Handler
 .text.pmc_switch_mck_to_pllack
                0x004006ac       0x64 src/ASF/sam/drivers/pmc/pmc.o
                0x004006ac                pmc_switch_mck_to_pllack
 .text.pmc_switch_mainck_to_xtal
                0x00400710       0x54 src/ASF/sam/drivers/pmc/pmc.o
                0x00400710                pmc_switch_mainck_to_xtal
 .text.pmc_osc_is_ready_mainck
                0x00400764       0x10 src/ASF/sam/drivers/pmc/pmc.o
                0x00400764                pmc_osc_is_ready_mainck
 .text.pmc_disable_pllack
                0x00400774       0x10 src/ASF/sam/drivers/pmc/pmc.o
                0x00400774                pmc_disable_pllack
 .text.pmc_is_locked_pllack
                0x00400784       0x10 src/ASF/sam/drivers/pmc/pmc.o
                0x00400784                pmc_is_locked_pllack
 .text.pmc_enable_periph_clk
                0x00400794       0x2c src/ASF/sam/drivers/pmc/pmc.o
                0x00400794                pmc_enable_periph_clk
 .text.pwm_clocks_generate
                0x004007c0       0x54 src/ASF/sam/drivers/pwm/pwm.o
 .text.pwm_init
                0x00400814       0x44 src/ASF/sam/drivers/pwm/pwm.o
                0x00400814                pwm_init
 .text.pwm_channel_init
                0x00400858       0x2e src/ASF/sam/drivers/pwm/pwm.o
                0x00400858                pwm_channel_init
 .text.pwm_channel_update_duty
                0x00400886       0x28 src/ASF/sam/drivers/pwm/pwm.o
                0x00400886                pwm_channel_update_duty
 .text.pwm_channel_enable
                0x004008ae        0xa src/ASF/sam/drivers/pwm/pwm.o
                0x004008ae                pwm_channel_enable
 .text.pwm_channel_disable
                0x004008b8        0xa src/ASF/sam/drivers/pwm/pwm.o
                0x004008b8                pwm_channel_disable
 .text.pwm_channel_get_interrupt_status
                0x004008c2        0x4 src/ASF/sam/drivers/pwm/pwm.o
                0x004008c2                pwm_channel_get_interrupt_status
 .text.pwm_channel_enable_interrupt
                0x004008c6        0xa src/ASF/sam/drivers/pwm/pwm.o
                0x004008c6                pwm_channel_enable_interrupt
 .text.pwm_channel_disable_interrupt
                0x004008d0        0xa src/ASF/sam/drivers/pwm/pwm.o
                0x004008d0                pwm_channel_disable_interrupt
 .text.uart_init
                0x004008da       0x36 src/ASF/sam/drivers/uart/uart.o
                0x004008da                uart_init
 .text.uart_write
                0x00400910       0x10 src/ASF/sam/drivers/uart/uart.o
                0x00400910                uart_write
 .text.uart_read
                0x00400920       0x12 src/ASF/sam/drivers/uart/uart.o
                0x00400920                uart_read
 .text.usart_write
                0x00400932       0x14 src/ASF/sam/drivers/usart/usart.o
                0x00400932                usart_write
 .text.usart_read
                0x00400946       0x18 src/ASF/sam/drivers/usart/usart.o
                0x00400946                usart_read
 .text.Dummy_Handler
                0x0040095e        0x2 src/ASF/sam/utils/cmsis/sam3n/source/templates/exceptions.o
                0x0040095e                DACC_Handler
                0x0040095e                DebugMon_Handler
                0x0040095e                HardFault_Handler
                0x0040095e                TC2_Handler
                0x0040095e                SPI_Handler
                0x0040095e                SysTick_Handler
                0x0040095e                TWI1_Handler
                0x0040095e                PendSV_Handler
                0x0040095e                NMI_Handler
                0x0040095e                ADC_Handler
                0x0040095e                USART0_Handler
                0x0040095e                RTT_Handler
                0x0040095e                RTC_Handler
                0x0040095e                UsageFault_Handler
                0x0040095e                WDT_Handler
                0x0040095e                TC4_Handler
                0x0040095e                TC1_Handler
                0x0040095e                UART1_Handler
                0x0040095e                TC3_Handler
                0x0040095e                Dummy_Handler
                0x0040095e                TWI0_Handler
                0x0040095e                USART1_Handler
                0x0040095e                PMC_Handler
                0x0040095e                MemManage_Handler
                0x0040095e                SUPC_Handler
                0x0040095e                SVC_Handler
                0x0040095e                EFC_Handler
                0x0040095e                UART0_Handler
                0x0040095e                BusFault_Handler
                0x0040095e                RSTC_Handler
                0x0040095e                TC0_Handler
                0x0040095e                TC5_Handler
 .text.Reset_Handler
                0x00400960       0x98 src/ASF/sam/utils/cmsis/sam3n/source/templates/gcc/startup_sam3n.o
                0x00400960                Reset_Handler
 .text.SystemCoreClockUpdate
                0x004009f8      0x100 src/ASF/sam/utils/cmsis/sam3n/source/templates/system_sam3n.o
                0x004009f8                SystemCoreClockUpdate
 .text._sbrk    0x00400af8       0x38 src/ASF/sam/utils/syscalls/gcc/syscalls.o
                0x00400af8                _sbrk
 .text._close   0x00400b30        0x6 src/ASF/sam/utils/syscalls/gcc/syscalls.o
                0x00400b30                _close
 .text._fstat   0x00400b36        0xa src/ASF/sam/utils/syscalls/gcc/syscalls.o
                0x00400b36                _fstat
 .text._isatty  0x00400b40        0x4 src/ASF/sam/utils/syscalls/gcc/syscalls.o
                0x00400b40                _isatty
 .text._lseek   0x00400b44        0x4 src/ASF/sam/utils/syscalls/gcc/syscalls.o
                0x00400b44                _lseek
 .text.vSensorISR
                0x00400b48       0x40 src/pwm_led_example.o
                0x00400b48                vSensorISR
 .text.usart_serial_getchar
                0x00400b88       0x88 src/pwm_led_example.o
 .text.usart_serial_putchar
                0x00400c10       0x80 src/pwm_led_example.o
 .text.PWM_Handler
                0x00400c90       0x7c src/pwm_led_example.o
                0x00400c90                PWM_Handler
 .text.vConfigureSensorISR
                0x00400d0c       0x70 src/pwm_led_example.o
                0x00400d0c                vConfigureSensorISR
 .text.main     0x00400d7c      0x164 src/pwm_led_example.o
                0x00400d7c                main
 .text.__libc_init_array
                0x00400ee0       0x50 c:/program files (x86)/atmel/studio/7.0/toolchain/arm/arm-gnu-toolchain/bin/../lib/gcc/arm-none-eabi/6.2.1/../../../../arm-none-eabi/lib/thumb/v7-m\libc.a(lib_a-init.o)
                0x00400ee0                __libc_init_array
 .text.iprintf  0x00400f30       0x28 c:/program files (x86)/atmel/studio/7.0/toolchain/arm/arm-gnu-toolchain/bin/../lib/gcc/arm-none-eabi/6.2.1/../../../../arm-none-eabi/lib/thumb/v7-m\libc.a(lib_a-iprintf.o)
                0x00400f30                iprintf
 .text.memset   0x00400f58       0x9c c:/program files (x86)/atmel/studio/7.0/toolchain/arm/arm-gnu-toolchain/bin/../lib/gcc/arm-none-eabi/6.2.1/../../../../arm-none-eabi/lib/thumb/v7-m\libc.a(lib_a-memset.o)
                0x00400f58                memset
 .text._puts_r  0x00400ff4       0x68 c:/program files (x86)/atmel/studio/7.0/toolchain/arm/arm-gnu-toolchain/bin/../lib/gcc/arm-none-eabi/6.2.1/../../../../arm-none-eabi/lib/thumb/v7-m\libc.a(lib_a-puts.o)
                0x00400ff4                _puts_r
 .text.puts     0x0040105c       0x10 c:/program files (x86)/atmel/studio/7.0/toolchain/arm/arm-gnu-toolchain/bin/../lib/gcc/arm-none-eabi/6.2.1/../../../../arm-none-eabi/lib/thumb/v7-m\libc.a(lib_a-puts.o)
                0x0040105c                puts
 .text.setbuf   0x0040106c       0x10 c:/program files (x86)/atmel/studio/7.0/toolchain/arm/arm-gnu-toolchain/bin/../lib/gcc/arm-none-eabi/6.2.1/../../../../arm-none-eabi/lib/thumb/v7-m\libc.a(lib_a-setbuf.o)
                0x0040106c                setbuf
 .text.setvbuf  0x0040107c      0x14c c:/program files (x86)/atmel/studio/7.0/toolchain/arm/arm-gnu-toolchain/bin/../lib/gcc/arm-none-eabi/6.2.1/../../../../arm-none-eabi/lib/thumb/v7-m\libc.a(lib_a-setvbuf.o)
                0x0040107c                setvbuf
 .text.strlen   0x004011c8       0x5c c:/program files (x86)/atmel/studio/7.0/toolchain/arm/arm-gnu-toolchain/bin/../lib/gcc/arm-none-eabi/6.2.1/../../../../arm-none-eabi/lib/thumb/v7-m\libc.a(lib_a-strlen-stub.o)
                0x004011c8                strlen
 .text.__sprint_r.part.0
                0x00401224       0x80 c:/program files (x86)/atmel/studio/7.0/toolchain/arm/arm-gnu-toolchain/bin/../lib/gcc/arm-none-eabi/6.2.1/../../../../arm-none-eabi/lib/thumb/v7-m\libc.a(lib_a-vfiprintf.o)
 .text._vfiprintf_r
                0x004012a4      0xbf4 c:/program files (x86)/atmel/studio/7.0/toolchain/arm/arm-gnu-toolchain/bin/../lib/gcc/arm-none-eabi/6.2.1/../../../../arm-none-eabi/lib/thumb/v7-m\libc.a(lib_a-vfiprintf.o)
                0x004012a4                _vfiprintf_r
 .text.__sbprintf
                0x00401e98       0x6c c:/program files (x86)/atmel/studio/7.0/toolchain/arm/arm-gnu-toolchain/bin/../lib/gcc/arm-none-eabi/6.2.1/../../../../arm-none-eabi/lib/thumb/v7-m\libc.a(lib_a-vfiprintf.o)
 .text.__swsetup_r
                0x00401f04       0xc8 c:/program files (x86)/atmel/studio/7.0/toolchain/arm/arm-gnu-toolchain/bin/../lib/gcc/arm-none-eabi/6.2.1/../../../../arm-none-eabi/lib/thumb/v7-m\libc.a(lib_a-wsetup.o)
                0x00401f04                __swsetup_r
 .text.startup.register_fini
                0x00401fcc       0x14 c:/program files (x86)/atmel/studio/7.0/toolchain/arm/arm-gnu-toolchain/bin/../lib/gcc/arm-none-eabi/6.2.1/../../../../arm-none-eabi/lib/thumb/v7-m\libc.a(lib_a-__call_atexit.o)
 .text.atexit   0x00401fe0        0xc c:/program files (x86)/atmel/studio/7.0/toolchain/arm/arm-gnu-toolchain/bin/../lib/gcc/arm-none-eabi/6.2.1/../../../../arm-none-eabi/lib/thumb/v7-m\libc.a(lib_a-atexit.o)
                0x00401fe0                atexit
 .text.__sflush_r
                0x00401fec      0x138 c:/program files (x86)/atmel/studio/7.0/toolchain/arm/arm-gnu-toolchain/bin/../lib/gcc/arm-none-eabi/6.2.1/../../../../arm-none-eabi/lib/thumb/v7-m\libc.a(lib_a-fflush.o)
                0x00401fec                __sflush_r
 .text._fflush_r
                0x00402124       0x2c c:/program files (x86)/atmel/studio/7.0/toolchain/arm/arm-gnu-toolchain/bin/../lib/gcc/arm-none-eabi/6.2.1/../../../../arm-none-eabi/lib/thumb/v7-m\libc.a(lib_a-fflush.o)
                0x00402124                _fflush_r
 .text._cleanup_r
                0x00402150        0xc c:/program files (x86)/atmel/studio/7.0/toolchain/arm/arm-gnu-toolchain/bin/../lib/gcc/arm-none-eabi/6.2.1/../../../../arm-none-eabi/lib/thumb/v7-m\libc.a(lib_a-findfp.o)
                0x00402150                _cleanup_r
 .text.__sinit.part.1
                0x0040215c       0xf0 c:/program files (x86)/atmel/studio/7.0/toolchain/arm/arm-gnu-toolchain/bin/../lib/gcc/arm-none-eabi/6.2.1/../../../../arm-none-eabi/lib/thumb/v7-m\libc.a(lib_a-findfp.o)
 .text.__sinit  0x0040224c        0xc c:/program files (x86)/atmel/studio/7.0/toolchain/arm/arm-gnu-toolchain/bin/../lib/gcc/arm-none-eabi/6.2.1/../../../../arm-none-eabi/lib/thumb/v7-m\libc.a(lib_a-findfp.o)
                0x0040224c                __sinit
 .text.__sfp_lock_acquire
                0x00402258        0x4 c:/program files (x86)/atmel/studio/7.0/toolchain/arm/arm-gnu-toolchain/bin/../lib/gcc/arm-none-eabi/6.2.1/../../../../arm-none-eabi/lib/thumb/v7-m\libc.a(lib_a-findfp.o)
                0x00402258                __sfp_lock_acquire
 .text.__sfp_lock_release
                0x0040225c        0x4 c:/program files (x86)/atmel/studio/7.0/toolchain/arm/arm-gnu-toolchain/bin/../lib/gcc/arm-none-eabi/6.2.1/../../../../arm-none-eabi/lib/thumb/v7-m\libc.a(lib_a-findfp.o)
                0x0040225c                __sfp_lock_release
 .text.__libc_fini_array
                0x00402260       0x34 c:/program files (x86)/atmel/studio/7.0/toolchain/arm/arm-gnu-toolchain/bin/../lib/gcc/arm-none-eabi/6.2.1/../../../../arm-none-eabi/lib/thumb/v7-m\libc.a(lib_a-fini.o)
                0x00402260                __libc_fini_array
 .text.__fputwc
                0x00402294       0x98 c:/program files (x86)/atmel/studio/7.0/toolchain/arm/arm-gnu-toolchain/bin/../lib/gcc/arm-none-eabi/6.2.1/../../../../arm-none-eabi/lib/thumb/v7-m\libc.a(lib_a-fputwc.o)
                0x00402294                __fputwc
 .text._fputwc_r
                0x0040232c       0x24 c:/program files (x86)/atmel/studio/7.0/toolchain/arm/arm-gnu-toolchain/bin/../lib/gcc/arm-none-eabi/6.2.1/../../../../arm-none-eabi/lib/thumb/v7-m\libc.a(lib_a-fputwc.o)
                0x0040232c                _fputwc_r
 .text._malloc_trim_r
                0x00402350       0xa0 c:/program files (x86)/atmel/studio/7.0/toolchain/arm/arm-gnu-toolchain/bin/../lib/gcc/arm-none-eabi/6.2.1/../../../../arm-none-eabi/lib/thumb/v7-m\libc.a(lib_a-freer.o)
                0x00402350                _malloc_trim_r
 .text._free_r  0x004023f0      0x1cc c:/program files (x86)/atmel/studio/7.0/toolchain/arm/arm-gnu-toolchain/bin/../lib/gcc/arm-none-eabi/6.2.1/../../../../arm-none-eabi/lib/thumb/v7-m\libc.a(lib_a-freer.o)
                0x004023f0                _free_r
 .text.__sfvwrite_r
                0x004025bc      0x2f4 c:/program files (x86)/atmel/studio/7.0/toolchain/arm/arm-gnu-toolchain/bin/../lib/gcc/arm-none-eabi/6.2.1/../../../../arm-none-eabi/lib/thumb/v7-m\libc.a(lib_a-fvwrite.o)
                0x004025bc                __sfvwrite_r
 .text._fwalk_reent
                0x004028b0       0x50 c:/program files (x86)/atmel/studio/7.0/toolchain/arm/arm-gnu-toolchain/bin/../lib/gcc/arm-none-eabi/6.2.1/../../../../arm-none-eabi/lib/thumb/v7-m\libc.a(lib_a-fwalk.o)
                0x004028b0                _fwalk_reent
 .text.__locale_mb_cur_max
                0x00402900       0x1c c:/program files (x86)/atmel/studio/7.0/toolchain/arm/arm-gnu-toolchain/bin/../lib/gcc/arm-none-eabi/6.2.1/../../../../arm-none-eabi/lib/thumb/v7-m\libc.a(lib_a-locale.o)
                0x00402900                __locale_mb_cur_max
 .text.__swhatbuf_r
                0x0040291c       0x5c c:/program files (x86)/atmel/studio/7.0/toolchain/arm/arm-gnu-toolchain/bin/../lib/gcc/arm-none-eabi/6.2.1/../../../../arm-none-eabi/lib/thumb/v7-m\libc.a(lib_a-makebuf.o)
                0x0040291c                __swhatbuf_r
 .text.__smakebuf_r
                0x00402978       0x88 c:/program files (x86)/atmel/studio/7.0/toolchain/arm/arm-gnu-toolchain/bin/../lib/gcc/arm-none-eabi/6.2.1/../../../../arm-none-eabi/lib/thumb/v7-m\libc.a(lib_a-makebuf.o)
                0x00402978                __smakebuf_r
 .text.malloc   0x00402a00       0x10 c:/program files (x86)/atmel/studio/7.0/toolchain/arm/arm-gnu-toolchain/bin/../lib/gcc/arm-none-eabi/6.2.1/../../../../arm-none-eabi/lib/thumb/v7-m\libc.a(lib_a-malloc.o)
                0x00402a00                malloc
 .text._malloc_r
                0x00402a10      0x544 c:/program files (x86)/atmel/studio/7.0/toolchain/arm/arm-gnu-toolchain/bin/../lib/gcc/arm-none-eabi/6.2.1/../../../../arm-none-eabi/lib/thumb/v7-m\libc.a(lib_a-mallocr.o)
                0x00402a10                _malloc_r
 .text.__ascii_mbtowc
                0x00402f54       0x2c c:/program files (x86)/atmel/studio/7.0/toolchain/arm/arm-gnu-toolchain/bin/../lib/gcc/arm-none-eabi/6.2.1/../../../../arm-none-eabi/lib/thumb/v7-m\libc.a(lib_a-mbtowc_r.o)
                0x00402f54                __ascii_mbtowc
 .text.memchr   0x00402f80       0x8c c:/program files (x86)/atmel/studio/7.0/toolchain/arm/arm-gnu-toolchain/bin/../lib/gcc/arm-none-eabi/6.2.1/../../../../arm-none-eabi/lib/thumb/v7-m\libc.a(lib_a-memchr-stub.o)
                0x00402f80                memchr
 .text          0x0040300c       0xec c:/program files (x86)/atmel/studio/7.0/toolchain/arm/arm-gnu-toolchain/bin/../lib/gcc/arm-none-eabi/6.2.1/../../../../arm-none-eabi/lib/thumb/v7-m\libc.a(lib_a-memcpy.o)
                0x0040300c                memcpy
 .text.memmove  0x004030f8       0xc8 c:/program files (x86)/atmel/studio/7.0/toolchain/arm/arm-gnu-toolchain/bin/../lib/gcc/arm-none-eabi/6.2.1/../../../../arm-none-eabi/lib/thumb/v7-m\libc.a(lib_a-memmove.o)
                0x004030f8                memmove
 .text.__malloc_lock
                0x004031c0        0x4 c:/program files (x86)/atmel/studio/7.0/toolchain/arm/arm-gnu-toolchain/bin/../lib/gcc/arm-none-eabi/6.2.1/../../../../arm-none-eabi/lib/thumb/v7-m\libc.a(lib_a-mlock.o)
                0x004031c0                __malloc_lock
 .text.__malloc_unlock
                0x004031c4        0x4 c:/program files (x86)/atmel/studio/7.0/toolchain/arm/arm-gnu-toolchain/bin/../lib/gcc/arm-none-eabi/6.2.1/../../../../arm-none-eabi/lib/thumb/v7-m\libc.a(lib_a-mlock.o)
                0x004031c4                __malloc_unlock
 .text._realloc_r
                0x004031c8      0x36c c:/program files (x86)/atmel/studio/7.0/toolchain/arm/arm-gnu-toolchain/bin/../lib/gcc/arm-none-eabi/6.2.1/../../../../arm-none-eabi/lib/thumb/v7-m\libc.a(lib_a-reallocr.o)
                0x004031c8                _realloc_r
 .text._sbrk_r  0x00403534       0x24 c:/program files (x86)/atmel/studio/7.0/toolchain/arm/arm-gnu-toolchain/bin/../lib/gcc/arm-none-eabi/6.2.1/../../../../arm-none-eabi/lib/thumb/v7-m\libc.a(lib_a-sbrkr.o)
                0x00403534                _sbrk_r
 .text.__sread  0x00403558       0x24 c:/program files (x86)/atmel/studio/7.0/toolchain/arm/arm-gnu-toolchain/bin/../lib/gcc/arm-none-eabi/6.2.1/../../../../arm-none-eabi/lib/thumb/v7-m\libc.a(lib_a-stdio.o)
                0x00403558                __sread
 .text.__swrite
                0x0040357c       0x3c c:/program files (x86)/atmel/studio/7.0/toolchain/arm/arm-gnu-toolchain/bin/../lib/gcc/arm-none-eabi/6.2.1/../../../../arm-none-eabi/lib/thumb/v7-m\libc.a(lib_a-stdio.o)
                0x0040357c                __swrite
 .text.__sseek  0x004035b8       0x20 c:/program files (x86)/atmel/studio/7.0/toolchain/arm/arm-gnu-toolchain/bin/../lib/gcc/arm-none-eabi/6.2.1/../../../../arm-none-eabi/lib/thumb/v7-m\libc.a(lib_a-stdio.o)
                0x004035b8                __sseek
 .text.__sclose
                0x004035d8        0x8 c:/program files (x86)/atmel/studio/7.0/toolchain/arm/arm-gnu-toolchain/bin/../lib/gcc/arm-none-eabi/6.2.1/../../../../arm-none-eabi/lib/thumb/v7-m\libc.a(lib_a-stdio.o)
                0x004035d8                __sclose
 .text.__swbuf_r
                0x004035e0       0xb0 c:/program files (x86)/atmel/studio/7.0/toolchain/arm/arm-gnu-toolchain/bin/../lib/gcc/arm-none-eabi/6.2.1/../../../../arm-none-eabi/lib/thumb/v7-m\libc.a(lib_a-wbuf.o)
                0x004035e0                __swbuf_r
 .text._wcrtomb_r
                0x00403690       0x54 c:/program files (x86)/atmel/studio/7.0/toolchain/arm/arm-gnu-toolchain/bin/../lib/gcc/arm-none-eabi/6.2.1/../../../../arm-none-eabi/lib/thumb/v7-m\libc.a(lib_a-wcrtomb.o)
                0x00403690                _wcrtomb_r
 .text.__ascii_wctomb
                0x004036e4       0x18 c:/program files (x86)/atmel/studio/7.0/toolchain/arm/arm-gnu-toolchain/bin/../lib/gcc/arm-none-eabi/6.2.1/../../../../arm-none-eabi/lib/thumb/v7-m\libc.a(lib_a-wctomb_r.o)
                0x004036e4                __ascii_wctomb
 .text._write_r
                0x004036fc       0x2c c:/program files (x86)/atmel/studio/7.0/toolchain/arm/arm-gnu-toolchain/bin/../lib/gcc/arm-none-eabi/6.2.1/../../../../arm-none-eabi/lib/thumb/v7-m\libc.a(lib_a-writer.o)
                0x004036fc                _write_r
 .text.__register_exitproc
                0x00403728       0xac c:/program files (x86)/atmel/studio/7.0/toolchain/arm/arm-gnu-toolchain/bin/../lib/gcc/arm-none-eabi/6.2.1/../../../../arm-none-eabi/lib/thumb/v7-m\libc.a(lib_a-__atexit.o)
                0x00403728                __register_exitproc
 .text._close_r
                0x004037d4       0x24 c:/program files (x86)/atmel/studio/7.0/toolchain/arm/arm-gnu-toolchain/bin/../lib/gcc/arm-none-eabi/6.2.1/../../../../arm-none-eabi/lib/thumb/v7-m\libc.a(lib_a-closer.o)
                0x004037d4                _close_r
 .text._fclose_r
                0x004037f8       0x80 c:/program files (x86)/atmel/studio/7.0/toolchain/arm/arm-gnu-toolchain/bin/../lib/gcc/arm-none-eabi/6.2.1/../../../../arm-none-eabi/lib/thumb/v7-m\libc.a(lib_a-fclose.o)
                0x004037f8                _fclose_r
 .text._fstat_r
                0x00403878       0x28 c:/program files (x86)/atmel/studio/7.0/toolchain/arm/arm-gnu-toolchain/bin/../lib/gcc/arm-none-eabi/6.2.1/../../../../arm-none-eabi/lib/thumb/v7-m\libc.a(lib_a-fstatr.o)
                0x00403878                _fstat_r
 .text._isatty_r
                0x004038a0       0x24 c:/program files (x86)/atmel/studio/7.0/toolchain/arm/arm-gnu-toolchain/bin/../lib/gcc/arm-none-eabi/6.2.1/../../../../arm-none-eabi/lib/thumb/v7-m\libc.a(lib_a-isattyr.o)
                0x004038a0                _isatty_r
 .text._lseek_r
                0x004038c4       0x2c c:/program files (x86)/atmel/studio/7.0/toolchain/arm/arm-gnu-toolchain/bin/../lib/gcc/arm-none-eabi/6.2.1/../../../../arm-none-eabi/lib/thumb/v7-m\libc.a(lib_a-lseekr.o)
                0x004038c4                _lseek_r
 .text._read_r  0x004038f0       0x2c c:/program files (x86)/atmel/studio/7.0/toolchain/arm/arm-gnu-toolchain/bin/../lib/gcc/arm-none-eabi/6.2.1/../../../../arm-none-eabi/lib/thumb/v7-m\libc.a(lib_a-readr.o)
                0x004038f0                _read_r
 .text          0x0040391c       0x30 c:/program files (x86)/atmel/studio/7.0/toolchain/arm/arm-gnu-toolchain/bin/../lib/gcc/arm-none-eabi/6.2.1/thumb/v7-m\libgcc.a(_aeabi_uldivmod.o)
                0x0040391c                __aeabi_uldivmod
 .text          0x0040394c      0x2dc c:/program files (x86)/atmel/studio/7.0/toolchain/arm/arm-gnu-toolchain/bin/../lib/gcc/arm-none-eabi/6.2.1/thumb/v7-m\libgcc.a(_udivmoddi4.o)
                0x0040394c                __udivmoddi4
 .text          0x00403c28        0x4 c:/program files (x86)/atmel/studio/7.0/toolchain/arm/arm-gnu-toolchain/bin/../lib/gcc/arm-none-eabi/6.2.1/thumb/v7-m\libgcc.a(_dvmd_tls.o)
                0x00403c28                __aeabi_idiv0
                0x00403c28                __aeabi_ldiv0
 *(.glue_7t)
 .glue_7t       0x00403c2c        0x0 linker stubs
 *(.glue_7)
 .glue_7        0x00403c2c        0x0 linker stubs
 *(.rodata .rodata* .gnu.linkonce.r.*)
 .rodata        0x00403c2c       0x2c src/ASF/sam/drivers/pwm/pwm.o
 .rodata.main.str1.4
                0x00403c58       0x4d src/pwm_led_example.o
 *fill*         0x00403ca5        0x3 
 .rodata.vConfigureSensorISR.str1.4
                0x00403ca8       0x3a src/pwm_led_example.o
 *fill*         0x00403ce2        0x2 
 .rodata.vSensorISR.str1.4
                0x00403ce4       0x20 src/pwm_led_example.o
 .rodata._global_impure_ptr
                0x00403d04        0x4 c:/program files (x86)/atmel/studio/7.0/toolchain/arm/arm-gnu-toolchain/bin/../lib/gcc/arm-none-eabi/6.2.1/../../../../arm-none-eabi/lib/thumb/v7-m\libc.a(lib_a-impure.o)
                0x00403d04                _global_impure_ptr
 .rodata._puts_r.str1.4
                0x00403d08       0x20 c:/program files (x86)/atmel/studio/7.0/toolchain/arm/arm-gnu-toolchain/bin/../lib/gcc/arm-none-eabi/6.2.1/../../../../arm-none-eabi/lib/thumb/v7-m\libc.a(lib_a-puts.o)
                                  0x2 (size before relaxing)
 .rodata._vfiprintf_r.str1.4
                0x00403d08       0x2f c:/program files (x86)/atmel/studio/7.0/toolchain/arm/arm-gnu-toolchain/bin/../lib/gcc/arm-none-eabi/6.2.1/../../../../arm-none-eabi/lib/thumb/v7-m\libc.a(lib_a-vfiprintf.o)
 *fill*         0x00403d37        0x1 
 .rodata.blanks.7202
                0x00403d38       0x10 c:/program files (x86)/atmel/studio/7.0/toolchain/arm/arm-gnu-toolchain/bin/../lib/gcc/arm-none-eabi/6.2.1/../../../../arm-none-eabi/lib/thumb/v7-m\libc.a(lib_a-vfiprintf.o)
 .rodata.zeroes.7203
                0x00403d48       0x10 c:/program files (x86)/atmel/studio/7.0/toolchain/arm/arm-gnu-toolchain/bin/../lib/gcc/arm-none-eabi/6.2.1/../../../../arm-none-eabi/lib/thumb/v7-m\libc.a(lib_a-vfiprintf.o)
 .rodata._setlocale_r.str1.4
                0x00403d58        0xa c:/program files (x86)/atmel/studio/7.0/toolchain/arm/arm-gnu-toolchain/bin/../lib/gcc/arm-none-eabi/6.2.1/../../../../arm-none-eabi/lib/thumb/v7-m\libc.a(lib_a-locale.o)
                                  0xd (size before relaxing)
 *fill*         0x00403d62        0x2 
 .rodata.str1.4
                0x00403d64        0x4 c:/program files (x86)/atmel/studio/7.0/toolchain/arm/arm-gnu-toolchain/bin/../lib/gcc/arm-none-eabi/6.2.1/../../../../arm-none-eabi/lib/thumb/v7-m\libc.a(lib_a-locale.o)
                                  0x2 (size before relaxing)
 .rodata._ctype_
                0x00403d68      0x101 c:/program files (x86)/atmel/studio/7.0/toolchain/arm/arm-gnu-toolchain/bin/../lib/gcc/arm-none-eabi/6.2.1/../../../../arm-none-eabi/lib/thumb/v7-m\libc.a(lib_a-ctype_.o)
                0x00403d68                _ctype_
 *(.ARM.extab* .gnu.linkonce.armextab.*)
                0x00403e6c                . = ALIGN (0x4)
 *fill*         0x00403e69        0x3 
 *(.init)
 .init          0x00403e6c        0x4 c:/program files (x86)/atmel/studio/7.0/toolchain/arm/arm-gnu-toolchain/bin/../lib/gcc/arm-none-eabi/6.2.1/thumb/v7-m/crti.o
                0x00403e6c                _init
 .init          0x00403e70        0x8 c:/program files (x86)/atmel/studio/7.0/toolchain/arm/arm-gnu-toolchain/bin/../lib/gcc/arm-none-eabi/6.2.1/thumb/v7-m/crtn.o
                0x00403e78                . = ALIGN (0x4)
                0x00403e78                __preinit_array_start = .
 *(.preinit_array)
                0x00403e78                __preinit_array_end = .
                0x00403e78                . = ALIGN (0x4)
                0x00403e78                __init_array_start = .
 *(SORT(.init_array.*))
 .init_array.00000
                0x00403e78        0x4 c:/program files (x86)/atmel/studio/7.0/toolchain/arm/arm-gnu-toolchain/bin/../lib/gcc/arm-none-eabi/6.2.1/../../../../arm-none-eabi/lib/thumb/v7-m\libc.a(lib_a-__call_atexit.o)
 *(.init_array)
 .init_array    0x00403e7c        0x4 c:/program files (x86)/atmel/studio/7.0/toolchain/arm/arm-gnu-toolchain/bin/../lib/gcc/arm-none-eabi/6.2.1/thumb/v7-m/crtbegin.o
                0x00403e80                __init_array_end = .
                0x00403e80                . = ALIGN (0x4)
 *crtbegin.o(.ctors)
 *(EXCLUDE_FILE(*crtend.o) .ctors)
 *(SORT(.ctors.*))
 *crtend.o(.ctors)
                0x00403e80                . = ALIGN (0x4)
 *(.fini)
 .fini          0x00403e80        0x4 c:/program files (x86)/atmel/studio/7.0/toolchain/arm/arm-gnu-toolchain/bin/../lib/gcc/arm-none-eabi/6.2.1/thumb/v7-m/crti.o
                0x00403e80                _fini
 .fini          0x00403e84        0x8 c:/program files (x86)/atmel/studio/7.0/toolchain/arm/arm-gnu-toolchain/bin/../lib/gcc/arm-none-eabi/6.2.1/thumb/v7-m/crtn.o
                0x00403e8c                . = ALIGN (0x4)
                0x00403e8c                __fini_array_start = .
 *(.fini_array)
 .fini_array    0x00403e8c        0x4 c:/program files (x86)/atmel/studio/7.0/toolchain/arm/arm-gnu-toolchain/bin/../lib/gcc/arm-none-eabi/6.2.1/thumb/v7-m/crtbegin.o
 *(SORT(.fini_array.*))
                0x00403e90                __fini_array_end = .
 *crtbegin.o(.dtors)
 *(EXCLUDE_FILE(*crtend.o) .dtors)
 *(SORT(.dtors.*))
 *crtend.o(.dtors)
                0x00403e90                . = ALIGN (0x4)
                0x00403e90                _efixed = .
                [!provide]                PROVIDE (__exidx_start, .)

.vfp11_veneer   0x00403e90        0x0
 .vfp11_veneer  0x00403e90        0x0 linker stubs

.v4_bx          0x00403e90        0x0
 .v4_bx         0x00403e90        0x0 linker stubs

.iplt           0x00403e90        0x0
 .iplt          0x00403e90        0x0 c:/program files (x86)/atmel/studio/7.0/toolchain/arm/arm-gnu-toolchain/bin/../lib/gcc/arm-none-eabi/6.2.1/thumb/v7-m/crtbegin.o

.ARM.exidx      0x00403e90        0x8
 *(.ARM.exidx* .gnu.linkonce.armexidx.*)
 .ARM.exidx     0x00403e90        0x8 c:/program files (x86)/atmel/studio/7.0/toolchain/arm/arm-gnu-toolchain/bin/../lib/gcc/arm-none-eabi/6.2.1/thumb/v7-m\libgcc.a(_udivmoddi4.o)
                [!provide]                PROVIDE (__exidx_end, .)

.eh_frame       0x00403e98        0x0
 .eh_frame      0x00403e98        0x0 c:/program files (x86)/atmel/studio/7.0/toolchain/arm/arm-gnu-toolchain/bin/../lib/gcc/arm-none-eabi/6.2.1/thumb/v7-m/crtbegin.o

.rel.dyn        0x00403e98        0x0
 .rel.iplt      0x00403e98        0x0 c:/program files (x86)/atmel/studio/7.0/toolchain/arm/arm-gnu-toolchain/bin/../lib/gcc/arm-none-eabi/6.2.1/thumb/v7-m/crtbegin.o

.jcr            0x00403e98        0x0
 .jcr           0x00403e98        0x0 c:/program files (x86)/atmel/studio/7.0/toolchain/arm/arm-gnu-toolchain/bin/../lib/gcc/arm-none-eabi/6.2.1/thumb/v7-m/crtbegin.o

.igot.plt       0x00403e98        0x0
 .igot.plt      0x00403e98        0x0 c:/program files (x86)/atmel/studio/7.0/toolchain/arm/arm-gnu-toolchain/bin/../lib/gcc/arm-none-eabi/6.2.1/thumb/v7-m/crtbegin.o
                0x00403e98                . = ALIGN (0x4)
                0x00403e98                _etext = .

.relocate       0x20000000      0xa94 load address 0x00403e98
                0x20000000                . = ALIGN (0x4)
                0x20000000                _srelocate = .
 *(.ramfunc .ramfunc.*)
 .ramfunc       0x20000000       0xe4 src/ASF/sam/utils/cmsis/sam3n/source/templates/system_sam3n.o
                0x20000000                SystemInit
                0x200000a0                system_init_flash
 *(.data .data.*)
 .data.SystemCoreClock
                0x200000e4        0x4 src/ASF/sam/utils/cmsis/sam3n/source/templates/system_sam3n.o
                0x200000e4                SystemCoreClock
 .data.fade_in.7674
                0x200000e8        0x1 src/pwm_led_example.o
 *fill*         0x200000e9        0x3 
 .data._impure_ptr
                0x200000ec        0x4 c:/program files (x86)/atmel/studio/7.0/toolchain/arm/arm-gnu-toolchain/bin/../lib/gcc/arm-none-eabi/6.2.1/../../../../arm-none-eabi/lib/thumb/v7-m\libc.a(lib_a-impure.o)
                0x200000ec                _impure_ptr
 .data.impure_data
                0x200000f0      0x428 c:/program files (x86)/atmel/studio/7.0/toolchain/arm/arm-gnu-toolchain/bin/../lib/gcc/arm-none-eabi/6.2.1/../../../../arm-none-eabi/lib/thumb/v7-m\libc.a(lib_a-impure.o)
 .data.__global_locale
                0x20000518      0x16c c:/program files (x86)/atmel/studio/7.0/toolchain/arm/arm-gnu-toolchain/bin/../lib/gcc/arm-none-eabi/6.2.1/../../../../arm-none-eabi/lib/thumb/v7-m\libc.a(lib_a-locale.o)
                0x20000518                __global_locale
 .data.__malloc_av_
                0x20000684      0x408 c:/program files (x86)/atmel/studio/7.0/toolchain/arm/arm-gnu-toolchain/bin/../lib/gcc/arm-none-eabi/6.2.1/../../../../arm-none-eabi/lib/thumb/v7-m\libc.a(lib_a-mallocr.o)
                0x20000684                __malloc_av_
 .data.__malloc_sbrk_base
                0x20000a8c        0x4 c:/program files (x86)/atmel/studio/7.0/toolchain/arm/arm-gnu-toolchain/bin/../lib/gcc/arm-none-eabi/6.2.1/../../../../arm-none-eabi/lib/thumb/v7-m\libc.a(lib_a-mallocr.o)
                0x20000a8c                __malloc_sbrk_base
 .data.__malloc_trim_threshold
                0x20000a90        0x4 c:/program files (x86)/atmel/studio/7.0/toolchain/arm/arm-gnu-toolchain/bin/../lib/gcc/arm-none-eabi/6.2.1/../../../../arm-none-eabi/lib/thumb/v7-m\libc.a(lib_a-mallocr.o)
                0x20000a90                __malloc_trim_threshold
                0x20000a94                . = ALIGN (0x4)
                0x20000a94                _erelocate = .

.bss            0x20000a94       0xf8 load address 0x0040492c
                0x20000a94                . = ALIGN (0x4)
                0x20000a94                _sbss = .
                0x20000a94                _szero = .
 *(.bss .bss.*)
 .bss           0x20000a94       0x1c c:/program files (x86)/atmel/studio/7.0/toolchain/arm/arm-gnu-toolchain/bin/../lib/gcc/arm-none-eabi/6.2.1/thumb/v7-m/crtbegin.o
 .bss.gs_interrupt_sources
                0x20000ab0       0x70 src/ASF/sam/drivers/pio/pio_handler.o
 .bss.gs_ul_nb_sources
                0x20000b20        0x4 src/ASF/sam/drivers/pio/pio_handler.o
 .bss.heap.5277
                0x20000b24        0x4 src/ASF/sam/utils/syscalls/gcc/syscalls.o
 .bss.i         0x20000b28        0x4 src/pwm_led_example.o
                0x20000b28                i
 .bss.ul_count.7672
                0x20000b2c        0x4 src/pwm_led_example.o
 .bss.ul_duty.7673
                0x20000b30        0x4 src/pwm_led_example.o
 .bss.__malloc_current_mallinfo
                0x20000b34       0x28 c:/program files (x86)/atmel/studio/7.0/toolchain/arm/arm-gnu-toolchain/bin/../lib/gcc/arm-none-eabi/6.2.1/../../../../arm-none-eabi/lib/thumb/v7-m\libc.a(lib_a-mallocr.o)
                0x20000b34                __malloc_current_mallinfo
 .bss.__malloc_max_sbrked_mem
                0x20000b5c        0x4 c:/program files (x86)/atmel/studio/7.0/toolchain/arm/arm-gnu-toolchain/bin/../lib/gcc/arm-none-eabi/6.2.1/../../../../arm-none-eabi/lib/thumb/v7-m\libc.a(lib_a-mallocr.o)
                0x20000b5c                __malloc_max_sbrked_mem
 .bss.__malloc_max_total_mem
                0x20000b60        0x4 c:/program files (x86)/atmel/studio/7.0/toolchain/arm/arm-gnu-toolchain/bin/../lib/gcc/arm-none-eabi/6.2.1/../../../../arm-none-eabi/lib/thumb/v7-m\libc.a(lib_a-mallocr.o)
                0x20000b60                __malloc_max_total_mem
 .bss.__malloc_top_pad
                0x20000b64        0x4 c:/program files (x86)/atmel/studio/7.0/toolchain/arm/arm-gnu-toolchain/bin/../lib/gcc/arm-none-eabi/6.2.1/../../../../arm-none-eabi/lib/thumb/v7-m\libc.a(lib_a-mallocr.o)
                0x20000b64                __malloc_top_pad
 *(COMMON)
 COMMON         0x20000b68        0x4 src/ASF/common/utils/stdio/read.o
                0x20000b68                ptr_get
 COMMON         0x20000b6c        0x8 src/ASF/common/utils/stdio/write.o
                0x20000b6c                ptr_put
                0x20000b70                stdio_base
 COMMON         0x20000b74       0x14 src/pwm_led_example.o
                0x20000b74                g_pwm_channel_led
 COMMON         0x20000b88        0x4 c:/program files (x86)/atmel/studio/7.0/toolchain/arm/arm-gnu-toolchain/bin/../lib/gcc/arm-none-eabi/6.2.1/../../../../arm-none-eabi/lib/thumb/v7-m\libc.a(lib_a-reent.o)
                0x20000b88                errno
                0x20000b8c                . = ALIGN (0x4)
                0x20000b8c                _ebss = .
                0x20000b8c                _ezero = .

.stack          0x20000b8c      0x804 load address 0x00404a24
                0x20000b90                . = ALIGN (0x8)
 *fill*         0x20000b8c        0x4 
                0x20000b90                _sstack = .
                0x20001390                . = (. + __stack_size__)
 *fill*         0x20000b90      0x800 
                0x20001390                . = ALIGN (0x8)
                0x20001390                _estack = .
                0x20001390                . = ALIGN (0x4)
                0x20001390                _end = .
OUTPUT(PWM_PWM_LED_EXAMPLE2.elf elf32-littlearm)

.ARM.attributes
                0x00000000       0x29
 .ARM.attributes
                0x00000000       0x1d c:/program files (x86)/atmel/studio/7.0/toolchain/arm/arm-gnu-toolchain/bin/../lib/gcc/arm-none-eabi/6.2.1/thumb/v7-m/crti.o
 .ARM.attributes
                0x0000001d       0x2d c:/program files (x86)/atmel/studio/7.0/toolchain/arm/arm-gnu-toolchain/bin/../lib/gcc/arm-none-eabi/6.2.1/thumb/v7-m/crtbegin.o
 .ARM.attributes
                0x0000004a       0x33 src/ASF/common/services/clock/sam3n/sysclk.o
 .ARM.attributes
                0x0000007d       0x33 src/ASF/common/utils/stdio/read.o
 .ARM.attributes
                0x000000b0       0x33 src/ASF/common/utils/stdio/write.o
 .ARM.attributes
                0x000000e3       0x33 src/ASF/sam/boards/sam3n_ek/init.o
 .ARM.attributes
                0x00000116       0x33 src/ASF/sam/drivers/pio/pio.o
 .ARM.attributes
                0x00000149       0x33 src/ASF/sam/drivers/pio/pio_handler.o
 .ARM.attributes
                0x0000017c       0x33 src/ASF/sam/drivers/pmc/pmc.o
 .ARM.attributes
                0x000001af       0x33 src/ASF/sam/drivers/pwm/pwm.o
 .ARM.attributes
                0x000001e2       0x33 src/ASF/sam/drivers/uart/uart.o
 .ARM.attributes
                0x00000215       0x33 src/ASF/sam/drivers/usart/usart.o
 .ARM.attributes
                0x00000248       0x33 src/ASF/sam/utils/cmsis/sam3n/source/templates/exceptions.o
 .ARM.attributes
                0x0000027b       0x33 src/ASF/sam/utils/cmsis/sam3n/source/templates/gcc/startup_sam3n.o
 .ARM.attributes
                0x000002ae       0x33 src/ASF/sam/utils/cmsis/sam3n/source/templates/system_sam3n.o
 .ARM.attributes
                0x000002e1       0x33 src/ASF/sam/utils/syscalls/gcc/syscalls.o
 .ARM.attributes
                0x00000314       0x33 src/pwm_led_example.o
 .ARM.attributes
                0x00000347       0x2d c:/program files (x86)/atmel/studio/7.0/toolchain/arm/arm-gnu-toolchain/bin/../lib/gcc/arm-none-eabi/6.2.1/../../../../arm-none-eabi/lib/thumb/v7-m\libc.a(lib_a-impure.o)
 .ARM.attributes
                0x00000374       0x2d c:/program files (x86)/atmel/studio/7.0/toolchain/arm/arm-gnu-toolchain/bin/../lib/gcc/arm-none-eabi/6.2.1/../../../../arm-none-eabi/lib/thumb/v7-m\libc.a(lib_a-init.o)
 .ARM.attributes
                0x000003a1       0x2d c:/program files (x86)/atmel/studio/7.0/toolchain/arm/arm-gnu-toolchain/bin/../lib/gcc/arm-none-eabi/6.2.1/../../../../arm-none-eabi/lib/thumb/v7-m\libc.a(lib_a-iprintf.o)
 .ARM.attributes
                0x000003ce       0x2d c:/program files (x86)/atmel/studio/7.0/toolchain/arm/arm-gnu-toolchain/bin/../lib/gcc/arm-none-eabi/6.2.1/../../../../arm-none-eabi/lib/thumb/v7-m\libc.a(lib_a-memset.o)
 .ARM.attributes
                0x000003fb       0x2d c:/program files (x86)/atmel/studio/7.0/toolchain/arm/arm-gnu-toolchain/bin/../lib/gcc/arm-none-eabi/6.2.1/../../../../arm-none-eabi/lib/thumb/v7-m\libc.a(lib_a-puts.o)
 .ARM.attributes
                0x00000428       0x2d c:/program files (x86)/atmel/studio/7.0/toolchain/arm/arm-gnu-toolchain/bin/../lib/gcc/arm-none-eabi/6.2.1/../../../../arm-none-eabi/lib/thumb/v7-m\libc.a(lib_a-setbuf.o)
 .ARM.attributes
                0x00000455       0x2d c:/program files (x86)/atmel/studio/7.0/toolchain/arm/arm-gnu-toolchain/bin/../lib/gcc/arm-none-eabi/6.2.1/../../../../arm-none-eabi/lib/thumb/v7-m\libc.a(lib_a-setvbuf.o)
 .ARM.attributes
                0x00000482       0x2d c:/program files (x86)/atmel/studio/7.0/toolchain/arm/arm-gnu-toolchain/bin/../lib/gcc/arm-none-eabi/6.2.1/../../../../arm-none-eabi/lib/thumb/v7-m\libc.a(lib_a-strlen-stub.o)
 .ARM.attributes
                0x000004af       0x2d c:/program files (x86)/atmel/studio/7.0/toolchain/arm/arm-gnu-toolchain/bin/../lib/gcc/arm-none-eabi/6.2.1/../../../../arm-none-eabi/lib/thumb/v7-m\libc.a(lib_a-vfiprintf.o)
 .ARM.attributes
                0x000004dc       0x2d c:/program files (x86)/atmel/studio/7.0/toolchain/arm/arm-gnu-toolchain/bin/../lib/gcc/arm-none-eabi/6.2.1/../../../../arm-none-eabi/lib/thumb/v7-m\libc.a(lib_a-wsetup.o)
 .ARM.attributes
                0x00000509       0x2d c:/program files (x86)/atmel/studio/7.0/toolchain/arm/arm-gnu-toolchain/bin/../lib/gcc/arm-none-eabi/6.2.1/../../../../arm-none-eabi/lib/thumb/v7-m\libc.a(lib_a-__call_atexit.o)
 .ARM.attributes
                0x00000536       0x2d c:/program files (x86)/atmel/studio/7.0/toolchain/arm/arm-gnu-toolchain/bin/../lib/gcc/arm-none-eabi/6.2.1/../../../../arm-none-eabi/lib/thumb/v7-m\libc.a(lib_a-atexit.o)
 .ARM.attributes
                0x00000563       0x2d c:/program files (x86)/atmel/studio/7.0/toolchain/arm/arm-gnu-toolchain/bin/../lib/gcc/arm-none-eabi/6.2.1/../../../../arm-none-eabi/lib/thumb/v7-m\libc.a(lib_a-fflush.o)
 .ARM.attributes
                0x00000590       0x2d c:/program files (x86)/atmel/studio/7.0/toolchain/arm/arm-gnu-toolchain/bin/../lib/gcc/arm-none-eabi/6.2.1/../../../../arm-none-eabi/lib/thumb/v7-m\libc.a(lib_a-findfp.o)
 .ARM.attributes
                0x000005bd       0x2d c:/program files (x86)/atmel/studio/7.0/toolchain/arm/arm-gnu-toolchain/bin/../lib/gcc/arm-none-eabi/6.2.1/../../../../arm-none-eabi/lib/thumb/v7-m\libc.a(lib_a-fini.o)
 .ARM.attributes
                0x000005ea       0x2d c:/program files (x86)/atmel/studio/7.0/toolchain/arm/arm-gnu-toolchain/bin/../lib/gcc/arm-none-eabi/6.2.1/../../../../arm-none-eabi/lib/thumb/v7-m\libc.a(lib_a-fputwc.o)
 .ARM.attributes
                0x00000617       0x2d c:/program files (x86)/atmel/studio/7.0/toolchain/arm/arm-gnu-toolchain/bin/../lib/gcc/arm-none-eabi/6.2.1/../../../../arm-none-eabi/lib/thumb/v7-m\libc.a(lib_a-freer.o)
 .ARM.attributes
                0x00000644       0x2d c:/program files (x86)/atmel/studio/7.0/toolchain/arm/arm-gnu-toolchain/bin/../lib/gcc/arm-none-eabi/6.2.1/../../../../arm-none-eabi/lib/thumb/v7-m\libc.a(lib_a-fvwrite.o)
 .ARM.attributes
                0x00000671       0x2d c:/program files (x86)/atmel/studio/7.0/toolchain/arm/arm-gnu-toolchain/bin/../lib/gcc/arm-none-eabi/6.2.1/../../../../arm-none-eabi/lib/thumb/v7-m\libc.a(lib_a-fwalk.o)
 .ARM.attributes
                0x0000069e       0x2d c:/program files (x86)/atmel/studio/7.0/toolchain/arm/arm-gnu-toolchain/bin/../lib/gcc/arm-none-eabi/6.2.1/../../../../arm-none-eabi/lib/thumb/v7-m\libc.a(lib_a-locale.o)
 .ARM.attributes
                0x000006cb       0x2d c:/program files (x86)/atmel/studio/7.0/toolchain/arm/arm-gnu-toolchain/bin/../lib/gcc/arm-none-eabi/6.2.1/../../../../arm-none-eabi/lib/thumb/v7-m\libc.a(lib_a-makebuf.o)
 .ARM.attributes
                0x000006f8       0x2d c:/program files (x86)/atmel/studio/7.0/toolchain/arm/arm-gnu-toolchain/bin/../lib/gcc/arm-none-eabi/6.2.1/../../../../arm-none-eabi/lib/thumb/v7-m\libc.a(lib_a-malloc.o)
 .ARM.attributes
                0x00000725       0x2d c:/program files (x86)/atmel/studio/7.0/toolchain/arm/arm-gnu-toolchain/bin/../lib/gcc/arm-none-eabi/6.2.1/../../../../arm-none-eabi/lib/thumb/v7-m\libc.a(lib_a-mallocr.o)
 .ARM.attributes
                0x00000752       0x2d c:/program files (x86)/atmel/studio/7.0/toolchain/arm/arm-gnu-toolchain/bin/../lib/gcc/arm-none-eabi/6.2.1/../../../../arm-none-eabi/lib/thumb/v7-m\libc.a(lib_a-mbtowc_r.o)
 .ARM.attributes
                0x0000077f       0x2d c:/program files (x86)/atmel/studio/7.0/toolchain/arm/arm-gnu-toolchain/bin/../lib/gcc/arm-none-eabi/6.2.1/../../../../arm-none-eabi/lib/thumb/v7-m\libc.a(lib_a-memchr-stub.o)
 .ARM.attributes
                0x000007ac       0x1b c:/program files (x86)/atmel/studio/7.0/toolchain/arm/arm-gnu-toolchain/bin/../lib/gcc/arm-none-eabi/6.2.1/../../../../arm-none-eabi/lib/thumb/v7-m\libc.a(lib_a-memcpy.o)
 .ARM.attributes
                0x000007c7       0x2d c:/program files (x86)/atmel/studio/7.0/toolchain/arm/arm-gnu-toolchain/bin/../lib/gcc/arm-none-eabi/6.2.1/../../../../arm-none-eabi/lib/thumb/v7-m\libc.a(lib_a-memmove.o)
 .ARM.attributes
                0x000007f4       0x2d c:/program files (x86)/atmel/studio/7.0/toolchain/arm/arm-gnu-toolchain/bin/../lib/gcc/arm-none-eabi/6.2.1/../../../../arm-none-eabi/lib/thumb/v7-m\libc.a(lib_a-mlock.o)
 .ARM.attributes
                0x00000821       0x2d c:/program files (x86)/atmel/studio/7.0/toolchain/arm/arm-gnu-toolchain/bin/../lib/gcc/arm-none-eabi/6.2.1/../../../../arm-none-eabi/lib/thumb/v7-m\libc.a(lib_a-reallocr.o)
 .ARM.attributes
                0x0000084e       0x2d c:/program files (x86)/atmel/studio/7.0/toolchain/arm/arm-gnu-toolchain/bin/../lib/gcc/arm-none-eabi/6.2.1/../../../../arm-none-eabi/lib/thumb/v7-m\libc.a(lib_a-sbrkr.o)
 .ARM.attributes
                0x0000087b       0x2d c:/program files (x86)/atmel/studio/7.0/toolchain/arm/arm-gnu-toolchain/bin/../lib/gcc/arm-none-eabi/6.2.1/../../../../arm-none-eabi/lib/thumb/v7-m\libc.a(lib_a-stdio.o)
 .ARM.attributes
                0x000008a8       0x2d c:/program files (x86)/atmel/studio/7.0/toolchain/arm/arm-gnu-toolchain/bin/../lib/gcc/arm-none-eabi/6.2.1/../../../../arm-none-eabi/lib/thumb/v7-m\libc.a(lib_a-wbuf.o)
 .ARM.attributes
                0x000008d5       0x2d c:/program files (x86)/atmel/studio/7.0/toolchain/arm/arm-gnu-toolchain/bin/../lib/gcc/arm-none-eabi/6.2.1/../../../../arm-none-eabi/lib/thumb/v7-m\libc.a(lib_a-wcrtomb.o)
 .ARM.attributes
                0x00000902       0x2d c:/program files (x86)/atmel/studio/7.0/toolchain/arm/arm-gnu-toolchain/bin/../lib/gcc/arm-none-eabi/6.2.1/../../../../arm-none-eabi/lib/thumb/v7-m\libc.a(lib_a-wctomb_r.o)
 .ARM.attributes
                0x0000092f       0x2d c:/program files (x86)/atmel/studio/7.0/toolchain/arm/arm-gnu-toolchain/bin/../lib/gcc/arm-none-eabi/6.2.1/../../../../arm-none-eabi/lib/thumb/v7-m\libc.a(lib_a-writer.o)
 .ARM.attributes
                0x0000095c       0x2d c:/program files (x86)/atmel/studio/7.0/toolchain/arm/arm-gnu-toolchain/bin/../lib/gcc/arm-none-eabi/6.2.1/../../../../arm-none-eabi/lib/thumb/v7-m\libc.a(lib_a-__atexit.o)
 .ARM.attributes
                0x00000989       0x2d c:/program files (x86)/atmel/studio/7.0/toolchain/arm/arm-gnu-toolchain/bin/../lib/gcc/arm-none-eabi/6.2.1/../../../../arm-none-eabi/lib/thumb/v7-m\libc.a(lib_a-closer.o)
 .ARM.attributes
                0x000009b6       0x2d c:/program files (x86)/atmel/studio/7.0/toolchain/arm/arm-gnu-toolchain/bin/../lib/gcc/arm-none-eabi/6.2.1/../../../../arm-none-eabi/lib/thumb/v7-m\libc.a(lib_a-ctype_.o)
 .ARM.attributes
                0x000009e3       0x2d c:/program files (x86)/atmel/studio/7.0/toolchain/arm/arm-gnu-toolchain/bin/../lib/gcc/arm-none-eabi/6.2.1/../../../../arm-none-eabi/lib/thumb/v7-m\libc.a(lib_a-fclose.o)
 .ARM.attributes
                0x00000a10       0x2d c:/program files (x86)/atmel/studio/7.0/toolchain/arm/arm-gnu-toolchain/bin/../lib/gcc/arm-none-eabi/6.2.1/../../../../arm-none-eabi/lib/thumb/v7-m\libc.a(lib_a-fstatr.o)
 .ARM.attributes
                0x00000a3d       0x2d c:/program files (x86)/atmel/studio/7.0/toolchain/arm/arm-gnu-toolchain/bin/../lib/gcc/arm-none-eabi/6.2.1/../../../../arm-none-eabi/lib/thumb/v7-m\libc.a(lib_a-isattyr.o)
 .ARM.attributes
                0x00000a6a       0x2d c:/program files (x86)/atmel/studio/7.0/toolchain/arm/arm-gnu-toolchain/bin/../lib/gcc/arm-none-eabi/6.2.1/../../../../arm-none-eabi/lib/thumb/v7-m\libc.a(lib_a-lseekr.o)
 .ARM.attributes
                0x00000a97       0x2d c:/program files (x86)/atmel/studio/7.0/toolchain/arm/arm-gnu-toolchain/bin/../lib/gcc/arm-none-eabi/6.2.1/../../../../arm-none-eabi/lib/thumb/v7-m\libc.a(lib_a-readr.o)
 .ARM.attributes
                0x00000ac4       0x2d c:/program files (x86)/atmel/studio/7.0/toolchain/arm/arm-gnu-toolchain/bin/../lib/gcc/arm-none-eabi/6.2.1/../../../../arm-none-eabi/lib/thumb/v7-m\libc.a(lib_a-reent.o)
 .ARM.attributes
                0x00000af1       0x1d c:/program files (x86)/atmel/studio/7.0/toolchain/arm/arm-gnu-toolchain/bin/../lib/gcc/arm-none-eabi/6.2.1/thumb/v7-m\libgcc.a(_aeabi_uldivmod.o)
 .ARM.attributes
                0x00000b0e       0x2d c:/program files (x86)/atmel/studio/7.0/toolchain/arm/arm-gnu-toolchain/bin/../lib/gcc/arm-none-eabi/6.2.1/thumb/v7-m\libgcc.a(_udivmoddi4.o)
 .ARM.attributes
                0x00000b3b       0x1d c:/program files (x86)/atmel/studio/7.0/toolchain/arm/arm-gnu-toolchain/bin/../lib/gcc/arm-none-eabi/6.2.1/thumb/v7-m\libgcc.a(_dvmd_tls.o)
 .ARM.attributes
                0x00000b58       0x1d c:/program files (x86)/atmel/studio/7.0/toolchain/arm/arm-gnu-toolchain/bin/../lib/gcc/arm-none-eabi/6.2.1/thumb/v7-m/crtn.o

.comment        0x00000000       0x59
 .comment       0x00000000       0x59 src/ASF/common/services/clock/sam3n/sysclk.o
                                 0x5a (size before relaxing)
 .comment       0x00000059       0x5a src/ASF/common/utils/stdio/read.o
 .comment       0x00000059       0x5a src/ASF/common/utils/stdio/write.o
 .comment       0x00000059       0x5a src/ASF/sam/boards/sam3n_ek/init.o
 .comment       0x00000059       0x5a src/ASF/sam/drivers/pio/pio.o
 .comment       0x00000059       0x5a src/ASF/sam/drivers/pio/pio_handler.o
 .comment       0x00000059       0x5a src/ASF/sam/drivers/pmc/pmc.o
 .comment       0x00000059       0x5a src/ASF/sam/drivers/pwm/pwm.o
 .comment       0x00000059       0x5a src/ASF/sam/drivers/uart/uart.o
 .comment       0x00000059       0x5a src/ASF/sam/drivers/usart/usart.o
 .comment       0x00000059       0x5a src/ASF/sam/utils/cmsis/sam3n/source/templates/exceptions.o
 .comment       0x00000059       0x5a src/ASF/sam/utils/cmsis/sam3n/source/templates/gcc/startup_sam3n.o
 .comment       0x00000059       0x5a src/ASF/sam/utils/cmsis/sam3n/source/templates/system_sam3n.o
 .comment       0x00000059       0x5a src/ASF/sam/utils/syscalls/gcc/syscalls.o
 .comment       0x00000059       0x5a src/pwm_led_example.o

.debug_info     0x00000000    0x119ab
 .debug_info    0x00000000     0x1094 src/ASF/common/services/clock/sam3n/sysclk.o
 .debug_info    0x00001094      0xabd src/ASF/common/utils/stdio/read.o
 .debug_info    0x00001b51      0xaba src/ASF/common/utils/stdio/write.o
 .debug_info    0x0000260b     0x10a9 src/ASF/sam/boards/sam3n_ek/init.o
 .debug_info    0x000036b4     0x1eab src/ASF/sam/drivers/pio/pio.o
 .debug_info    0x0000555f     0x178b src/ASF/sam/drivers/pio/pio_handler.o
 .debug_info    0x00006cea     0x1825 src/ASF/sam/drivers/pmc/pmc.o
 .debug_info    0x0000850f     0x1075 src/ASF/sam/drivers/pwm/pwm.o
 .debug_info    0x00009584     0x1192 src/ASF/sam/drivers/uart/uart.o
 .debug_info    0x0000a716     0x1dae src/ASF/sam/drivers/usart/usart.o
 .debug_info    0x0000c4c4      0xa2d src/ASF/sam/utils/cmsis/sam3n/source/templates/exceptions.o
 .debug_info    0x0000cef1      0xd0f src/ASF/sam/utils/cmsis/sam3n/source/templates/gcc/startup_sam3n.o
 .debug_info    0x0000dc00      0xd5e src/ASF/sam/utils/cmsis/sam3n/source/templates/system_sam3n.o
 .debug_info    0x0000e95e      0xda4 src/ASF/sam/utils/syscalls/gcc/syscalls.o
 .debug_info    0x0000f702     0x22a9 src/pwm_led_example.o

.debug_abbrev   0x00000000     0x2914
 .debug_abbrev  0x00000000      0x315 src/ASF/common/services/clock/sam3n/sysclk.o
 .debug_abbrev  0x00000315      0x1fe src/ASF/common/utils/stdio/read.o
 .debug_abbrev  0x00000513      0x1e9 src/ASF/common/utils/stdio/write.o
 .debug_abbrev  0x000006fc      0x26f src/ASF/sam/boards/sam3n_ek/init.o
 .debug_abbrev  0x0000096b      0x3ee src/ASF/sam/drivers/pio/pio.o
 .debug_abbrev  0x00000d59      0x336 src/ASF/sam/drivers/pio/pio_handler.o
 .debug_abbrev  0x0000108f      0x2f9 src/ASF/sam/drivers/pmc/pmc.o
 .debug_abbrev  0x00001388      0x2d0 src/ASF/sam/drivers/pwm/pwm.o
 .debug_abbrev  0x00001658      0x288 src/ASF/sam/drivers/uart/uart.o
 .debug_abbrev  0x000018e0      0x406 src/ASF/sam/drivers/usart/usart.o
 .debug_abbrev  0x00001ce6      0x1a4 src/ASF/sam/utils/cmsis/sam3n/source/templates/exceptions.o
 .debug_abbrev  0x00001e8a      0x1f2 src/ASF/sam/utils/cmsis/sam3n/source/templates/gcc/startup_sam3n.o
 .debug_abbrev  0x0000207c      0x1e7 src/ASF/sam/utils/cmsis/sam3n/source/templates/system_sam3n.o
 .debug_abbrev  0x00002263      0x264 src/ASF/sam/utils/syscalls/gcc/syscalls.o
 .debug_abbrev  0x000024c7      0x44d src/pwm_led_example.o

.debug_loc      0x00000000     0x37e3
 .debug_loc     0x00000000      0x12a src/ASF/common/services/clock/sam3n/sysclk.o
 .debug_loc     0x0000012a       0xb3 src/ASF/common/utils/stdio/read.o
 .debug_loc     0x000001dd      0x12b src/ASF/common/utils/stdio/write.o
 .debug_loc     0x00000308       0x5c src/ASF/sam/boards/sam3n_ek/init.o
 .debug_loc     0x00000364      0xd4d src/ASF/sam/drivers/pio/pio.o
 .debug_loc     0x000010b1      0x549 src/ASF/sam/drivers/pio/pio_handler.o
 .debug_loc     0x000015fa      0x90e src/ASF/sam/drivers/pmc/pmc.o
 .debug_loc     0x00001f08      0x42b src/ASF/sam/drivers/pwm/pwm.o
 .debug_loc     0x00002333      0x241 src/ASF/sam/drivers/uart/uart.o
 .debug_loc     0x00002574      0xc99 src/ASF/sam/drivers/usart/usart.o
 .debug_loc     0x0000320d       0x6b src/ASF/sam/utils/cmsis/sam3n/source/templates/gcc/startup_sam3n.o
 .debug_loc     0x00003278       0xfd src/ASF/sam/utils/syscalls/gcc/syscalls.o
 .debug_loc     0x00003375      0x46e src/pwm_led_example.o

.debug_aranges  0x00000000      0x830
 .debug_aranges
                0x00000000       0x30 src/ASF/common/services/clock/sam3n/sysclk.o
 .debug_aranges
                0x00000030       0x20 src/ASF/common/utils/stdio/read.o
 .debug_aranges
                0x00000050       0x20 src/ASF/common/utils/stdio/write.o
 .debug_aranges
                0x00000070       0x20 src/ASF/sam/boards/sam3n_ek/init.o
 .debug_aranges
                0x00000090      0x160 src/ASF/sam/drivers/pio/pio.o
 .debug_aranges
                0x000001f0       0x50 src/ASF/sam/drivers/pio/pio_handler.o
 .debug_aranges
                0x00000240      0x1b8 src/ASF/sam/drivers/pmc/pmc.o
 .debug_aranges
                0x000003f8       0x80 src/ASF/sam/drivers/pwm/pwm.o
 .debug_aranges
                0x00000478       0xe8 src/ASF/sam/drivers/uart/uart.o
 .debug_aranges
                0x00000560      0x1b8 src/ASF/sam/drivers/usart/usart.o
 .debug_aranges
                0x00000718       0x20 src/ASF/sam/utils/cmsis/sam3n/source/templates/exceptions.o
 .debug_aranges
                0x00000738       0x20 src/ASF/sam/utils/cmsis/sam3n/source/templates/gcc/startup_sam3n.o
 .debug_aranges
                0x00000758       0x30 src/ASF/sam/utils/cmsis/sam3n/source/templates/system_sam3n.o
 .debug_aranges
                0x00000788       0x60 src/ASF/sam/utils/syscalls/gcc/syscalls.o
 .debug_aranges
                0x000007e8       0x48 src/pwm_led_example.o

.debug_ranges   0x00000000      0x770
 .debug_ranges  0x00000000       0x20 src/ASF/common/services/clock/sam3n/sysclk.o
 .debug_ranges  0x00000020       0x10 src/ASF/common/utils/stdio/read.o
 .debug_ranges  0x00000030       0x10 src/ASF/common/utils/stdio/write.o
 .debug_ranges  0x00000040       0x10 src/ASF/sam/boards/sam3n_ek/init.o
 .debug_ranges  0x00000050      0x168 src/ASF/sam/drivers/pio/pio.o
 .debug_ranges  0x000001b8       0x58 src/ASF/sam/drivers/pio/pio_handler.o
 .debug_ranges  0x00000210      0x1a8 src/ASF/sam/drivers/pmc/pmc.o
 .debug_ranges  0x000003b8       0x70 src/ASF/sam/drivers/pwm/pwm.o
 .debug_ranges  0x00000428       0xd8 src/ASF/sam/drivers/uart/uart.o
 .debug_ranges  0x00000500      0x1a8 src/ASF/sam/drivers/usart/usart.o
 .debug_ranges  0x000006a8       0x10 src/ASF/sam/utils/cmsis/sam3n/source/templates/exceptions.o
 .debug_ranges  0x000006b8       0x10 src/ASF/sam/utils/cmsis/sam3n/source/templates/gcc/startup_sam3n.o
 .debug_ranges  0x000006c8       0x20 src/ASF/sam/utils/cmsis/sam3n/source/templates/system_sam3n.o
 .debug_ranges  0x000006e8       0x50 src/ASF/sam/utils/syscalls/gcc/syscalls.o
 .debug_ranges  0x00000738       0x38 src/pwm_led_example.o

.debug_macro    0x00000000     0xff9d
 .debug_macro   0x00000000      0x4fe src/ASF/common/services/clock/sam3n/sysclk.o
 .debug_macro   0x000004fe      0x8c8 src/ASF/common/services/clock/sam3n/sysclk.o
 .debug_macro   0x00000dc6      0x64b src/ASF/common/services/clock/sam3n/sysclk.o
 .debug_macro   0x00001411       0x28 src/ASF/common/services/clock/sam3n/sysclk.o
 .debug_macro   0x00001439      0x16d src/ASF/common/services/clock/sam3n/sysclk.o
 .debug_macro   0x000015a6       0x76 src/ASF/common/services/clock/sam3n/sysclk.o
 .debug_macro   0x0000161c       0x16 src/ASF/common/services/clock/sam3n/sysclk.o
 .debug_macro   0x00001632      0x6e4 src/ASF/common/services/clock/sam3n/sysclk.o
 .debug_macro   0x00001d16       0x22 src/ASF/common/services/clock/sam3n/sysclk.o
 .debug_macro   0x00001d38       0x87 src/ASF/common/services/clock/sam3n/sysclk.o
 .debug_macro   0x00001dbf       0x51 src/ASF/common/services/clock/sam3n/sysclk.o
 .debug_macro   0x00001e10       0xef src/ASF/common/services/clock/sam3n/sysclk.o
 .debug_macro   0x00001eff       0x6a src/ASF/common/services/clock/sam3n/sysclk.o
 .debug_macro   0x00001f69      0x1df src/ASF/common/services/clock/sam3n/sysclk.o
 .debug_macro   0x00002148       0x20 src/ASF/common/services/clock/sam3n/sysclk.o
 .debug_macro   0x00002168       0x3a src/ASF/common/services/clock/sam3n/sysclk.o
 .debug_macro   0x000021a2       0x2d src/ASF/common/services/clock/sam3n/sysclk.o
 .debug_macro   0x000021cf      0xa8b src/ASF/common/services/clock/sam3n/sysclk.o
 .debug_macro   0x00002c5a      0x7f0 src/ASF/common/services/clock/sam3n/sysclk.o
 .debug_macro   0x0000344a      0x2b5 src/ASF/common/services/clock/sam3n/sysclk.o
 .debug_macro   0x000036ff      0x169 src/ASF/common/services/clock/sam3n/sysclk.o
 .debug_macro   0x00003868       0x82 src/ASF/common/services/clock/sam3n/sysclk.o
 .debug_macro   0x000038ea       0x1c src/ASF/common/services/clock/sam3n/sysclk.o
 .debug_macro   0x00003906      0x1e8 src/ASF/common/services/clock/sam3n/sysclk.o
 .debug_macro   0x00003aee       0xbe src/ASF/common/services/clock/sam3n/sysclk.o
 .debug_macro   0x00003bac     0x26c7 src/ASF/common/services/clock/sam3n/sysclk.o
 .debug_macro   0x00006273      0x627 src/ASF/common/services/clock/sam3n/sysclk.o
 .debug_macro   0x0000689a      0x260 src/ASF/common/services/clock/sam3n/sysclk.o
 .debug_macro   0x00006afa       0x7c src/ASF/common/services/clock/sam3n/sysclk.o
 .debug_macro   0x00006b76      0x263 src/ASF/common/services/clock/sam3n/sysclk.o
 .debug_macro   0x00006dd9       0x58 src/ASF/common/services/clock/sam3n/sysclk.o
 .debug_macro   0x00006e31      0x394 src/ASF/common/services/clock/sam3n/sysclk.o
 .debug_macro   0x000071c5      0x64a src/ASF/common/services/clock/sam3n/sysclk.o
 .debug_macro   0x0000780f      0x590 src/ASF/common/services/clock/sam3n/sysclk.o
 .debug_macro   0x00007d9f      0x34d src/ASF/common/services/clock/sam3n/sysclk.o
 .debug_macro   0x000080ec      0x28c src/ASF/common/services/clock/sam3n/sysclk.o
 .debug_macro   0x00008378      0x564 src/ASF/common/services/clock/sam3n/sysclk.o
 .debug_macro   0x000088dc       0x76 src/ASF/common/services/clock/sam3n/sysclk.o
 .debug_macro   0x00008952       0x88 src/ASF/common/services/clock/sam3n/sysclk.o
 .debug_macro   0x000089da       0xfd src/ASF/common/services/clock/sam3n/sysclk.o
 .debug_macro   0x00008ad7       0xfd src/ASF/common/services/clock/sam3n/sysclk.o
 .debug_macro   0x00008bd4       0x88 src/ASF/common/services/clock/sam3n/sysclk.o
 .debug_macro   0x00008c5c       0x4c src/ASF/common/services/clock/sam3n/sysclk.o
 .debug_macro   0x00008ca8       0xb2 src/ASF/common/services/clock/sam3n/sysclk.o
 .debug_macro   0x00008d5a       0xa6 src/ASF/common/services/clock/sam3n/sysclk.o
 .debug_macro   0x00008e00       0x6a src/ASF/common/services/clock/sam3n/sysclk.o
 .debug_macro   0x00008e6a       0x9a src/ASF/common/services/clock/sam3n/sysclk.o
 .debug_macro   0x00008f04       0x64 src/ASF/common/services/clock/sam3n/sysclk.o
 .debug_macro   0x00008f68       0x40 src/ASF/common/services/clock/sam3n/sysclk.o
 .debug_macro   0x00008fa8       0x82 src/ASF/common/services/clock/sam3n/sysclk.o
 .debug_macro   0x0000902a       0x7c src/ASF/common/services/clock/sam3n/sysclk.o
 .debug_macro   0x000090a6       0x16 src/ASF/common/services/clock/sam3n/sysclk.o
 .debug_macro   0x000090bc       0x40 src/ASF/common/services/clock/sam3n/sysclk.o
 .debug_macro   0x000090fc       0x22 src/ASF/common/services/clock/sam3n/sysclk.o
 .debug_macro   0x0000911e      0x135 src/ASF/common/services/clock/sam3n/sysclk.o
 .debug_macro   0x00009253      0x135 src/ASF/common/services/clock/sam3n/sysclk.o
 .debug_macro   0x00009388      0x135 src/ASF/common/services/clock/sam3n/sysclk.o
 .debug_macro   0x000094bd       0x1c src/ASF/common/services/clock/sam3n/sysclk.o
 .debug_macro   0x000094d9       0x2e src/ASF/common/services/clock/sam3n/sysclk.o
 .debug_macro   0x00009507       0x22 src/ASF/common/services/clock/sam3n/sysclk.o
 .debug_macro   0x00009529       0x1c src/ASF/common/services/clock/sam3n/sysclk.o
 .debug_macro   0x00009545       0x58 src/ASF/common/services/clock/sam3n/sysclk.o
 .debug_macro   0x0000959d       0x10 src/ASF/common/services/clock/sam3n/sysclk.o
 .debug_macro   0x000095ad      0x193 src/ASF/common/services/clock/sam3n/sysclk.o
 .debug_macro   0x00009740      0x6fa src/ASF/common/services/clock/sam3n/sysclk.o
 .debug_macro   0x00009e3a       0x9e src/ASF/common/services/clock/sam3n/sysclk.o
 .debug_macro   0x00009ed8       0x52 src/ASF/common/services/clock/sam3n/sysclk.o
 .debug_macro   0x00009f2a       0x35 src/ASF/common/services/clock/sam3n/sysclk.o
 .debug_macro   0x00009f5f       0x9c src/ASF/common/services/clock/sam3n/sysclk.o
 .debug_macro   0x00009ffb       0x16 src/ASF/common/services/clock/sam3n/sysclk.o
 .debug_macro   0x0000a011       0x35 src/ASF/common/services/clock/sam3n/sysclk.o
 .debug_macro   0x0000a046      0x330 src/ASF/common/services/clock/sam3n/sysclk.o
 .debug_macro   0x0000a376       0x10 src/ASF/common/services/clock/sam3n/sysclk.o
 .debug_macro   0x0000a386       0x52 src/ASF/common/services/clock/sam3n/sysclk.o
 .debug_macro   0x0000a3d8       0x1f src/ASF/common/services/clock/sam3n/sysclk.o
 .debug_macro   0x0000a3f7       0x43 src/ASF/common/services/clock/sam3n/sysclk.o
 .debug_macro   0x0000a43a       0x20 src/ASF/common/services/clock/sam3n/sysclk.o
 .debug_macro   0x0000a45a      0x187 src/ASF/common/services/clock/sam3n/sysclk.o
 .debug_macro   0x0000a5e1       0x10 src/ASF/common/services/clock/sam3n/sysclk.o
 .debug_macro   0x0000a5f1       0x1c src/ASF/common/services/clock/sam3n/sysclk.o
 .debug_macro   0x0000a60d       0x52 src/ASF/common/services/clock/sam3n/sysclk.o
 .debug_macro   0x0000a65f       0x40 src/ASF/common/services/clock/sam3n/sysclk.o
 .debug_macro   0x0000a69f       0x10 src/ASF/common/services/clock/sam3n/sysclk.o
 .debug_macro   0x0000a6af       0x40 src/ASF/common/services/clock/sam3n/sysclk.o
 .debug_macro   0x0000a6ef       0xd7 src/ASF/common/services/clock/sam3n/sysclk.o
 .debug_macro   0x0000a7c6       0x16 src/ASF/common/services/clock/sam3n/sysclk.o
 .debug_macro   0x0000a7dc      0x18b src/ASF/common/services/clock/sam3n/sysclk.o
 .debug_macro   0x0000a967       0x22 src/ASF/common/services/clock/sam3n/sysclk.o
 .debug_macro   0x0000a989       0x16 src/ASF/common/services/clock/sam3n/sysclk.o
 .debug_macro   0x0000a99f       0x16 src/ASF/common/services/clock/sam3n/sysclk.o
 .debug_macro   0x0000a9b5       0x29 src/ASF/common/services/clock/sam3n/sysclk.o
 .debug_macro   0x0000a9de       0x75 src/ASF/common/services/clock/sam3n/sysclk.o
 .debug_macro   0x0000aa53       0x45 src/ASF/common/services/clock/sam3n/sysclk.o
 .debug_macro   0x0000aa98      0x3ca src/ASF/common/services/clock/sam3n/sysclk.o
 .debug_macro   0x0000ae62      0x2c0 src/ASF/common/services/clock/sam3n/sysclk.o
 .debug_macro   0x0000b122      0x606 src/ASF/common/services/clock/sam3n/sysclk.o
 .debug_macro   0x0000b728       0x5e src/ASF/common/services/clock/sam3n/sysclk.o
 .debug_macro   0x0000b786       0x64 src/ASF/common/services/clock/sam3n/sysclk.o
 .debug_macro   0x0000b7ea       0x40 src/ASF/common/services/clock/sam3n/sysclk.o
 .debug_macro   0x0000b82a       0x82 src/ASF/common/services/clock/sam3n/sysclk.o
 .debug_macro   0x0000b8ac      0x47e src/ASF/common/utils/stdio/read.o
 .debug_macro   0x0000bd2a      0x47e src/ASF/common/utils/stdio/write.o
 .debug_macro   0x0000c1a8      0x53d src/ASF/sam/boards/sam3n_ek/init.o
 .debug_macro   0x0000c6e5       0x22 src/ASF/sam/boards/sam3n_ek/init.o
 .debug_macro   0x0000c707       0x94 src/ASF/sam/boards/sam3n_ek/init.o
 .debug_macro   0x0000c79b       0x40 src/ASF/sam/boards/sam3n_ek/init.o
 .debug_macro   0x0000c7db       0x82 src/ASF/sam/boards/sam3n_ek/init.o
 .debug_macro   0x0000c85d      0x499 src/ASF/sam/drivers/pio/pio.o
 .debug_macro   0x0000ccf6       0x8e src/ASF/sam/drivers/pio/pio.o
 .debug_macro   0x0000cd84      0x49d src/ASF/sam/drivers/pio/pio_handler.o
 .debug_macro   0x0000d221      0x493 src/ASF/sam/drivers/pmc/pmc.o
 .debug_macro   0x0000d6b4       0x58 src/ASF/sam/drivers/pmc/pmc.o
 .debug_macro   0x0000d70c      0x4b2 src/ASF/sam/drivers/pwm/pwm.o
 .debug_macro   0x0000dbbe      0x48d src/ASF/sam/drivers/uart/uart.o
 .debug_macro   0x0000e04b       0x16 src/ASF/sam/drivers/uart/uart.o
 .debug_macro   0x0000e061      0x4c9 src/ASF/sam/drivers/usart/usart.o
 .debug_macro   0x0000e52a       0x28 src/ASF/sam/drivers/usart/usart.o
 .debug_macro   0x0000e552      0x492 src/ASF/sam/utils/cmsis/sam3n/source/templates/exceptions.o
 .debug_macro   0x0000e9e4      0x4a0 src/ASF/sam/utils/cmsis/sam3n/source/templates/gcc/startup_sam3n.o
 .debug_macro   0x0000ee84      0x49a src/ASF/sam/utils/cmsis/sam3n/source/templates/system_sam3n.o
 .debug_macro   0x0000f31e       0x26 src/ASF/sam/utils/cmsis/sam3n/source/templates/system_sam3n.o
 .debug_macro   0x0000f344      0x1d6 src/ASF/sam/utils/syscalls/gcc/syscalls.o
 .debug_macro   0x0000f51a       0x4c src/ASF/sam/utils/syscalls/gcc/syscalls.o
 .debug_macro   0x0000f566       0x8d src/ASF/sam/utils/syscalls/gcc/syscalls.o
 .debug_macro   0x0000f5f3       0x57 src/ASF/sam/utils/syscalls/gcc/syscalls.o
 .debug_macro   0x0000f64a       0x97 src/ASF/sam/utils/syscalls/gcc/syscalls.o
 .debug_macro   0x0000f6e1       0xf6 src/ASF/sam/utils/syscalls/gcc/syscalls.o
 .debug_macro   0x0000f7d7       0x4c src/ASF/sam/utils/syscalls/gcc/syscalls.o
 .debug_macro   0x0000f823       0x16 src/ASF/sam/utils/syscalls/gcc/syscalls.o
 .debug_macro   0x0000f839       0x10 src/ASF/sam/utils/syscalls/gcc/syscalls.o
 .debug_macro   0x0000f849       0x10 src/ASF/sam/utils/syscalls/gcc/syscalls.o
 .debug_macro   0x0000f859       0x35 src/ASF/sam/utils/syscalls/gcc/syscalls.o
 .debug_macro   0x0000f88e      0x122 src/ASF/sam/utils/syscalls/gcc/syscalls.o
 .debug_macro   0x0000f9b0      0x5cd src/pwm_led_example.o
 .debug_macro   0x0000ff7d       0x10 src/pwm_led_example.o
 .debug_macro   0x0000ff8d       0x10 src/pwm_led_example.o

.debug_line     0x00000000     0xa431
 .debug_line    0x00000000      0xaea src/ASF/common/services/clock/sam3n/sysclk.o
 .debug_line    0x00000aea      0x9ac src/ASF/common/utils/stdio/read.o
 .debug_line    0x00001496      0x9a4 src/ASF/common/utils/stdio/write.o
 .debug_line    0x00001e3a      0xba5 src/ASF/sam/boards/sam3n_ek/init.o
 .debug_line    0x000029df      0xdb8 src/ASF/sam/drivers/pio/pio.o
 .debug_line    0x00003797      0xa60 src/ASF/sam/drivers/pio/pio_handler.o
 .debug_line    0x000041f7      0xe46 src/ASF/sam/drivers/pmc/pmc.o
 .debug_line    0x0000503d      0xaa3 src/ASF/sam/drivers/pwm/pwm.o
 .debug_line    0x00005ae0      0xb5f src/ASF/sam/drivers/uart/uart.o
 .debug_line    0x0000663f      0xe50 src/ASF/sam/drivers/usart/usart.o
 .debug_line    0x0000748f      0x987 src/ASF/sam/utils/cmsis/sam3n/source/templates/exceptions.o
 .debug_line    0x00007e16      0x9d0 src/ASF/sam/utils/cmsis/sam3n/source/templates/gcc/startup_sam3n.o
 .debug_line    0x000087e6      0x9f5 src/ASF/sam/utils/cmsis/sam3n/source/templates/system_sam3n.o
 .debug_line    0x000091db      0x40b src/ASF/sam/utils/syscalls/gcc/syscalls.o
 .debug_line    0x000095e6      0xe4b src/pwm_led_example.o

.debug_str      0x00000000    0x3e2d9
 .debug_str     0x00000000    0x3ab8c src/ASF/common/services/clock/sam3n/sysclk.o
                              0x3af4a (size before relaxing)
 .debug_str     0x0003ab8c       0x3f src/ASF/common/utils/stdio/read.o
                              0x37d37 (size before relaxing)
 .debug_str     0x0003abcb       0x2e src/ASF/common/utils/stdio/write.o
                              0x37d38 (size before relaxing)
 .debug_str     0x0003abf9      0xb98 src/ASF/sam/boards/sam3n_ek/init.o
                              0x3b7bf (size before relaxing)
 .debug_str     0x0003b791      0x45a src/ASF/sam/drivers/pio/pio.o
                              0x38786 (size before relaxing)
 .debug_str     0x0003bbeb      0x3b8 src/ASF/sam/drivers/pio/pio_handler.o
                              0x3876e (size before relaxing)
 .debug_str     0x0003bfa3      0x510 src/ASF/sam/drivers/pmc/pmc.o
                              0x38647 (size before relaxing)
 .debug_str     0x0003c4b3      0x3f5 src/ASF/sam/drivers/pwm/pwm.o
                              0x38125 (size before relaxing)
 .debug_str     0x0003c8a8      0x3bf src/ASF/sam/drivers/uart/uart.o
                              0x38103 (size before relaxing)
 .debug_str     0x0003cc67      0x82b src/ASF/sam/drivers/usart/usart.o
                              0x3861c (size before relaxing)
 .debug_str     0x0003d492       0x4d src/ASF/sam/utils/cmsis/sam3n/source/templates/exceptions.o
                              0x37d57 (size before relaxing)
 .debug_str     0x0003d4df       0xd9 src/ASF/sam/utils/cmsis/sam3n/source/templates/gcc/startup_sam3n.o
                              0x37e53 (size before relaxing)
 .debug_str     0x0003d5b8      0x17f src/ASF/sam/utils/cmsis/sam3n/source/templates/system_sam3n.o
                              0x37fd7 (size before relaxing)
 .debug_str     0x0003d737      0x778 src/ASF/sam/utils/syscalls/gcc/syscalls.o
                               0x727c (size before relaxing)
 .debug_str     0x0003deaf      0x42a src/pwm_led_example.o
                              0x3c431 (size before relaxing)

.debug_frame    0x00000000     0x1dac
 .debug_frame   0x00000000       0x58 src/ASF/common/services/clock/sam3n/sysclk.o
 .debug_frame   0x00000058       0x30 src/ASF/common/utils/stdio/read.o
 .debug_frame   0x00000088       0x48 src/ASF/common/utils/stdio/write.o
 .debug_frame   0x000000d0       0x28 src/ASF/sam/boards/sam3n_ek/init.o
 .debug_frame   0x000000f8      0x2f4 src/ASF/sam/drivers/pio/pio.o
 .debug_frame   0x000003ec       0xe0 src/ASF/sam/drivers/pio/pio_handler.o
 .debug_frame   0x000004cc      0x35c src/ASF/sam/drivers/pmc/pmc.o
 .debug_frame   0x00000828      0x114 src/ASF/sam/drivers/pwm/pwm.o
 .debug_frame   0x0000093c      0x1bc src/ASF/sam/drivers/uart/uart.o
 .debug_frame   0x00000af8      0x3d4 src/ASF/sam/drivers/usart/usart.o
 .debug_frame   0x00000ecc       0x20 src/ASF/sam/utils/cmsis/sam3n/source/templates/exceptions.o
 .debug_frame   0x00000eec       0x28 src/ASF/sam/utils/cmsis/sam3n/source/templates/gcc/startup_sam3n.o
 .debug_frame   0x00000f14       0x40 src/ASF/sam/utils/cmsis/sam3n/source/templates/system_sam3n.o
 .debug_frame   0x00000f54       0xa0 src/ASF/sam/utils/syscalls/gcc/syscalls.o
 .debug_frame   0x00000ff4       0xc4 src/pwm_led_example.o
 .debug_frame   0x000010b8       0x2c c:/program files (x86)/atmel/studio/7.0/toolchain/arm/arm-gnu-toolchain/bin/../lib/gcc/arm-none-eabi/6.2.1/../../../../arm-none-eabi/lib/thumb/v7-m\libc.a(lib_a-init.o)
 .debug_frame   0x000010e4       0x78 c:/program files (x86)/atmel/studio/7.0/toolchain/arm/arm-gnu-toolchain/bin/../lib/gcc/arm-none-eabi/6.2.1/../../../../arm-none-eabi/lib/thumb/v7-m\libc.a(lib_a-iprintf.o)
 .debug_frame   0x0000115c       0x34 c:/program files (x86)/atmel/studio/7.0/toolchain/arm/arm-gnu-toolchain/bin/../lib/gcc/arm-none-eabi/6.2.1/../../../../arm-none-eabi/lib/thumb/v7-m\libc.a(lib_a-memset.o)
 .debug_frame   0x00001190       0x48 c:/program files (x86)/atmel/studio/7.0/toolchain/arm/arm-gnu-toolchain/bin/../lib/gcc/arm-none-eabi/6.2.1/../../../../arm-none-eabi/lib/thumb/v7-m\libc.a(lib_a-puts.o)
 .debug_frame   0x000011d8       0x20 c:/program files (x86)/atmel/studio/7.0/toolchain/arm/arm-gnu-toolchain/bin/../lib/gcc/arm-none-eabi/6.2.1/../../../../arm-none-eabi/lib/thumb/v7-m\libc.a(lib_a-setbuf.o)
 .debug_frame   0x000011f8       0x50 c:/program files (x86)/atmel/studio/7.0/toolchain/arm/arm-gnu-toolchain/bin/../lib/gcc/arm-none-eabi/6.2.1/../../../../arm-none-eabi/lib/thumb/v7-m\libc.a(lib_a-setvbuf.o)
 .debug_frame   0x00001248       0x20 c:/program files (x86)/atmel/studio/7.0/toolchain/arm/arm-gnu-toolchain/bin/../lib/gcc/arm-none-eabi/6.2.1/../../../../arm-none-eabi/lib/thumb/v7-m\libc.a(lib_a-strlen-stub.o)
 .debug_frame   0x00001268       0xc4 c:/program files (x86)/atmel/studio/7.0/toolchain/arm/arm-gnu-toolchain/bin/../lib/gcc/arm-none-eabi/6.2.1/../../../../arm-none-eabi/lib/thumb/v7-m\libc.a(lib_a-vfiprintf.o)
 .debug_frame   0x0000132c       0x2c c:/program files (x86)/atmel/studio/7.0/toolchain/arm/arm-gnu-toolchain/bin/../lib/gcc/arm-none-eabi/6.2.1/../../../../arm-none-eabi/lib/thumb/v7-m\libc.a(lib_a-wsetup.o)
 .debug_frame   0x00001358       0x50 c:/program files (x86)/atmel/studio/7.0/toolchain/arm/arm-gnu-toolchain/bin/../lib/gcc/arm-none-eabi/6.2.1/../../../../arm-none-eabi/lib/thumb/v7-m\libc.a(lib_a-__call_atexit.o)
 .debug_frame   0x000013a8       0x20 c:/program files (x86)/atmel/studio/7.0/toolchain/arm/arm-gnu-toolchain/bin/../lib/gcc/arm-none-eabi/6.2.1/../../../../arm-none-eabi/lib/thumb/v7-m\libc.a(lib_a-atexit.o)
 .debug_frame   0x000013c8       0x6c c:/program files (x86)/atmel/studio/7.0/toolchain/arm/arm-gnu-toolchain/bin/../lib/gcc/arm-none-eabi/6.2.1/../../../../arm-none-eabi/lib/thumb/v7-m\libc.a(lib_a-fflush.o)
 .debug_frame   0x00001434      0x124 c:/program files (x86)/atmel/studio/7.0/toolchain/arm/arm-gnu-toolchain/bin/../lib/gcc/arm-none-eabi/6.2.1/../../../../arm-none-eabi/lib/thumb/v7-m\libc.a(lib_a-findfp.o)
 .debug_frame   0x00001558       0x34 c:/program files (x86)/atmel/studio/7.0/toolchain/arm/arm-gnu-toolchain/bin/../lib/gcc/arm-none-eabi/6.2.1/../../../../arm-none-eabi/lib/thumb/v7-m\libc.a(lib_a-fini.o)
 .debug_frame   0x0000158c       0x88 c:/program files (x86)/atmel/studio/7.0/toolchain/arm/arm-gnu-toolchain/bin/../lib/gcc/arm-none-eabi/6.2.1/../../../../arm-none-eabi/lib/thumb/v7-m\libc.a(lib_a-fputwc.o)
 .debug_frame   0x00001614       0x74 c:/program files (x86)/atmel/studio/7.0/toolchain/arm/arm-gnu-toolchain/bin/../lib/gcc/arm-none-eabi/6.2.1/../../../../arm-none-eabi/lib/thumb/v7-m\libc.a(lib_a-freer.o)
 .debug_frame   0x00001688       0x68 c:/program files (x86)/atmel/studio/7.0/toolchain/arm/arm-gnu-toolchain/bin/../lib/gcc/arm-none-eabi/6.2.1/../../../../arm-none-eabi/lib/thumb/v7-m\libc.a(lib_a-fvwrite.o)
 .debug_frame   0x000016f0       0x54 c:/program files (x86)/atmel/studio/7.0/toolchain/arm/arm-gnu-toolchain/bin/../lib/gcc/arm-none-eabi/6.2.1/../../../../arm-none-eabi/lib/thumb/v7-m\libc.a(lib_a-fwalk.o)
 .debug_frame   0x00001744       0x6c c:/program files (x86)/atmel/studio/7.0/toolchain/arm/arm-gnu-toolchain/bin/../lib/gcc/arm-none-eabi/6.2.1/../../../../arm-none-eabi/lib/thumb/v7-m\libc.a(lib_a-locale.o)
 .debug_frame   0x000017b0       0x68 c:/program files (x86)/atmel/studio/7.0/toolchain/arm/arm-gnu-toolchain/bin/../lib/gcc/arm-none-eabi/6.2.1/../../../../arm-none-eabi/lib/thumb/v7-m\libc.a(lib_a-makebuf.o)
 .debug_frame   0x00001818       0x30 c:/program files (x86)/atmel/studio/7.0/toolchain/arm/arm-gnu-toolchain/bin/../lib/gcc/arm-none-eabi/6.2.1/../../../../arm-none-eabi/lib/thumb/v7-m\libc.a(lib_a-malloc.o)
 .debug_frame   0x00001848       0x54 c:/program files (x86)/atmel/studio/7.0/toolchain/arm/arm-gnu-toolchain/bin/../lib/gcc/arm-none-eabi/6.2.1/../../../../arm-none-eabi/lib/thumb/v7-m\libc.a(lib_a-mallocr.o)
 .debug_frame   0x0000189c       0x4c c:/program files (x86)/atmel/studio/7.0/toolchain/arm/arm-gnu-toolchain/bin/../lib/gcc/arm-none-eabi/6.2.1/../../../../arm-none-eabi/lib/thumb/v7-m\libc.a(lib_a-mbtowc_r.o)
 .debug_frame   0x000018e8       0x34 c:/program files (x86)/atmel/studio/7.0/toolchain/arm/arm-gnu-toolchain/bin/../lib/gcc/arm-none-eabi/6.2.1/../../../../arm-none-eabi/lib/thumb/v7-m\libc.a(lib_a-memchr-stub.o)
 .debug_frame   0x0000191c       0x30 c:/program files (x86)/atmel/studio/7.0/toolchain/arm/arm-gnu-toolchain/bin/../lib/gcc/arm-none-eabi/6.2.1/../../../../arm-none-eabi/lib/thumb/v7-m\libc.a(lib_a-memmove.o)
 .debug_frame   0x0000194c       0x30 c:/program files (x86)/atmel/studio/7.0/toolchain/arm/arm-gnu-toolchain/bin/../lib/gcc/arm-none-eabi/6.2.1/../../../../arm-none-eabi/lib/thumb/v7-m\libc.a(lib_a-mlock.o)
 .debug_frame   0x0000197c       0x68 c:/program files (x86)/atmel/studio/7.0/toolchain/arm/arm-gnu-toolchain/bin/../lib/gcc/arm-none-eabi/6.2.1/../../../../arm-none-eabi/lib/thumb/v7-m\libc.a(lib_a-reallocr.o)
 .debug_frame   0x000019e4       0x2c c:/program files (x86)/atmel/studio/7.0/toolchain/arm/arm-gnu-toolchain/bin/../lib/gcc/arm-none-eabi/6.2.1/../../../../arm-none-eabi/lib/thumb/v7-m\libc.a(lib_a-sbrkr.o)
 .debug_frame   0x00001a10       0x88 c:/program files (x86)/atmel/studio/7.0/toolchain/arm/arm-gnu-toolchain/bin/../lib/gcc/arm-none-eabi/6.2.1/../../../../arm-none-eabi/lib/thumb/v7-m\libc.a(lib_a-stdio.o)
 .debug_frame   0x00001a98       0x40 c:/program files (x86)/atmel/studio/7.0/toolchain/arm/arm-gnu-toolchain/bin/../lib/gcc/arm-none-eabi/6.2.1/../../../../arm-none-eabi/lib/thumb/v7-m\libc.a(lib_a-wbuf.o)
 .debug_frame   0x00001ad8       0x5c c:/program files (x86)/atmel/studio/7.0/toolchain/arm/arm-gnu-toolchain/bin/../lib/gcc/arm-none-eabi/6.2.1/../../../../arm-none-eabi/lib/thumb/v7-m\libc.a(lib_a-wcrtomb.o)
 .debug_frame   0x00001b34       0x3c c:/program files (x86)/atmel/studio/7.0/toolchain/arm/arm-gnu-toolchain/bin/../lib/gcc/arm-none-eabi/6.2.1/../../../../arm-none-eabi/lib/thumb/v7-m\libc.a(lib_a-wctomb_r.o)
 .debug_frame   0x00001b70       0x30 c:/program files (x86)/atmel/studio/7.0/toolchain/arm/arm-gnu-toolchain/bin/../lib/gcc/arm-none-eabi/6.2.1/../../../../arm-none-eabi/lib/thumb/v7-m\libc.a(lib_a-writer.o)
 .debug_frame   0x00001ba0       0x34 c:/program files (x86)/atmel/studio/7.0/toolchain/arm/arm-gnu-toolchain/bin/../lib/gcc/arm-none-eabi/6.2.1/../../../../arm-none-eabi/lib/thumb/v7-m\libc.a(lib_a-__atexit.o)
 .debug_frame   0x00001bd4       0x2c c:/program files (x86)/atmel/studio/7.0/toolchain/arm/arm-gnu-toolchain/bin/../lib/gcc/arm-none-eabi/6.2.1/../../../../arm-none-eabi/lib/thumb/v7-m\libc.a(lib_a-closer.o)
 .debug_frame   0x00001c00       0x3c c:/program files (x86)/atmel/studio/7.0/toolchain/arm/arm-gnu-toolchain/bin/../lib/gcc/arm-none-eabi/6.2.1/../../../../arm-none-eabi/lib/thumb/v7-m\libc.a(lib_a-fclose.o)
 .debug_frame   0x00001c3c       0x2c c:/program files (x86)/atmel/studio/7.0/toolchain/arm/arm-gnu-toolchain/bin/../lib/gcc/arm-none-eabi/6.2.1/../../../../arm-none-eabi/lib/thumb/v7-m\libc.a(lib_a-fstatr.o)
 .debug_frame   0x00001c68       0x2c c:/program files (x86)/atmel/studio/7.0/toolchain/arm/arm-gnu-toolchain/bin/../lib/gcc/arm-none-eabi/6.2.1/../../../../arm-none-eabi/lib/thumb/v7-m\libc.a(lib_a-isattyr.o)
 .debug_frame   0x00001c94       0x30 c:/program files (x86)/atmel/studio/7.0/toolchain/arm/arm-gnu-toolchain/bin/../lib/gcc/arm-none-eabi/6.2.1/../../../../arm-none-eabi/lib/thumb/v7-m\libc.a(lib_a-lseekr.o)
 .debug_frame   0x00001cc4       0x30 c:/program files (x86)/atmel/studio/7.0/toolchain/arm/arm-gnu-toolchain/bin/../lib/gcc/arm-none-eabi/6.2.1/../../../../arm-none-eabi/lib/thumb/v7-m\libc.a(lib_a-readr.o)
 .debug_frame   0x00001cf4       0x58 c:/program files (x86)/atmel/studio/7.0/toolchain/arm/arm-gnu-toolchain/bin/../lib/gcc/arm-none-eabi/6.2.1/../../../../arm-none-eabi/lib/thumb/v7-m\libc.a(lib_a-reent.o)
 .debug_frame   0x00001d4c       0x2c c:/program files (x86)/atmel/studio/7.0/toolchain/arm/arm-gnu-toolchain/bin/../lib/gcc/arm-none-eabi/6.2.1/thumb/v7-m\libgcc.a(_aeabi_uldivmod.o)
 .debug_frame   0x00001d78       0x34 c:/program files (x86)/atmel/studio/7.0/toolchain/arm/arm-gnu-toolchain/bin/../lib/gcc/arm-none-eabi/6.2.1/thumb/v7-m\libgcc.a(_udivmoddi4.o)

Cross Reference Table

Symbol                                            File
ADC_Handler                                       src/ASF/sam/utils/cmsis/sam3n/source/templates/exceptions.o
                                                  src/ASF/sam/utils/cmsis/sam3n/source/templates/gcc/startup_sam3n.o
BusFault_Handler                                  src/ASF/sam/utils/cmsis/sam3n/source/templates/exceptions.o
                                                  src/ASF/sam/utils/cmsis/sam3n/source/templates/gcc/startup_sam3n.o
DACC_Handler                                      src/ASF/sam/utils/cmsis/sam3n/source/templates/exceptions.o
                                                  src/ASF/sam/utils/cmsis/sam3n/source/templates/gcc/startup_sam3n.o
DebugMon_Handler                                  src/ASF/sam/utils/cmsis/sam3n/source/templates/exceptions.o
                                                  src/ASF/sam/utils/cmsis/sam3n/source/templates/gcc/startup_sam3n.o
Dummy_Handler                                     src/ASF/sam/utils/cmsis/sam3n/source/templates/exceptions.o
                                                  src/ASF/sam/utils/cmsis/sam3n/source/templates/gcc/startup_sam3n.o
EFC_Handler                                       src/ASF/sam/utils/cmsis/sam3n/source/templates/exceptions.o
                                                  src/ASF/sam/utils/cmsis/sam3n/source/templates/gcc/startup_sam3n.o
HardFault_Handler                                 src/ASF/sam/utils/cmsis/sam3n/source/templates/exceptions.o
                                                  src/ASF/sam/utils/cmsis/sam3n/source/templates/gcc/startup_sam3n.o
LED_Off                                           src/ASF/sam/boards/sam3n_ek/led.o
LED_On                                            src/ASF/sam/boards/sam3n_ek/led.o
MemManage_Handler                                 src/ASF/sam/utils/cmsis/sam3n/source/templates/exceptions.o
                                                  src/ASF/sam/utils/cmsis/sam3n/source/templates/gcc/startup_sam3n.o
NMI_Handler                                       src/ASF/sam/utils/cmsis/sam3n/source/templates/exceptions.o
                                                  src/ASF/sam/utils/cmsis/sam3n/source/templates/gcc/startup_sam3n.o
PIOA_Handler                                      src/ASF/sam/drivers/pio/pio_handler.o
                                                  src/ASF/sam/utils/cmsis/sam3n/source/templates/gcc/startup_sam3n.o
PIOB_Handler                                      src/ASF/sam/drivers/pio/pio_handler.o
                                                  src/ASF/sam/utils/cmsis/sam3n/source/templates/gcc/startup_sam3n.o
PIOC_Handler                                      src/ASF/sam/drivers/pio/pio_handler.o
                                                  src/ASF/sam/utils/cmsis/sam3n/source/templates/gcc/startup_sam3n.o
PMC_Handler                                       src/ASF/sam/utils/cmsis/sam3n/source/templates/exceptions.o
                                                  src/ASF/sam/utils/cmsis/sam3n/source/templates/gcc/startup_sam3n.o
PWM_Handler                                       src/pwm_led_example.o
                                                  src/ASF/sam/utils/cmsis/sam3n/source/templates/exceptions.o
                                                  src/ASF/sam/utils/cmsis/sam3n/source/templates/gcc/startup_sam3n.o
PendSV_Handler                                    src/ASF/sam/utils/cmsis/sam3n/source/templates/exceptions.o
                                                  src/ASF/sam/utils/cmsis/sam3n/source/templates/gcc/startup_sam3n.o
RSTC_Handler                                      src/ASF/sam/utils/cmsis/sam3n/source/templates/exceptions.o
                                                  src/ASF/sam/utils/cmsis/sam3n/source/templates/gcc/startup_sam3n.o
RTC_Handler                                       src/ASF/sam/utils/cmsis/sam3n/source/templates/exceptions.o
                                                  src/ASF/sam/utils/cmsis/sam3n/source/templates/gcc/startup_sam3n.o
RTT_Handler                                       src/ASF/sam/utils/cmsis/sam3n/source/templates/exceptions.o
                                                  src/ASF/sam/utils/cmsis/sam3n/source/templates/gcc/startup_sam3n.o
Reset_Handler                                     src/ASF/sam/utils/cmsis/sam3n/source/templates/gcc/startup_sam3n.o
                                                  src/ASF/sam/utils/cmsis/sam3n/source/templates/exceptions.o
SPI_Handler                                       src/ASF/sam/utils/cmsis/sam3n/source/templates/exceptions.o
                                                  src/ASF/sam/utils/cmsis/sam3n/source/templates/gcc/startup_sam3n.o
SUPC_Handler                                      src/ASF/sam/utils/cmsis/sam3n/source/templates/exceptions.o
                                                  src/ASF/sam/utils/cmsis/sam3n/source/templates/gcc/startup_sam3n.o
SVC_Handler                                       src/ASF/sam/utils/cmsis/sam3n/source/templates/exceptions.o
                                                  src/ASF/sam/utils/cmsis/sam3n/source/templates/gcc/startup_sam3n.o
SysTick_Handler                                   src/ASF/sam/utils/cmsis/sam3n/source/templates/exceptions.o
                                                  src/ASF/sam/utils/cmsis/sam3n/source/templates/gcc/startup_sam3n.o
SystemCoreClock                                   src/ASF/sam/utils/cmsis/sam3n/source/templates/system_sam3n.o
SystemCoreClockUpdate                             src/ASF/sam/utils/cmsis/sam3n/source/templates/system_sam3n.o
                                                  src/ASF/common/services/clock/sam3n/sysclk.o
SystemInit                                        src/ASF/sam/utils/cmsis/sam3n/source/templates/system_sam3n.o
TC0_Handler                                       src/ASF/sam/utils/cmsis/sam3n/source/templates/exceptions.o
                                                  src/ASF/sam/utils/cmsis/sam3n/source/templates/gcc/startup_sam3n.o
TC1_Handler                                       src/ASF/sam/utils/cmsis/sam3n/source/templates/exceptions.o
                                                  src/ASF/sam/utils/cmsis/sam3n/source/templates/gcc/startup_sam3n.o
TC2_Handler                                       src/ASF/sam/utils/cmsis/sam3n/source/templates/exceptions.o
                                                  src/ASF/sam/utils/cmsis/sam3n/source/templates/gcc/startup_sam3n.o
TC3_Handler                                       src/ASF/sam/utils/cmsis/sam3n/source/templates/exceptions.o
                                                  src/ASF/sam/utils/cmsis/sam3n/source/templates/gcc/startup_sam3n.o
TC4_Handler                                       src/ASF/sam/utils/cmsis/sam3n/source/templates/exceptions.o
                                                  src/ASF/sam/utils/cmsis/sam3n/source/templates/gcc/startup_sam3n.o
TC5_Handler                                       src/ASF/sam/utils/cmsis/sam3n/source/templates/exceptions.o
                                                  src/ASF/sam/utils/cmsis/sam3n/source/templates/gcc/startup_sam3n.o
TWI0_Handler                                      src/ASF/sam/utils/cmsis/sam3n/source/templates/exceptions.o
                                                  src/ASF/sam/utils/cmsis/sam3n/source/templates/gcc/startup_sam3n.o
TWI1_Handler                                      src/ASF/sam/utils/cmsis/sam3n/source/templates/exceptions.o
                                                  src/ASF/sam/utils/cmsis/sam3n/source/templates/gcc/startup_sam3n.o
UART0_Handler                                     src/ASF/sam/utils/cmsis/sam3n/source/templates/exceptions.o
                                                  src/ASF/sam/utils/cmsis/sam3n/source/templates/gcc/startup_sam3n.o
UART1_Handler                                     src/ASF/sam/utils/cmsis/sam3n/source/templates/exceptions.o
                                                  src/ASF/sam/utils/cmsis/sam3n/source/templates/gcc/startup_sam3n.o
USART0_Handler                                    src/ASF/sam/utils/cmsis/sam3n/source/templates/exceptions.o
                                                  src/ASF/sam/utils/cmsis/sam3n/source/templates/gcc/startup_sam3n.o
USART1_Handler                                    src/ASF/sam/utils/cmsis/sam3n/source/templates/exceptions.o
                                                  src/ASF/sam/utils/cmsis/sam3n/source/templates/gcc/startup_sam3n.o