Archive member included to satisfy reference by file (symbol)

c:/program files (x86)/atmel/studio/7.0/toolchain/arm/arm-gnu-toolchain/bin/../lib/gcc/arm-none-eabi/6.2.1/thumb/v7-m\libgcc.a(_arm_addsubdf3.o)
                              src/Config.o (__aeabi_i2d)
c:/program files (x86)/atmel/studio/7.0/toolchain/arm/arm-gnu-toolchain/bin/../lib/gcc/arm-none-eabi/6.2.1/thumb/v7-m\libgcc.a(_arm_fixunsdfsi.o)
                              src/BeamBall.o (__aeabi_d2uiz)
c:/program files (x86)/atmel/studio/7.0/toolchain/arm/arm-gnu-toolchain/bin/../lib/gcc/arm-none-eabi/6.2.1/thumb/v7-m\libgcc.a(_arm_addsubsf3.o)
                              src/Config.o (__aeabi_ui2f)
c:/program files (x86)/atmel/studio/7.0/toolchain/arm/arm-gnu-toolchain/bin/../lib/gcc/arm-none-eabi/6.2.1/../../../../arm-none-eabi/lib/thumb/v7-m\libc.a(lib_a-exit.o)
                              c:/program files (x86)/atmel/studio/7.0/toolchain/arm/arm-gnu-toolchain/bin/../lib/gcc/arm-none-eabi/6.2.1/../../../../arm-none-eabi/lib/thumb/v7-m/crt0.o (exit)
c:/program files (x86)/atmel/studio/7.0/toolchain/arm/arm-gnu-toolchain/bin/../lib/gcc/arm-none-eabi/6.2.1/../../../../arm-none-eabi/lib/thumb/v7-m\libc.a(lib_a-impure.o)
                              c:/program files (x86)/atmel/studio/7.0/toolchain/arm/arm-gnu-toolchain/bin/../lib/gcc/arm-none-eabi/6.2.1/../../../../arm-none-eabi/lib/thumb/v7-m\libc.a(lib_a-exit.o) (_global_impure_ptr)
c:/program files (x86)/atmel/studio/7.0/toolchain/arm/arm-gnu-toolchain/bin/../lib/gcc/arm-none-eabi/6.2.1/../../../../arm-none-eabi/lib/thumb/v7-m\libc.a(lib_a-init.o)
                              c:/program files (x86)/atmel/studio/7.0/toolchain/arm/arm-gnu-toolchain/bin/../lib/gcc/arm-none-eabi/6.2.1/../../../../arm-none-eabi/lib/thumb/v7-m/crt0.o (__libc_init_array)
c:/program files (x86)/atmel/studio/7.0/toolchain/arm/arm-gnu-toolchain/bin/../lib/gcc/arm-none-eabi/6.2.1/../../../../arm-none-eabi/lib/thumb/v7-m\libc.a(lib_a-iprintf.o)
                              src/BeamBall.o (iprintf)
c:/program files (x86)/atmel/studio/7.0/toolchain/arm/arm-gnu-toolchain/bin/../lib/gcc/arm-none-eabi/6.2.1/../../../../arm-none-eabi/lib/thumb/v7-m\libc.a(lib_a-memset.o)
                              c:/program files (x86)/atmel/studio/7.0/toolchain/arm/arm-gnu-toolchain/bin/../lib/gcc/arm-none-eabi/6.2.1/../../../../arm-none-eabi/lib/thumb/v7-m/crt0.o (memset)
c:/program files (x86)/atmel/studio/7.0/toolchain/arm/arm-gnu-toolchain/bin/../lib/gcc/arm-none-eabi/6.2.1/../../../../arm-none-eabi/lib/thumb/v7-m\libc.a(lib_a-puts.o)
                              src/BeamBall.o (puts)
c:/program files (x86)/atmel/studio/7.0/toolchain/arm/arm-gnu-toolchain/bin/../lib/gcc/arm-none-eabi/6.2.1/../../../../arm-none-eabi/lib/thumb/v7-m\libc.a(lib_a-setbuf.o)
                              src/Config.o (setbuf)
c:/program files (x86)/atmel/studio/7.0/toolchain/arm/arm-gnu-toolchain/bin/../lib/gcc/arm-none-eabi/6.2.1/../../../../arm-none-eabi/lib/thumb/v7-m\libc.a(lib_a-setvbuf.o)
                              c:/program files (x86)/atmel/studio/7.0/toolchain/arm/arm-gnu-toolchain/bin/../lib/gcc/arm-none-eabi/6.2.1/../../../../arm-none-eabi/lib/thumb/v7-m\libc.a(lib_a-setbuf.o) (setvbuf)
c:/program files (x86)/atmel/studio/7.0/toolchain/arm/arm-gnu-toolchain/bin/../lib/gcc/arm-none-eabi/6.2.1/../../../../arm-none-eabi/lib/thumb/v7-m\libc.a(lib_a-strlen-stub.o)
                              c:/program files (x86)/atmel/studio/7.0/toolchain/arm/arm-gnu-toolchain/bin/../lib/gcc/arm-none-eabi/6.2.1/../../../../arm-none-eabi/lib/thumb/v7-m\libc.a(lib_a-puts.o) (strlen)
c:/program files (x86)/atmel/studio/7.0/toolchain/arm/arm-gnu-toolchain/bin/../lib/gcc/arm-none-eabi/6.2.1/../../../../arm-none-eabi/lib/thumb/v7-m\libc.a(lib_a-vfiprintf.o)
                              c:/program files (x86)/atmel/studio/7.0/toolchain/arm/arm-gnu-toolchain/bin/../lib/gcc/arm-none-eabi/6.2.1/../../../../arm-none-eabi/lib/thumb/v7-m\libc.a(lib_a-iprintf.o) (_vfiprintf_r)
c:/program files (x86)/atmel/studio/7.0/toolchain/arm/arm-gnu-toolchain/bin/../lib/gcc/arm-none-eabi/6.2.1/../../../../arm-none-eabi/lib/thumb/v7-m\libc.a(lib_a-wsetup.o)
                              c:/program files (x86)/atmel/studio/7.0/toolchain/arm/arm-gnu-toolchain/bin/../lib/gcc/arm-none-eabi/6.2.1/../../../../arm-none-eabi/lib/thumb/v7-m\libc.a(lib_a-vfiprintf.o) (__swsetup_r)
c:/program files (x86)/atmel/studio/7.0/toolchain/arm/arm-gnu-toolchain/bin/../lib/gcc/arm-none-eabi/6.2.1/../../../../arm-none-eabi/lib/thumb/v7-m\libc.a(lib_a-__call_atexit.o)
                              c:/program files (x86)/atmel/studio/7.0/toolchain/arm/arm-gnu-toolchain/bin/../lib/gcc/arm-none-eabi/6.2.1/../../../../arm-none-eabi/lib/thumb/v7-m\libc.a(lib_a-exit.o) (__call_exitprocs)
c:/program files (x86)/atmel/studio/7.0/toolchain/arm/arm-gnu-toolchain/bin/../lib/gcc/arm-none-eabi/6.2.1/../../../../arm-none-eabi/lib/thumb/v7-m\libc.a(lib_a-atexit.o)
[...]
Memory Configuration

Name             Origin             Length             Attributes
rom              0x00400000         0x00040000         xr
ram              0x20000000         0x00006000         xrw
*default*        0x00000000         0xffffffff

Linker script and memory map

LOAD c:/program files (x86)/atmel/studio/7.0/toolchain/arm/arm-gnu-toolchain/bin/../lib/gcc/arm-none-eabi/6.2.1/thumb/v7-m/crti.o
LOAD c:/program files (x86)/atmel/studio/7.0/toolchain/arm/arm-gnu-toolchain/bin/../lib/gcc/arm-none-eabi/6.2.1/thumb/v7-m/crtbegin.o
LOAD c:/program files (x86)/atmel/studio/7.0/toolchain/arm/arm-gnu-toolchain/bin/../lib/gcc/arm-none-eabi/6.2.1/../../../../arm-none-eabi/lib/thumb/v7-m/crt0.o
LOAD src/ASF/common/services/spi/sam_spi/spi_master.o
LOAD src/ASF/common/utils/stdio/read.o
LOAD src/ASF/sam/drivers/spi/spi.o
LOAD src/ASF/sam/drivers/usart/usart.o
LOAD src/ASF/common/utils/stdio/write.o
LOAD src/ASF/common/services/serial/usart_serial.o
LOAD src/ASF/common/services/delay/sam/cycle_counter.o
LOAD src/ASF/sam/components/display/aat31xx/aat31xx.o
LOAD src/ASF/sam/components/display/ili9225/ili9225.o
LOAD src/ASF/sam/drivers/pwm/pwm.o
LOAD src/ASF/sam/drivers/tc/tc.o
LOAD src/ASF/sam/drivers/uart/uart.o
LOAD src/BeamBall.o
LOAD src/Config.o
LOAD src/ASF/common/services/clock/sam3n/sysclk.o
LOAD src/ASF/common/utils/interrupt/interrupt_sam_nvic.o
LOAD src/ASF/sam/boards/sam3n_ek/init.o
LOAD src/ASF/sam/boards/sam3n_ek/led.o
LOAD src/ASF/sam/drivers/pio/pio.o
LOAD src/ASF/sam/drivers/pio/pio_handler.o
LOAD src/ASF/sam/drivers/pmc/pmc.o
LOAD src/ASF/sam/drivers/pmc/sleep.o
LOAD src/ASF/sam/utils/cmsis/sam3n/source/templates/exceptions.o
LOAD src/ASF/sam/utils/cmsis/sam3n/source/templates/gcc/startup_sam3n.o
LOAD src/ASF/sam/utils/cmsis/sam3n/source/templates/system_sam3n.o
LOAD src/ASF/sam/utils/syscalls/gcc/syscalls.o
LOAD src/main.o
START GROUP
LOAD ../src/ASF/thirdparty/CMSIS/Lib/GCC\libarm_cortexM3l_math.a
LOAD c:/program files (x86)/atmel/studio/7.0/toolchain/arm/arm-gnu-toolchain/bin/../lib/gcc/arm-none-eabi/6.2.1/../../../../arm-none-eabi/lib/thumb/v7-m\libm.a
END GROUP
START GROUP
LOAD c:/program files (x86)/atmel/studio/7.0/toolchain/arm/arm-gnu-toolchain/bin/../lib/gcc/arm-none-eabi/6.2.1/thumb/v7-m\libgcc.a
LOAD c:/program files (x86)/atmel/studio/7.0/toolchain/arm/arm-gnu-toolchain/bin/../lib/gcc/arm-none-eabi/6.2.1/../../../../arm-none-eabi/lib/thumb/v7-m\libc.a
END GROUP
LOAD c:/program files (x86)/atmel/studio/7.0/toolchain/arm/arm-gnu-toolchain/bin/../lib/gcc/arm-none-eabi/6.2.1/thumb/v7-m/crtend.o
LOAD c:/program files (x86)/atmel/studio/7.0/toolchain/arm/arm-gnu-toolchain/bin/../lib/gcc/arm-none-eabi/6.2.1/thumb/v7-m/crtn.o
                0x00000800                __stack_size__ = DEFINED (__stack_size__)?__stack_size__:0x800
                0x20005ffc                __ram_end__ = ((ORIGIN (ram) + LENGTH (ram)) - 0x4)

.text           0x00400000     0x467c
                0x00400000                . = ALIGN (0x4)
                0x00400000                _sfixed = .
 *(.vectors .vectors.*)
 .vectors       0x00400000       0xc4 src/ASF/sam/utils/cmsis/sam3n/source/templates/gcc/startup_sam3n.o
                0x00400000                exception_table
 *(.text .text.* .gnu.linkonce.t.*)
 .text          0x004000c4       0x6c c:/program files (x86)/atmel/studio/7.0/toolchain/arm/arm-gnu-toolchain/bin/../lib/gcc/arm-none-eabi/6.2.1/thumb/v7-m/crtbegin.o
 .text._read    0x00400130       0x3c src/ASF/common/utils/stdio/read.o
                0x00400130                _read
 .text.usart_write
                0x0040016c       0x14 src/ASF/sam/drivers/usart/usart.o
                0x0040016c                usart_write
 .text.usart_read
                0x00400180       0x18 src/ASF/sam/drivers/usart/usart.o
                0x00400180                usart_read
 .text._write   0x00400198       0x50 src/ASF/common/utils/stdio/write.o
                0x00400198                _write
 .text.ili9225_spi_handler
                0x004001e8       0x18 src/ASF/sam/components/display/ili9225/ili9225.o
                0x004001e8                ili9225_spi_handler
 .text.pwm_channel_get_interrupt_status
                0x00400200        0x4 src/ASF/sam/drivers/pwm/pwm.o
                0x00400200                pwm_channel_get_interrupt_status
 .text.tc_init  0x00400204       0x18 src/ASF/sam/drivers/tc/tc.o
                0x00400204                tc_init
 .text.tc_start
                0x0040021c        0x8 src/ASF/sam/drivers/tc/tc.o
                0x0040021c                tc_start
 .text.tc_write_rc
                0x00400224        0x8 src/ASF/sam/drivers/tc/tc.o
                0x00400224                tc_write_rc
 .text.tc_enable_interrupt
                0x0040022c        0x8 src/ASF/sam/drivers/tc/tc.o
                0x0040022c                tc_enable_interrupt
 .text.tc_get_status
                0x00400234        0x8 src/ASF/sam/drivers/tc/tc.o
                0x00400234                tc_get_status
 .text.tc_find_mck_divisor
                0x0040023c       0x70 src/ASF/sam/drivers/tc/tc.o
                0x0040023c                tc_find_mck_divisor
 .text.uart_init
                0x004002ac       0x36 src/ASF/sam/drivers/uart/uart.o
                0x004002ac                uart_init
 .text.uart_write
                0x004002e2       0x10 src/ASF/sam/drivers/uart/uart.o
                0x004002e2                uart_write
 .text.uart_read
                0x004002f2       0x12 src/ASF/sam/drivers/uart/uart.o
                0x004002f2                uart_read
 .text.vReadSensor
                0x00400304       0x2c src/BeamBall.o
                0x00400304                vReadSensor
 .text.vMalhaControle
                0x00400330       0x3c src/BeamBall.o
                0x00400330                vMalhaControle
 .text.usart_serial_getchar
                0x0040036c       0x88 src/Config.o
 .text.usart_serial_putchar
                0x004003f4       0x80 src/Config.o
 .text.vSensorISR
                0x00400474       0x58 src/Config.o
                0x00400474                vSensorISR
 .text.vClearSensorCounter
                0x004004cc        0xc src/Config.o
                0x004004cc                vClearSensorCounter
 .text.vAddSensorCounter
                0x004004d8       0x20 src/Config.o
                0x004004d8                vAddSensorCounter
 .text.vConfigureUART
                0x004004f8       0x98 src/Config.o
                0x004004f8                vConfigureUART
 .text.SPI_Handler
                0x00400590        0xc src/Config.o
                0x00400590                SPI_Handler
 .text.TC0_Handler
                0x0040059c       0x1c src/Config.o
                0x0040059c                TC0_Handler
 .text.TC1_Handler
                0x004005b8       0x2c src/Config.o
                0x004005b8                TC1_Handler
 .text.vConfigureTimer
                0x004005e4       0xa4 src/Config.o
                0x004005e4                vConfigureTimer
 .text.vConfigureSensorISR
                0x00400688       0x78 src/Config.o
                0x00400688                vConfigureSensorISR
 .text.vPWMUpdateDuty
                0x00400700       0x60 src/Config.o
                0x00400700                vPWMUpdateDuty
 .text.PWM_Handler
                0x00400760       0x3c src/Config.o
                0x00400760                PWM_Handler
 .text.sysclk_init
                0x0040079c       0x64 src/ASF/common/services/clock/sam3n/sysclk.o
                0x0040079c                sysclk_init
 .text.board_init
                0x00400800       0xd4 src/ASF/sam/boards/sam3n_ek/init.o
                0x00400800                board_init
 .text.pio_set_peripheral
                0x004008d4       0x90 src/ASF/sam/drivers/pio/pio.o
                0x004008d4                pio_set_peripheral
 .text.pio_set_input
                0x00400964       0x32 src/ASF/sam/drivers/pio/pio.o
                0x00400964                pio_set_input
 .text.pio_set_output
                0x00400996       0x26 src/ASF/sam/drivers/pio/pio.o
                0x00400996                pio_set_output
 .text.pio_pull_down
                0x004009bc        0xe src/ASF/sam/drivers/pio/pio.o
                0x004009bc                pio_pull_down
 .text.pio_configure_interrupt
                0x004009ca       0x2e src/ASF/sam/drivers/pio/pio.o
                0x004009ca                pio_configure_interrupt
 .text.pio_enable_interrupt
                0x004009f8        0x4 src/ASF/sam/drivers/pio/pio.o
                0x004009f8                pio_enable_interrupt
 .text.pio_get_interrupt_status
                0x004009fc        0x4 src/ASF/sam/drivers/pio/pio.o
                0x004009fc                pio_get_interrupt_status
 .text.pio_get_interrupt_mask
                0x00400a00        0x4 src/ASF/sam/drivers/pio/pio.o
                0x00400a00                pio_get_interrupt_mask
 .text.pio_set_pin_high
                0x00400a04       0x1a src/ASF/sam/drivers/pio/pio.o
                0x00400a04                pio_set_pin_high
 .text.pio_set_pin_low
                0x00400a1e       0x1a src/ASF/sam/drivers/pio/pio.o
                0x00400a1e                pio_set_pin_low
 .text.pio_toggle_pin
                0x00400a38       0x20 src/ASF/sam/drivers/pio/pio.o
                0x00400a38                pio_toggle_pin
 .text.pio_configure_pin
                0x00400a58      0x120 src/ASF/sam/drivers/pio/pio.o
                0x00400a58                pio_configure_pin
 .text.pio_configure_pin_group
                0x00400b78       0xd8 src/ASF/sam/drivers/pio/pio.o
                0x00400b78                pio_configure_pin_group
 .text.pio_handler_process
                0x00400c50       0x50 src/ASF/sam/drivers/pio/pio_handler.o
                0x00400c50                pio_handler_process
 .text.pio_handler_set
                0x00400ca0       0x70 src/ASF/sam/drivers/pio/pio_handler.o
                0x00400ca0                pio_handler_set
 .text.PIOA_Handler
                0x00400d10       0x14 src/ASF/sam/drivers/pio/pio_handler.o
                0x00400d10                PIOA_Handler
 .text.PIOB_Handler
                0x00400d24       0x14 src/ASF/sam/drivers/pio/pio_handler.o
                0x00400d24                PIOB_Handler
 .text.PIOC_Handler
                0x00400d38       0x14 src/ASF/sam/drivers/pio/pio_handler.o
                0x00400d38                PIOC_Handler
 .text.pmc_switch_mck_to_pllack
                0x00400d4c       0x64 src/ASF/sam/drivers/pmc/pmc.o
                0x00400d4c                pmc_switch_mck_to_pllack
 .text.pmc_switch_mainck_to_xtal
                0x00400db0       0x54 src/ASF/sam/drivers/pmc/pmc.o
                0x00400db0                pmc_switch_mainck_to_xtal
 .text.pmc_osc_is_ready_mainck
                0x00400e04       0x10 src/ASF/sam/drivers/pmc/pmc.o
                0x00400e04                pmc_osc_is_ready_mainck
 .text.pmc_disable_pllack
                0x00400e14       0x10 src/ASF/sam/drivers/pmc/pmc.o
                0x00400e14                pmc_disable_pllack
 .text.pmc_is_locked_pllack
                0x00400e24       0x10 src/ASF/sam/drivers/pmc/pmc.o
                0x00400e24                pmc_is_locked_pllack
 .text.pmc_enable_periph_clk
                0x00400e34       0x2c src/ASF/sam/drivers/pmc/pmc.o
                0x00400e34                pmc_enable_periph_clk
 .text.Dummy_Handler
                0x00400e60        0x2 src/ASF/sam/utils/cmsis/sam3n/source/templates/exceptions.o
                0x00400e60                DACC_Handler
                0x00400e60                DebugMon_Handler
                0x00400e60                HardFault_Handler
                0x00400e60                TC2_Handler
                0x00400e60                SysTick_Handler
                0x00400e60                TWI1_Handler
                0x00400e60                PendSV_Handler
                0x00400e60                NMI_Handler
                0x00400e60                ADC_Handler
                0x00400e60                USART0_Handler
                0x00400e60                RTT_Handler
                0x00400e60                RTC_Handler
                0x00400e60                UsageFault_Handler
                0x00400e60                WDT_Handler
                0x00400e60                TC4_Handler
                0x00400e60                UART1_Handler
                0x00400e60                TC3_Handler
                0x00400e60                Dummy_Handler
                0x00400e60                TWI0_Handler
                0x00400e60                USART1_Handler
                0x00400e60                PMC_Handler
                0x00400e60                MemManage_Handler
                0x00400e60                SUPC_Handler
                0x00400e60                SVC_Handler
                0x00400e60                EFC_Handler
                0x00400e60                UART0_Handler
                0x00400e60                BusFault_Handler
                0x00400e60                RSTC_Handler
                0x00400e60                TC5_Handler
 *fill*         0x00400e62        0x2 
 .text.Reset_Handler
                0x00400e64       0x98 src/ASF/sam/utils/cmsis/sam3n/source/templates/gcc/startup_sam3n.o
                0x00400e64                Reset_Handler
 .text.SystemCoreClockUpdate
                0x00400efc      0x100 src/ASF/sam/utils/cmsis/sam3n/source/templates/system_sam3n.o
                0x00400efc                SystemCoreClockUpdate
 .text._sbrk    0x00400ffc       0x38 src/ASF/sam/utils/syscalls/gcc/syscalls.o
                0x00400ffc                _sbrk
 .text._close   0x00401034        0x6 src/ASF/sam/utils/syscalls/gcc/syscalls.o
                0x00401034                _close
 .text._fstat   0x0040103a        0xa src/ASF/sam/utils/syscalls/gcc/syscalls.o
                0x0040103a                _fstat
 .text._isatty  0x00401044        0x4 src/ASF/sam/utils/syscalls/gcc/syscalls.o
                0x00401044                _isatty
 .text._lseek   0x00401048        0x4 src/ASF/sam/utils/syscalls/gcc/syscalls.o
                0x00401048                _lseek
 .text.main     0x0040104c       0x3c src/main.o
                0x0040104c                main
 .text          0x00401088      0x370 c:/program files (x86)/atmel/studio/7.0/toolchain/arm/arm-gnu-toolchain/bin/../lib/gcc/arm-none-eabi/6.2.1/thumb/v7-m\libgcc.a(_arm_addsubdf3.o)
                0x00401088                __aeabi_drsub
                0x00401090                __aeabi_dsub
                0x00401090                __subdf3
                0x00401094                __aeabi_dadd
                0x00401094                __adddf3
                0x0040130c                __floatunsidf
                0x0040130c                __aeabi_ui2d
                0x0040132c                __floatsidf
                0x0040132c                __aeabi_i2d
                0x00401350                __aeabi_f2d
                0x00401350                __extendsfdf2
                0x0040138c                __floatundidf
                0x0040138c                __aeabi_ul2d
                0x0040139c                __floatdidf
                0x0040139c                __aeabi_l2d
 .text          0x004013f8       0x40 c:/program files (x86)/atmel/studio/7.0/toolchain/arm/arm-gnu-toolchain/bin/../lib/gcc/arm-none-eabi/6.2.1/thumb/v7-m\libgcc.a(_arm_fixunsdfsi.o)
                0x004013f8                __aeabi_d2uiz
                0x004013f8                __fixunsdfsi
 .text          0x00401438      0x21c c:/program files (x86)/atmel/studio/7.0/toolchain/arm/arm-gnu-toolchain/bin/../lib/gcc/arm-none-eabi/6.2.1/thumb/v7-m\libgcc.a(_arm_addsubsf3.o)
                0x00401438                __aeabi_frsub
                0x00401440                __subsf3
                0x00401440                __aeabi_fsub
                0x00401444                __aeabi_fadd
                0x00401444                __addsf3
                0x004015a4                __aeabi_ui2f
                0x004015a4                __floatunsisf
                0x004015ac                __aeabi_i2f
                0x004015ac                __floatsisf
                0x004015c8                __aeabi_ul2f
                0x004015c8                __floatundisf
                0x004015d8                __aeabi_l2f
                0x004015d8                __floatdisf
 .text.__libc_init_array
                0x00401654       0x50 c:/program files (x86)/atmel/studio/7.0/toolchain/arm/arm-gnu-toolchain/bin/../lib/gcc/arm-none-eabi/6.2.1/../../../../arm-none-eabi/lib/thumb/v7-m\libc.a(lib_a-init.o)
                0x00401654                __libc_init_array
 .text.iprintf  0x004016a4       0x28 c:/program files (x86)/atmel/studio/7.0/toolchain/arm/arm-gnu-toolchain/bin/../lib/gcc/arm-none-eabi/6.2.1/../../../../arm-none-eabi/lib/thumb/v7-m\libc.a(lib_a-iprintf.o)
                0x004016a4                iprintf
 .text.memset   0x004016cc       0x9c c:/program files (x86)/atmel/studio/7.0/toolchain/arm/arm-gnu-toolchain/bin/../lib/gcc/arm-none-eabi/6.2.1/../../../../arm-none-eabi/lib/thumb/v7-m\libc.a(lib_a-memset.o)
                0x004016cc                memset
 .text._puts_r  0x00401768       0x68 c:/program files (x86)/atmel/studio/7.0/toolchain/arm/arm-gnu-toolchain/bin/../lib/gcc/arm-none-eabi/6.2.1/../../../../arm-none-eabi/lib/thumb/v7-m\libc.a(lib_a-puts.o)
                0x00401768                _puts_r
 .text.puts     0x004017d0       0x10 c:/program files (x86)/atmel/studio/7.0/toolchain/arm/arm-gnu-toolchain/bin/../lib/gcc/arm-none-eabi/6.2.1/../../../../arm-none-eabi/lib/thumb/v7-m\libc.a(lib_a-puts.o)
                0x004017d0                puts
 .text.setbuf   0x004017e0       0x10 c:/program files (x86)/atmel/studio/7.0/toolchain/arm/arm-gnu-toolchain/bin/../lib/gcc/arm-none-eabi/6.2.1/../../../../arm-none-eabi/lib/thumb/v7-m\libc.a(lib_a-setbuf.o)
                0x004017e0                setbuf
 .text.setvbuf  0x004017f0      0x14c c:/program files (x86)/atmel/studio/7.0/toolchain/arm/arm-gnu-toolchain/bin/../lib/gcc/arm-none-eabi/6.2.1/../../../../arm-none-eabi/lib/thumb/v7-m\libc.a(lib_a-setvbuf.o)
                0x004017f0                setvbuf
 .text.strlen   0x0040193c       0x5c c:/program files (x86)/atmel/studio/7.0/toolchain/arm/arm-gnu-toolchain/bin/../lib/gcc/arm-none-eabi/6.2.1/../../../../arm-none-eabi/lib/thumb/v7-m\libc.a(lib_a-strlen-stub.o)
                0x0040193c                strlen
 .text.__sprint_r.part.0
                0x00401998       0x80 c:/program files (x86)/atmel/studio/7.0/toolchain/arm/arm-gnu-toolchain/bin/../lib/gcc/arm-none-eabi/6.2.1/../../../../arm-none-eabi/lib/thumb/v7-m\libc.a(lib_a-vfiprintf.o)
 .text._vfiprintf_r
                0x00401a18      0xbf4 c:/program files (x86)/atmel/studio/7.0/toolchain/arm/arm-gnu-toolchain/bin/../lib/gcc/arm-none-eabi/6.2.1/../../../../arm-none-eabi/lib/thumb/v7-m\libc.a(lib_a-vfiprintf.o)
                0x00401a18                _vfiprintf_r
 .text.__sbprintf
                0x0040260c       0x6c c:/program files (x86)/atmel/studio/7.0/toolchain/arm/arm-gnu-toolchain/bin/../lib/gcc/arm-none-eabi/6.2.1/../../../../arm-none-eabi/lib/thumb/v7-m\libc.a(lib_a-vfiprintf.o)
 .text.__swsetup_r
                0x00402678       0xc8 c:/program files (x86)/atmel/studio/7.0/toolchain/arm/arm-gnu-toolchain/bin/../lib/gcc/arm-none-eabi/6.2.1/../../../../arm-none-eabi/lib/thumb/v7-m\libc.a(lib_a-wsetup.o)
                0x00402678                __swsetup_r
 .text.startup.register_fini
                0x00402740       0x14 c:/program files (x86)/atmel/studio/7.0/toolchain/arm/arm-gnu-toolchain/bin/../lib/gcc/arm-none-eabi/6.2.1/../../../../arm-none-eabi/lib/thumb/v7-m\libc.a(lib_a-__call_atexit.o)
 .text.atexit   0x00402754        0xc c:/program files (x86)/atmel/studio/7.0/toolchain/arm/arm-gnu-toolchain/bin/../lib/gcc/arm-none-eabi/6.2.1/../../../../arm-none-eabi/lib/thumb/v7-m\libc.a(lib_a-atexit.o)
                0x00402754                atexit
 .text.__sflush_r
                0x00402760      0x138 c:/program files (x86)/atmel/studio/7.0/toolchain/arm/arm-gnu-toolchain/bin/../lib/gcc/arm-none-eabi/6.2.1/../../../../arm-none-eabi/lib/thumb/v7-m\libc.a(lib_a-fflush.o)
                0x00402760                __sflush_r
 .text._fflush_r
                0x00402898       0x2c c:/program files (x86)/atmel/studio/7.0/toolchain/arm/arm-gnu-toolchain/bin/../lib/gcc/arm-none-eabi/6.2.1/../../../../arm-none-eabi/lib/thumb/v7-m\libc.a(lib_a-fflush.o)
                0x00402898                _fflush_r
 .text._cleanup_r
                0x004028c4        0xc c:/program files (x86)/atmel/studio/7.0/toolchain/arm/arm-gnu-toolchain/bin/../lib/gcc/arm-none-eabi/6.2.1/../../../../arm-none-eabi/lib/thumb/v7-m\libc.a(lib_a-findfp.o)
                0x004028c4                _cleanup_r
 .text.__sinit.part.1
                0x004028d0       0xf0 c:/program files (x86)/atmel/studio/7.0/toolchain/arm/arm-gnu-toolchain/bin/../lib/gcc/arm-none-eabi/6.2.1/../../../../arm-none-eabi/lib/thumb/v7-m\libc.a(lib_a-findfp.o)
 .text.__sinit  0x004029c0        0xc c:/program files (x86)/atmel/studio/7.0/toolchain/arm/arm-gnu-toolchain/bin/../lib/gcc/arm-none-eabi/6.2.1/../../../../arm-none-eabi/lib/thumb/v7-m\libc.a(lib_a-findfp.o)
                0x004029c0                __sinit
 .text.__sfp_lock_acquire
                0x004029cc        0x4 c:/program files (x86)/atmel/studio/7.0/toolchain/arm/arm-gnu-toolchain/bin/../lib/gcc/arm-none-eabi/6.2.1/../../../../arm-none-eabi/lib/thumb/v7-m\libc.a(lib_a-findfp.o)
                0x004029cc                __sfp_lock_acquire
 .text.__sfp_lock_release
                0x004029d0        0x4 c:/program files (x86)/atmel/studio/7.0/toolchain/arm/arm-gnu-toolchain/bin/../lib/gcc/arm-none-eabi/6.2.1/../../../../arm-none-eabi/lib/thumb/v7-m\libc.a(lib_a-findfp.o)
                0x004029d0                __sfp_lock_release
 .text.__libc_fini_array
                0x004029d4       0x34 c:/program files (x86)/atmel/studio/7.0/toolchain/arm/arm-gnu-toolchain/bin/../lib/gcc/arm-none-eabi/6.2.1/../../../../arm-none-eabi/lib/thumb/v7-m\libc.a(lib_a-fini.o)
                0x004029d4                __libc_fini_array
 .text.__fputwc
                0x00402a08       0x98 c:/program files (x86)/atmel/studio/7.0/toolchain/arm/arm-gnu-toolchain/bin/../lib/gcc/arm-none-eabi/6.2.1/../../../../arm-none-eabi/lib/thumb/v7-m\libc.a(lib_a-fputwc.o)
                0x00402a08                __fputwc
 .text._fputwc_r
                0x00402aa0       0x24 c:/program files (x86)/atmel/studio/7.0/toolchain/arm/arm-gnu-toolchain/bin/../lib/gcc/arm-none-eabi/6.2.1/../../../../arm-none-eabi/lib/thumb/v7-m\libc.a(lib_a-fputwc.o)
                0x00402aa0                _fputwc_r
 .text._malloc_trim_r
                0x00402ac4       0xa0 c:/program files (x86)/atmel/studio/7.0/toolchain/arm/arm-gnu-toolchain/bin/../lib/gcc/arm-none-eabi/6.2.1/../../../../arm-none-eabi/lib/thumb/v7-m\libc.a(lib_a-freer.o)
                0x00402ac4                _malloc_trim_r
 .text._free_r  0x00402b64      0x1cc c:/program files (x86)/atmel/studio/7.0/toolchain/arm/arm-gnu-toolchain/bin/../lib/gcc/arm-none-eabi/6.2.1/../../../../arm-none-eabi/lib/thumb/v7-m\libc.a(lib_a-freer.o)
                0x00402b64                _free_r
 .text.__sfvwrite_r
                0x00402d30      0x2f4 c:/program files (x86)/atmel/studio/7.0/toolchain/arm/arm-gnu-toolchain/bin/../lib/gcc/arm-none-eabi/6.2.1/../../../../arm-none-eabi/lib/thumb/v7-m\libc.a(lib_a-fvwrite.o)
                0x00402d30                __sfvwrite_r
 .text._fwalk_reent
                0x00403024       0x50 c:/program files (x86)/atmel/studio/7.0/toolchain/arm/arm-gnu-toolchain/bin/../lib/gcc/arm-none-eabi/6.2.1/../../../../arm-none-eabi/lib/thumb/v7-m\libc.a(lib_a-fwalk.o)
                0x00403024                _fwalk_reent
 .text.__locale_mb_cur_max
                0x00403074       0x1c c:/program files (x86)/atmel/studio/7.0/toolchain/arm/arm-gnu-toolchain/bin/../lib/gcc/arm-none-eabi/6.2.1/../../../../arm-none-eabi/lib/thumb/v7-m\libc.a(lib_a-locale.o)
                0x00403074                __locale_mb_cur_max
 .text.__swhatbuf_r
                0x00403090       0x5c c:/program files (x86)/atmel/studio/7.0/toolchain/arm/arm-gnu-toolchain/bin/../lib/gcc/arm-none-eabi/6.2.1/../../../../arm-none-eabi/lib/thumb/v7-m\libc.a(lib_a-makebuf.o)
                0x00403090                __swhatbuf_r
 .text.__smakebuf_r
                0x004030ec       0x88 c:/program files (x86)/atmel/studio/7.0/toolchain/arm/arm-gnu-toolchain/bin/../lib/gcc/arm-none-eabi/6.2.1/../../../../arm-none-eabi/lib/thumb/v7-m\libc.a(lib_a-makebuf.o)
                0x004030ec                __smakebuf_r
 .text.malloc   0x00403174       0x10 c:/program files (x86)/atmel/studio/7.0/toolchain/arm/arm-gnu-toolchain/bin/../lib/gcc/arm-none-eabi/6.2.1/../../../../arm-none-eabi/lib/thumb/v7-m\libc.a(lib_a-malloc.o)
                0x00403174                malloc
 .text._malloc_r
                0x00403184      0x544 c:/program files (x86)/atmel/studio/7.0/toolchain/arm/arm-gnu-toolchain/bin/../lib/gcc/arm-none-eabi/6.2.1/../../../../arm-none-eabi/lib/thumb/v7-m\libc.a(lib_a-mallocr.o)
                0x00403184                _malloc_r
 .text.__ascii_mbtowc
                0x004036c8       0x2c c:/program files (x86)/atmel/studio/7.0/toolchain/arm/arm-gnu-toolchain/bin/../lib/gcc/arm-none-eabi/6.2.1/../../../../arm-none-eabi/lib/thumb/v7-m\libc.a(lib_a-mbtowc_r.o)
                0x004036c8                __ascii_mbtowc
 .text.memchr   0x004036f4       0x8c c:/program files (x86)/atmel/studio/7.0/toolchain/arm/arm-gnu-toolchain/bin/../lib/gcc/arm-none-eabi/6.2.1/../../../../arm-none-eabi/lib/thumb/v7-m\libc.a(lib_a-memchr-stub.o)
                0x004036f4                memchr
 .text          0x00403780       0xec c:/program files (x86)/atmel/studio/7.0/toolchain/arm/arm-gnu-toolchain/bin/../lib/gcc/arm-none-eabi/6.2.1/../../../../arm-none-eabi/lib/thumb/v7-m\libc.a(lib_a-memcpy.o)
                0x00403780                memcpy
 .text.memmove  0x0040386c       0xc8 c:/program files (x86)/atmel/studio/7.0/toolchain/arm/arm-gnu-toolchain/bin/../lib/gcc/arm-none-eabi/6.2.1/../../../../arm-none-eabi/lib/thumb/v7-m\libc.a(lib_a-memmove.o)
                0x0040386c                memmove
 .text.__malloc_lock
                0x00403934        0x4 c:/program files (x86)/atmel/studio/7.0/toolchain/arm/arm-gnu-toolchain/bin/../lib/gcc/arm-none-eabi/6.2.1/../../../../arm-none-eabi/lib/thumb/v7-m\libc.a(lib_a-mlock.o)
                0x00403934                __malloc_lock
 .text.__malloc_unlock
                0x00403938        0x4 c:/program files (x86)/atmel/studio/7.0/toolchain/arm/arm-gnu-toolchain/bin/../lib/gcc/arm-none-eabi/6.2.1/../../../../arm-none-eabi/lib/thumb/v7-m\libc.a(lib_a-mlock.o)
                0x00403938                __malloc_unlock
 .text._realloc_r
                0x0040393c      0x36c c:/program files (x86)/atmel/studio/7.0/toolchain/arm/arm-gnu-toolchain/bin/../lib/gcc/arm-none-eabi/6.2.1/../../../../arm-none-eabi/lib/thumb/v7-m\libc.a(lib_a-reallocr.o)
                0x0040393c                _realloc_r
 .text._sbrk_r  0x00403ca8       0x24 c:/program files (x86)/atmel/studio/7.0/toolchain/arm/arm-gnu-toolchain/bin/../lib/gcc/arm-none-eabi/6.2.1/../../../../arm-none-eabi/lib/thumb/v7-m\libc.a(lib_a-sbrkr.o)
                0x00403ca8                _sbrk_r
 .text.__sread  0x00403ccc       0x24 c:/program files (x86)/atmel/studio/7.0/toolchain/arm/arm-gnu-toolchain/bin/../lib/gcc/arm-none-eabi/6.2.1/../../../../arm-none-eabi/lib/thumb/v7-m\libc.a(lib_a-stdio.o)
                0x00403ccc                __sread
 .text.__swrite
                0x00403cf0       0x3c c:/program files (x86)/atmel/studio/7.0/toolchain/arm/arm-gnu-toolchain/bin/../lib/gcc/arm-none-eabi/6.2.1/../../../../arm-none-eabi/lib/thumb/v7-m\libc.a(lib_a-stdio.o)
                0x00403cf0                __swrite
 .text.__sseek  0x00403d2c       0x20 c:/program files (x86)/atmel/studio/7.0/toolchain/arm/arm-gnu-toolchain/bin/../lib/gcc/arm-none-eabi/6.2.1/../../../../arm-none-eabi/lib/thumb/v7-m\libc.a(lib_a-stdio.o)
                0x00403d2c                __sseek
 .text.__sclose
                0x00403d4c        0x8 c:/program files (x86)/atmel/studio/7.0/toolchain/arm/arm-gnu-toolchain/bin/../lib/gcc/arm-none-eabi/6.2.1/../../../../arm-none-eabi/lib/thumb/v7-m\libc.a(lib_a-stdio.o)
                0x00403d4c                __sclose
 .text.__swbuf_r
                0x00403d54       0xb0 c:/program files (x86)/atmel/studio/7.0/toolchain/arm/arm-gnu-toolchain/bin/../lib/gcc/arm-none-eabi/6.2.1/../../../../arm-none-eabi/lib/thumb/v7-m\libc.a(lib_a-wbuf.o)
                0x00403d54                __swbuf_r
 .text._wcrtomb_r
                0x00403e04       0x54 c:/program files (x86)/atmel/studio/7.0/toolchain/arm/arm-gnu-toolchain/bin/../lib/gcc/arm-none-eabi/6.2.1/../../../../arm-none-eabi/lib/thumb/v7-m\libc.a(lib_a-wcrtomb.o)
                0x00403e04                _wcrtomb_r
 .text.__ascii_wctomb
                0x00403e58       0x18 c:/program files (x86)/atmel/studio/7.0/toolchain/arm/arm-gnu-toolchain/bin/../lib/gcc/arm-none-eabi/6.2.1/../../../../arm-none-eabi/lib/thumb/v7-m\libc.a(lib_a-wctomb_r.o)
                0x00403e58                __ascii_wctomb
 .text._write_r
                0x00403e70       0x2c c:/program files (x86)/atmel/studio/7.0/toolchain/arm/arm-gnu-toolchain/bin/../lib/gcc/arm-none-eabi/6.2.1/../../../../arm-none-eabi/lib/thumb/v7-m\libc.a(lib_a-writer.o)
                0x00403e70                _write_r
 .text.__register_exitproc
                0x00403e9c       0xac c:/program files (x86)/atmel/studio/7.0/toolchain/arm/arm-gnu-toolchain/bin/../lib/gcc/arm-none-eabi/6.2.1/../../../../arm-none-eabi/lib/thumb/v7-m\libc.a(lib_a-__atexit.o)
                0x00403e9c                __register_exitproc
 .text._close_r
                0x00403f48       0x24 c:/program files (x86)/atmel/studio/7.0/toolchain/arm/arm-gnu-toolchain/bin/../lib/gcc/arm-none-eabi/6.2.1/../../../../arm-none-eabi/lib/thumb/v7-m\libc.a(lib_a-closer.o)
                0x00403f48                _close_r
 .text._fclose_r
                0x00403f6c       0x80 c:/program files (x86)/atmel/studio/7.0/toolchain/arm/arm-gnu-toolchain/bin/../lib/gcc/arm-none-eabi/6.2.1/../../../../arm-none-eabi/lib/thumb/v7-m\libc.a(lib_a-fclose.o)
                0x00403f6c                _fclose_r
 .text._fstat_r
                0x00403fec       0x28 c:/program files (x86)/atmel/studio/7.0/toolchain/arm/arm-gnu-toolchain/bin/../lib/gcc/arm-none-eabi/6.2.1/../../../../arm-none-eabi/lib/thumb/v7-m\libc.a(lib_a-fstatr.o)
                0x00403fec                _fstat_r
 .text._isatty_r
                0x00404014       0x24 c:/program files (x86)/atmel/studio/7.0/toolchain/arm/arm-gnu-toolchain/bin/../lib/gcc/arm-none-eabi/6.2.1/../../../../arm-none-eabi/lib/thumb/v7-m\libc.a(lib_a-isattyr.o)
                0x00404014                _isatty_r
 .text._lseek_r
                0x00404038       0x2c c:/program files (x86)/atmel/studio/7.0/toolchain/arm/arm-gnu-toolchain/bin/../lib/gcc/arm-none-eabi/6.2.1/../../../../arm-none-eabi/lib/thumb/v7-m\libc.a(lib_a-lseekr.o)
                0x00404038                _lseek_r
 .text._read_r  0x00404064       0x2c c:/program files (x86)/atmel/studio/7.0/toolchain/arm/arm-gnu-toolchain/bin/../lib/gcc/arm-none-eabi/6.2.1/../../../../arm-none-eabi/lib/thumb/v7-m\libc.a(lib_a-readr.o)
                0x00404064                _read_r
 .text          0x00404090       0x30 c:/program files (x86)/atmel/studio/7.0/toolchain/arm/arm-gnu-toolchain/bin/../lib/gcc/arm-none-eabi/6.2.1/thumb/v7-m\libgcc.a(_aeabi_uldivmod.o)
                0x00404090                __aeabi_uldivmod
 .text          0x004040c0      0x2dc c:/program files (x86)/atmel/studio/7.0/toolchain/arm/arm-gnu-toolchain/bin/../lib/gcc/arm-none-eabi/6.2.1/thumb/v7-m\libgcc.a(_udivmoddi4.o)
                0x004040c0                __udivmoddi4
 .text          0x0040439c        0x4 c:/program files (x86)/atmel/studio/7.0/toolchain/arm/arm-gnu-toolchain/bin/../lib/gcc/arm-none-eabi/6.2.1/thumb/v7-m\libgcc.a(_dvmd_tls.o)
                0x0040439c                __aeabi_idiv0
                0x0040439c                __aeabi_ldiv0
 *(.glue_7t)
 .glue_7t       0x004043a0        0x0 linker stubs
 *(.glue_7)
 .glue_7        0x004043a0        0x0 linker stubs
 *(.rodata .rodata* .gnu.linkonce.r.*)
 .rodata.vMalhaControle.str1.4
                0x004043a0       0x2f src/BeamBall.o
 *fill*         0x004043cf        0x1 
 .rodata.PWM_Handler.str1.4
                0x004043d0       0x12 src/Config.o
 *fill*         0x004043e2        0x2 
 .rodata.TC1_Handler.str1.4
                0x004043e4        0xb src/Config.o
 *fill*         0x004043ef        0x1 
 .rodata.vAddSensorCounter.str1.4
                0x004043f0       0x16 src/Config.o
 *fill*         0x00404406        0x2 
 .rodata.vConfigureSensorISR.str1.4
                0x00404408       0x1b src/Config.o
 *fill*         0x00404423        0x1 
 .rodata.vConfigureTimer.str1.4
                0x00404424       0x3e src/Config.o
 *fill*         0x00404462        0x2 
 .rodata.vPWMUpdateDuty.str1.4
                0x00404464       0x3f src/Config.o
 *fill*         0x004044a3        0x1 
 .rodata.vSensorISR.str1.4
                0x004044a4       0x2e src/Config.o
 *fill*         0x004044d2        0x2 
 .rodata.main.str1.4
                0x004044d4       0x19 src/main.o
 *fill*         0x004044ed        0x3 
 .rodata._global_impure_ptr
                0x004044f0        0x4 c:/program files (x86)/atmel/studio/7.0/toolchain/arm/arm-gnu-toolchain/bin/../lib/gcc/arm-none-eabi/6.2.1/../../../../arm-none-eabi/lib/thumb/v7-m\libc.a(lib_a-impure.o)
                0x004044f0                _global_impure_ptr
 .rodata._puts_r.str1.4
                0x004044f4       0x19 c:/program files (x86)/atmel/studio/7.0/toolchain/arm/arm-gnu-toolchain/bin/../lib/gcc/arm-none-eabi/6.2.1/../../../../arm-none-eabi/lib/thumb/v7-m\libc.a(lib_a-puts.o)
                                  0x2 (size before relaxing)
 .rodata._vfiprintf_r.str1.4
                0x004044f4       0x2f c:/program files (x86)/atmel/studio/7.0/toolchain/arm/arm-gnu-toolchain/bin/../lib/gcc/arm-none-eabi/6.2.1/../../../../arm-none-eabi/lib/thumb/v7-m\libc.a(lib_a-vfiprintf.o)
 *fill*         0x00404523        0x1 
 .rodata.blanks.7202
                0x00404524       0x10 c:/program files (x86)/atmel/studio/7.0/toolchain/arm/arm-gnu-toolchain/bin/../lib/gcc/arm-none-eabi/6.2.1/../../../../arm-none-eabi/lib/thumb/v7-m\libc.a(lib_a-vfiprintf.o)
 .rodata.zeroes.7203
                0x00404534       0x10 c:/program files (x86)/atmel/studio/7.0/toolchain/arm/arm-gnu-toolchain/bin/../lib/gcc/arm-none-eabi/6.2.1/../../../../arm-none-eabi/lib/thumb/v7-m\libc.a(lib_a-vfiprintf.o)
 .rodata._setlocale_r.str1.4
                0x00404544        0xa c:/program files (x86)/atmel/studio/7.0/toolchain/arm/arm-gnu-toolchain/bin/../lib/gcc/arm-none-eabi/6.2.1/../../../../arm-none-eabi/lib/thumb/v7-m\libc.a(lib_a-locale.o)
                                  0xd (size before relaxing)
 *fill*         0x0040454e        0x2 
 .rodata.str1.4
                0x00404550        0x4 c:/program files (x86)/atmel/studio/7.0/toolchain/arm/arm-gnu-toolchain/bin/../lib/gcc/arm-none-eabi/6.2.1/../../../../arm-none-eabi/lib/thumb/v7-m\libc.a(lib_a-locale.o)
                                  0x2 (size before relaxing)
 .rodata._ctype_
                0x00404554      0x101 c:/program files (x86)/atmel/studio/7.0/toolchain/arm/arm-gnu-toolchain/bin/../lib/gcc/arm-none-eabi/6.2.1/../../../../arm-none-eabi/lib/thumb/v7-m\libc.a(lib_a-ctype_.o)
                0x00404554                _ctype_
 *(.ARM.extab* .gnu.linkonce.armextab.*)
                0x00404658                . = ALIGN (0x4)
 *fill*         0x00404655        0x3 
 *(.init)
 .init          0x00404658        0x4 c:/program files (x86)/atmel/studio/7.0/toolchain/arm/arm-gnu-toolchain/bin/../lib/gcc/arm-none-eabi/6.2.1/thumb/v7-m/crti.o
                0x00404658                _init
 .init          0x0040465c        0x8 c:/program files (x86)/atmel/studio/7.0/toolchain/arm/arm-gnu-toolchain/bin/../lib/gcc/arm-none-eabi/6.2.1/thumb/v7-m/crtn.o
                0x00404664                . = ALIGN (0x4)
                0x00404664                __preinit_array_start = .
 *(.preinit_array)
                0x00404664                __preinit_array_end = .
                0x00404664                . = ALIGN (0x4)
                0x00404664                __init_array_start = .
 *(SORT(.init_array.*))
 .init_array.00000
                0x00404664        0x4 c:/program files (x86)/atmel/studio/7.0/toolchain/arm/arm-gnu-toolchain/bin/../lib/gcc/arm-none-eabi/6.2.1/../../../../arm-none-eabi/lib/thumb/v7-m\libc.a(lib_a-__call_atexit.o)
 *(.init_array)
 .init_array    0x00404668        0x4 c:/program files (x86)/atmel/studio/7.0/toolchain/arm/arm-gnu-toolchain/bin/../lib/gcc/arm-none-eabi/6.2.1/thumb/v7-m/crtbegin.o
                0x0040466c                __init_array_end = .
                0x0040466c                . = ALIGN (0x4)
 *crtbegin.o(.ctors)
 *(EXCLUDE_FILE(*crtend.o) .ctors)
 *(SORT(.ctors.*))
 *crtend.o(.ctors)
                0x0040466c                . = ALIGN (0x4)
 *(.fini)
 .fini          0x0040466c        0x4 c:/program files (x86)/atmel/studio/7.0/toolchain/arm/arm-gnu-toolchain/bin/../lib/gcc/arm-none-eabi/6.2.1/thumb/v7-m/crti.o
                0x0040466c                _fini
 .fini          0x00404670        0x8 c:/program files (x86)/atmel/studio/7.0/toolchain/arm/arm-gnu-toolchain/bin/../lib/gcc/arm-none-eabi/6.2.1/thumb/v7-m/crtn.o
                0x00404678                . = ALIGN (0x4)
                0x00404678                __fini_array_start = .
 *(.fini_array)
 .fini_array    0x00404678        0x4 c:/program files (x86)/atmel/studio/7.0/toolchain/arm/arm-gnu-toolchain/bin/../lib/gcc/arm-none-eabi/6.2.1/thumb/v7-m/crtbegin.o
 *(SORT(.fini_array.*))
                0x0040467c                __fini_array_end = .
 *crtbegin.o(.dtors)
 *(EXCLUDE_FILE(*crtend.o) .dtors)
 *(SORT(.dtors.*))
 *crtend.o(.dtors)
                0x0040467c                . = ALIGN (0x4)
                0x0040467c                _efixed = .
                [!provide]                PROVIDE (__exidx_start, .)

.vfp11_veneer   0x0040467c        0x0
 .vfp11_veneer  0x0040467c        0x0 linker stubs

.v4_bx          0x0040467c        0x0
 .v4_bx         0x0040467c        0x0 linker stubs

.iplt           0x0040467c        0x0
 .iplt          0x0040467c        0x0 c:/program files (x86)/atmel/studio/7.0/toolchain/arm/arm-gnu-toolchain/bin/../lib/gcc/arm-none-eabi/6.2.1/thumb/v7-m/crtbegin.o

.ARM.exidx      0x0040467c        0x8
 *(.ARM.exidx* .gnu.linkonce.armexidx.*)
 .ARM.exidx     0x0040467c        0x8 c:/program files (x86)/atmel/studio/7.0/toolchain/arm/arm-gnu-toolchain/bin/../lib/gcc/arm-none-eabi/6.2.1/thumb/v7-m\libgcc.a(_udivmoddi4.o)
                [!provide]                PROVIDE (__exidx_end, .)

.eh_frame       0x00404684        0x0
 .eh_frame      0x00404684        0x0 c:/program files (x86)/atmel/studio/7.0/toolchain/arm/arm-gnu-toolchain/bin/../lib/gcc/arm-none-eabi/6.2.1/thumb/v7-m/crtbegin.o

.rel.dyn        0x00404684        0x0
 .rel.iplt      0x00404684        0x0 c:/program files (x86)/atmel/studio/7.0/toolchain/arm/arm-gnu-toolchain/bin/../lib/gcc/arm-none-eabi/6.2.1/thumb/v7-m/crtbegin.o

.jcr            0x00404684        0x0
 .jcr           0x00404684        0x0 c:/program files (x86)/atmel/studio/7.0/toolchain/arm/arm-gnu-toolchain/bin/../lib/gcc/arm-none-eabi/6.2.1/thumb/v7-m/crtbegin.o

.igot.plt       0x00404684        0x0
 .igot.plt      0x00404684        0x0 c:/program files (x86)/atmel/studio/7.0/toolchain/arm/arm-gnu-toolchain/bin/../lib/gcc/arm-none-eabi/6.2.1/thumb/v7-m/crtbegin.o
                0x00404684                . = ALIGN (0x4)
                0x00404684                _etext = .

.relocate       0x20000000      0xab4 load address 0x00404684
                0x20000000                . = ALIGN (0x4)
                0x20000000                _srelocate = .
 *(.ramfunc .ramfunc.*)
 .ramfunc       0x20000000        0xa src/ASF/common/services/delay/sam/cycle_counter.o
                0x20000000                portable_delay_cycles
 *fill*         0x2000000a        0x2 
 .ramfunc       0x2000000c       0xe4 src/ASF/sam/utils/cmsis/sam3n/source/templates/system_sam3n.o
                0x2000000c                SystemInit
                0x200000ac                system_init_flash
 *(.data .data.*)
 .data.btn_duty
                0x200000f0        0x4 src/Config.o
                0x200000f0                btn_duty
 .data.usart_options.8098
                0x200000f4       0x10 src/Config.o
 .data.SystemCoreClock
                0x20000104        0x4 src/ASF/sam/utils/cmsis/sam3n/source/templates/system_sam3n.o
                0x20000104                SystemCoreClock
 .data._impure_ptr
                0x20000108        0x4 c:/program files (x86)/atmel/studio/7.0/toolchain/arm/arm-gnu-toolchain/bin/../lib/gcc/arm-none-eabi/6.2.1/../../../../arm-none-eabi/lib/thumb/v7-m\libc.a(lib_a-impure.o)
                0x20000108                _impure_ptr
 *fill*         0x2000010c        0x4 
 .data.impure_data
                0x20000110      0x428 c:/program files (x86)/atmel/studio/7.0/toolchain/arm/arm-gnu-toolchain/bin/../lib/gcc/arm-none-eabi/6.2.1/../../../../arm-none-eabi/lib/thumb/v7-m\libc.a(lib_a-impure.o)
 .data.__global_locale
                0x20000538      0x16c c:/program files (x86)/atmel/studio/7.0/toolchain/arm/arm-gnu-toolchain/bin/../lib/gcc/arm-none-eabi/6.2.1/../../../../arm-none-eabi/lib/thumb/v7-m\libc.a(lib_a-locale.o)
                0x20000538                __global_locale
 .data.__malloc_av_
                0x200006a4      0x408 c:/program files (x86)/atmel/studio/7.0/toolchain/arm/arm-gnu-toolchain/bin/../lib/gcc/arm-none-eabi/6.2.1/../../../../arm-none-eabi/lib/thumb/v7-m\libc.a(lib_a-mallocr.o)
                0x200006a4                __malloc_av_
 .data.__malloc_sbrk_base
                0x20000aac        0x4 c:/program files (x86)/atmel/studio/7.0/toolchain/arm/arm-gnu-toolchain/bin/../lib/gcc/arm-none-eabi/6.2.1/../../../../arm-none-eabi/lib/thumb/v7-m\libc.a(lib_a-mallocr.o)
                0x20000aac                __malloc_sbrk_base
 .data.__malloc_trim_threshold
                0x20000ab0        0x4 c:/program files (x86)/atmel/studio/7.0/toolchain/arm/arm-gnu-toolchain/bin/../lib/gcc/arm-none-eabi/6.2.1/../../../../arm-none-eabi/lib/thumb/v7-m\libc.a(lib_a-mallocr.o)
                0x20000ab0                __malloc_trim_threshold
                0x20000ab4                . = ALIGN (0x4)
                0x20000ab4                _erelocate = .

.bss            0x20000ab4       0xe0 load address 0x00405138
                0x20000ab4                . = ALIGN (0x4)
                0x20000ab4                _sbss = .
                0x20000ab4                _szero = .
 *(.bss .bss.*)
 .bss           0x20000ab4       0x1c c:/program files (x86)/atmel/studio/7.0/toolchain/arm/arm-gnu-toolchain/bin/../lib/gcc/arm-none-eabi/6.2.1/thumb/v7-m/crtbegin.o
 .bss.g_by_transfend_flag
                0x20000ad0        0x1 src/ASF/sam/components/display/ili9225/ili9225.o
 *fill*         0x20000ad1        0x3 
 .bss.sensor_counter
                0x20000ad4        0x4 src/Config.o
 .bss.gs_interrupt_sources
                0x20000ad8       0x70 src/ASF/sam/drivers/pio/pio_handler.o
 .bss.gs_ul_nb_sources
                0x20000b48        0x4 src/ASF/sam/drivers/pio/pio_handler.o
 .bss.heap.5277
                0x20000b4c        0x4 src/ASF/sam/utils/syscalls/gcc/syscalls.o
 .bss.__malloc_current_mallinfo
                0x20000b50       0x28 c:/program files (x86)/atmel/studio/7.0/toolchain/arm/arm-gnu-toolchain/bin/../lib/gcc/arm-none-eabi/6.2.1/../../../../arm-none-eabi/lib/thumb/v7-m\libc.a(lib_a-mallocr.o)
                0x20000b50                __malloc_current_mallinfo
 .bss.__malloc_max_sbrked_mem
                0x20000b78        0x4 c:/program files (x86)/atmel/studio/7.0/toolchain/arm/arm-gnu-toolchain/bin/../lib/gcc/arm-none-eabi/6.2.1/../../../../arm-none-eabi/lib/thumb/v7-m\libc.a(lib_a-mallocr.o)
                0x20000b78                __malloc_max_sbrked_mem
 .bss.__malloc_max_total_mem
                0x20000b7c        0x4 c:/program files (x86)/atmel/studio/7.0/toolchain/arm/arm-gnu-toolchain/bin/../lib/gcc/arm-none-eabi/6.2.1/../../../../arm-none-eabi/lib/thumb/v7-m\libc.a(lib_a-mallocr.o)
                0x20000b7c                __malloc_max_total_mem
 .bss.__malloc_top_pad
                0x20000b80        0x4 c:/program files (x86)/atmel/studio/7.0/toolchain/arm/arm-gnu-toolchain/bin/../lib/gcc/arm-none-eabi/6.2.1/../../../../arm-none-eabi/lib/thumb/v7-m\libc.a(lib_a-mallocr.o)
                0x20000b80                __malloc_top_pad
 *(COMMON)
 COMMON         0x20000b84        0x4 src/ASF/common/utils/stdio/read.o
                0x20000b84                ptr_get
 COMMON         0x20000b88        0x8 src/ASF/common/utils/stdio/write.o
                0x20000b88                ptr_put
                0x20000b8c                stdio_base
 COMMON         0x20000b90        0x4 c:/program files (x86)/atmel/studio/7.0/toolchain/arm/arm-gnu-toolchain/bin/../lib/gcc/arm-none-eabi/6.2.1/../../../../arm-none-eabi/lib/thumb/v7-m\libc.a(lib_a-reent.o)
                0x20000b90                errno
                0x20000b94                . = ALIGN (0x4)
                0x20000b94                _ebss = .
                0x20000b94                _ezero = .

.stack          0x20000b94      0x804 load address 0x00405218
                0x20000b98                . = ALIGN (0x8)
 *fill*         0x20000b94        0x4 
                0x20000b98                _sstack = .
                0x20001398                . = (. + __stack_size__)
 *fill*         0x20000b98      0x800 
                0x20001398                . = ALIGN (0x8)
                0x20001398                _estack = .
                0x20001398                . = ALIGN (0x4)
                0x20001398                _end = .
OUTPUT(BeamBall.elf elf32-littlearm)

.ARM.attributes
                0x00000000       0x29
 .ARM.attributes
                0x00000000       0x1d c:/program files (x86)/atmel/studio/7.0/toolchain/arm/arm-gnu-toolchain/bin/../lib/gcc/arm-none-eabi/6.2.1/thumb/v7-m/crti.o
 .ARM.attributes
                0x0000001d       0x2d c:/program files (x86)/atmel/studio/7.0/toolchain/arm/arm-gnu-toolchain/bin/../lib/gcc/arm-none-eabi/6.2.1/thumb/v7-m/crtbegin.o
 .ARM.attributes
                0x0000004a       0x33 src/ASF/common/utils/stdio/read.o
 .ARM.attributes
                0x0000007d       0x33 src/ASF/sam/drivers/usart/usart.o
 .ARM.attributes
                0x000000b0       0x33 src/ASF/common/utils/stdio/write.o
 .ARM.attributes
                0x000000e3       0x33 src/ASF/common/services/delay/sam/cycle_counter.o
 .ARM.attributes
                0x00000116       0x33 src/ASF/sam/components/display/ili9225/ili9225.o
 .ARM.attributes
                0x00000149       0x33 src/ASF/sam/drivers/pwm/pwm.o
 .ARM.attributes
                0x0000017c       0x33 src/ASF/sam/drivers/tc/tc.o
 .ARM.attributes
                0x000001af       0x33 src/ASF/sam/drivers/uart/uart.o
 .ARM.attributes
                0x000001e2       0x33 src/BeamBall.o
 .ARM.attributes
                0x00000215       0x33 src/Config.o
 .ARM.attributes
                0x00000248       0x33 src/ASF/common/services/clock/sam3n/sysclk.o
 .ARM.attributes
                0x0000027b       0x33 src/ASF/sam/boards/sam3n_ek/init.o
 .ARM.attributes
                0x000002ae       0x33 src/ASF/sam/drivers/pio/pio.o
 .ARM.attributes
                0x000002e1       0x33 src/ASF/sam/drivers/pio/pio_handler.o
 .ARM.attributes
                0x00000314       0x33 src/ASF/sam/drivers/pmc/pmc.o
 .ARM.attributes
                0x00000347       0x33 src/ASF/sam/utils/cmsis/sam3n/source/templates/exceptions.o
 .ARM.attributes
                0x0000037a       0x33 src/ASF/sam/utils/cmsis/sam3n/source/templates/gcc/startup_sam3n.o
 .ARM.attributes
                0x000003ad       0x33 src/ASF/sam/utils/cmsis/sam3n/source/templates/system_sam3n.o
 .ARM.attributes
                0x000003e0       0x33 src/ASF/sam/utils/syscalls/gcc/syscalls.o
 .ARM.attributes
                0x00000413       0x33 src/main.o
 .ARM.attributes
                0x00000446       0x1d c:/program files (x86)/atmel/studio/7.0/toolchain/arm/arm-gnu-toolchain/bin/../lib/gcc/arm-none-eabi/6.2.1/thumb/v7-m\libgcc.a(_arm_addsubdf3.o)
 .ARM.attributes
                0x00000463       0x1d c:/program files (x86)/atmel/studio/7.0/toolchain/arm/arm-gnu-toolchain/bin/../lib/gcc/arm-none-eabi/6.2.1/thumb/v7-m\libgcc.a(_arm_fixunsdfsi.o)
 .ARM.attributes
                0x00000480       0x1d c:/program files (x86)/atmel/studio/7.0/toolchain/arm/arm-gnu-toolchain/bin/../lib/gcc/arm-none-eabi/6.2.1/thumb/v7-m\libgcc.a(_arm_addsubsf3.o)
 .ARM.attributes
                0x0000049d       0x2d c:/program files (x86)/atmel/studio/7.0/toolchain/arm/arm-gnu-toolchain/bin/../lib/gcc/arm-none-eabi/6.2.1/../../../../arm-none-eabi/lib/thumb/v7-m\libc.a(lib_a-impure.o)
 .ARM.attributes
                0x000004ca       0x2d c:/program files (x86)/atmel/studio/7.0/toolchain/arm/arm-gnu-toolchain/bin/../lib/gcc/arm-none-eabi/6.2.1/../../../../arm-none-eabi/lib/thumb/v7-m\libc.a(lib_a-init.o)
 .ARM.attributes
                0x000004f7       0x2d c:/program files (x86)/atmel/studio/7.0/toolchain/arm/arm-gnu-toolchain/bin/../lib/gcc/arm-none-eabi/6.2.1/../../../../arm-none-eabi/lib/thumb/v7-m\libc.a(lib_a-iprintf.o)
 .ARM.attributes
                0x00000524       0x2d c:/program files (x86)/atmel/studio/7.0/toolchain/arm/arm-gnu-toolchain/bin/../lib/gcc/arm-none-eabi/6.2.1/../../../../arm-none-eabi/lib/thumb/v7-m\libc.a(lib_a-memset.o)
 .ARM.attributes
                0x00000551       0x2d c:/program files (x86)/atmel/studio/7.0/toolchain/arm/arm-gnu-toolchain/bin/../lib/gcc/arm-none-eabi/6.2.1/../../../../arm-none-eabi/lib/thumb/v7-m\libc.a(lib_a-puts.o)
 .ARM.attributes
                0x0000057e       0x2d c:/program files (x86)/atmel/studio/7.0/toolchain/arm/arm-gnu-toolchain/bin/../lib/gcc/arm-none-eabi/6.2.1/../../../../arm-none-eabi/lib/thumb/v7-m\libc.a(lib_a-setbuf.o)
 .ARM.attributes
                0x000005ab       0x2d c:/program files (x86)/atmel/studio/7.0/toolchain/arm/arm-gnu-toolchain/bin/../lib/gcc/arm-none-eabi/6.2.1/../../../../arm-none-eabi/lib/thumb/v7-m\libc.a(lib_a-setvbuf.o)
 .ARM.attributes
                0x000005d8       0x2d c:/program files (x86)/atmel/studio/7.0/toolchain/arm/arm-gnu-toolchain/bin/../lib/gcc/arm-none-eabi/6.2.1/../../../../arm-none-eabi/lib/thumb/v7-m\libc.a(lib_a-strlen-stub.o)
 .ARM.attributes
                0x00000605       0x2d c:/program files (x86)/atmel/studio/7.0/toolchain/arm/arm-gnu-toolchain/bin/../lib/gcc/arm-none-eabi/6.2.1/../../../../arm-none-eabi/lib/thumb/v7-m\libc.a(lib_a-vfiprintf.o)
 .ARM.attributes
                0x00000632       0x2d c:/program files (x86)/atmel/studio/7.0/toolchain/arm/arm-gnu-toolchain/bin/../lib/gcc/arm-none-eabi/6.2.1/../../../../arm-none-eabi/lib/thumb/v7-m\libc.a(lib_a-wsetup.o)
 .ARM.attributes
                0x0000065f       0x2d c:/program files (x86)/atmel/studio/7.0/toolchain/arm/arm-gnu-toolchain/bin/../lib/gcc/arm-none-eabi/6.2.1/../../../../arm-none-eabi/lib/thumb/v7-m\libc.a(lib_a-__call_atexit.o)
 .ARM.attributes
                0x0000068c       0x2d c:/program files (x86)/atmel/studio/7.0/toolchain/arm/arm-gnu-toolchain/bin/../lib/gcc/arm-none-eabi/6.2.1/../../../../arm-none-eabi/lib/thumb/v7-m\libc.a(lib_a-atexit.o)
 .ARM.attributes
                0x000006b9       0x2d c:/program files (x86)/atmel/studio/7.0/toolchain/arm/arm-gnu-toolchain/bin/../lib/gcc/arm-none-eabi/6.2.1/../../../../arm-none-eabi/lib/thumb/v7-m\libc.a(lib_a-fflush.o)
 .ARM.attributes
                0x000006e6       0x2d c:/program files (x86)/atmel/studio/7.0/toolchain/arm/arm-gnu-toolchain/bin/../lib/gcc/arm-none-eabi/6.2.1/../../../../arm-none-eabi/lib/thumb/v7-m\libc.a(lib_a-findfp.o)
 .ARM.attributes
                0x00000713       0x2d c:/program files (x86)/atmel/studio/7.0/toolchain/arm/arm-gnu-toolchain/bin/../lib/gcc/arm-none-eabi/6.2.1/../../../../arm-none-eabi/lib/thumb/v7-m\libc.a(lib_a-fini.o)
 .ARM.attributes
                0x00000740       0x2d c:/program files (x86)/atmel/studio/7.0/toolchain/arm/arm-gnu-toolchain/bin/../lib/gcc/arm-none-eabi/6.2.1/../../../../arm-none-eabi/lib/thumb/v7-m\libc.a(lib_a-fputwc.o)
 .ARM.attributes
                0x0000076d       0x2d c:/program files (x86)/atmel/studio/7.0/toolchain/arm/arm-gnu-toolchain/bin/../lib/gcc/arm-none-eabi/6.2.1/../../../../arm-none-eabi/lib/thumb/v7-m\libc.a(lib_a-freer.o)
 .ARM.attributes
                0x0000079a       0x2d c:/program files (x86)/atmel/studio/7.0/toolchain/arm/arm-gnu-toolchain/bin/../lib/gcc/arm-none-eabi/6.2.1/../../../../arm-none-eabi/lib/thumb/v7-m\libc.a(lib_a-fvwrite.o)
 .ARM.attributes
                0x000007c7       0x2d c:/program files (x86)/atmel/studio/7.0/toolchain/arm/arm-gnu-toolchain/bin/../lib/gcc/arm-none-eabi/6.2.1/../../../../arm-none-eabi/lib/thumb/v7-m\libc.a(lib_a-fwalk.o)
 .ARM.attributes
                0x000007f4       0x2d c:/program files (x86)/atmel/studio/7.0/toolchain/arm/arm-gnu-toolchain/bin/../lib/gcc/arm-none-eabi/6.2.1/../../../../arm-none-eabi/lib/thumb/v7-m\libc.a(lib_a-locale.o)
 .ARM.attributes
                0x00000821       0x2d c:/program files (x86)/atmel/studio/7.0/toolchain/arm/arm-gnu-toolchain/bin/../lib/gcc/arm-none-eabi/6.2.1/../../../../arm-none-eabi/lib/thumb/v7-m\libc.a(lib_a-makebuf.o)
 .ARM.attributes
                0x0000084e       0x2d c:/program files (x86)/atmel/studio/7.0/toolchain/arm/arm-gnu-toolchain/bin/../lib/gcc/arm-none-eabi/6.2.1/../../../../arm-none-eabi/lib/thumb/v7-m\libc.a(lib_a-malloc.o)
 .ARM.attributes
                0x0000087b       0x2d c:/program files (x86)/atmel/studio/7.0/toolchain/arm/arm-gnu-toolchain/bin/../lib/gcc/arm-none-eabi/6.2.1/../../../../arm-none-eabi/lib/thumb/v7-m\libc.a(lib_a-mallocr.o)
 .ARM.attributes
                0x000008a8       0x2d c:/program files (x86)/atmel/studio/7.0/toolchain/arm/arm-gnu-toolchain/bin/../lib/gcc/arm-none-eabi/6.2.1/../../../../arm-none-eabi/lib/thumb/v7-m\libc.a(lib_a-mbtowc_r.o)
 .ARM.attributes
                0x000008d5       0x2d c:/program files (x86)/atmel/studio/7.0/toolchain/arm/arm-gnu-toolchain/bin/../lib/gcc/arm-none-eabi/6.2.1/../../../../arm-none-eabi/lib/thumb/v7-m\libc.a(lib_a-memchr-stub.o)
 .ARM.attributes
                0x00000902       0x1b c:/program files (x86)/atmel/studio/7.0/toolchain/arm/arm-gnu-toolchain/bin/../lib/gcc/arm-none-eabi/6.2.1/../../../../arm-none-eabi/lib/thumb/v7-m\libc.a(lib_a-memcpy.o)
 .ARM.attributes
                0x0000091d       0x2d c:/program files (x86)/atmel/studio/7.0/toolchain/arm/arm-gnu-toolchain/bin/../lib/gcc/arm-none-eabi/6.2.1/../../../../arm-none-eabi/lib/thumb/v7-m\libc.a(lib_a-memmove.o)
 .ARM.attributes
                0x0000094a       0x2d c:/program files (x86)/atmel/studio/7.0/toolchain/arm/arm-gnu-toolchain/bin/../lib/gcc/arm-none-eabi/6.2.1/../../../../arm-none-eabi/lib/thumb/v7-m\libc.a(lib_a-mlock.o)
 .ARM.attributes
                0x00000977       0x2d c:/program files (x86)/atmel/studio/7.0/toolchain/arm/arm-gnu-toolchain/bin/../lib/gcc/arm-none-eabi/6.2.1/../../../../arm-none-eabi/lib/thumb/v7-m\libc.a(lib_a-reallocr.o)
 .ARM.attributes
                0x000009a4       0x2d c:/program files (x86)/atmel/studio/7.0/toolchain/arm/arm-gnu-toolchain/bin/../lib/gcc/arm-none-eabi/6.2.1/../../../../arm-none-eabi/lib/thumb/v7-m\libc.a(lib_a-sbrkr.o)
 .ARM.attributes
                0x000009d1       0x2d c:/program files (x86)/atmel/studio/7.0/toolchain/arm/arm-gnu-toolchain/bin/../lib/gcc/arm-none-eabi/6.2.1/../../../../arm-none-eabi/lib/thumb/v7-m\libc.a(lib_a-stdio.o)
 .ARM.attributes
                0x000009fe       0x2d c:/program files (x86)/atmel/studio/7.0/toolchain/arm/arm-gnu-toolchain/bin/../lib/gcc/arm-none-eabi/6.2.1/../../../../arm-none-eabi/lib/thumb/v7-m\libc.a(lib_a-wbuf.o)
 .ARM.attributes
                0x00000a2b       0x2d c:/program files (x86)/atmel/studio/7.0/toolchain/arm/arm-gnu-toolchain/bin/../lib/gcc/arm-none-eabi/6.2.1/../../../../arm-none-eabi/lib/thumb/v7-m\libc.a(lib_a-wcrtomb.o)
 .ARM.attributes
                0x00000a58       0x2d c:/program files (x86)/atmel/studio/7.0/toolchain/arm/arm-gnu-toolchain/bin/../lib/gcc/arm-none-eabi/6.2.1/../../../../arm-none-eabi/lib/thumb/v7-m\libc.a(lib_a-wctomb_r.o)
 .ARM.attributes
                0x00000a85       0x2d c:/program files (x86)/atmel/studio/7.0/toolchain/arm/arm-gnu-toolchain/bin/../lib/gcc/arm-none-eabi/6.2.1/../../../../arm-none-eabi/lib/thumb/v7-m\libc.a(lib_a-writer.o)
 .ARM.attributes
                0x00000ab2       0x2d c:/program files (x86)/atmel/studio/7.0/toolchain/arm/arm-gnu-toolchain/bin/../lib/gcc/arm-none-eabi/6.2.1/../../../../arm-none-eabi/lib/thumb/v7-m\libc.a(lib_a-__atexit.o)
 .ARM.attributes
                0x00000adf       0x2d c:/program files (x86)/atmel/studio/7.0/toolchain/arm/arm-gnu-toolchain/bin/../lib/gcc/arm-none-eabi/6.2.1/../../../../arm-none-eabi/lib/thumb/v7-m\libc.a(lib_a-closer.o)
 .ARM.attributes
                0x00000b0c       0x2d c:/program files (x86)/atmel/studio/7.0/toolchain/arm/arm-gnu-toolchain/bin/../lib/gcc/arm-none-eabi/6.2.1/../../../../arm-none-eabi/lib/thumb/v7-m\libc.a(lib_a-ctype_.o)
 .ARM.attributes
                0x00000b39       0x2d c:/program files (x86)/atmel/studio/7.0/toolchain/arm/arm-gnu-toolchain/bin/../lib/gcc/arm-none-eabi/6.2.1/../../../../arm-none-eabi/lib/thumb/v7-m\libc.a(lib_a-fclose.o)
 .ARM.attributes
                0x00000b66       0x2d c:/program files (x86)/atmel/studio/7.0/toolchain/arm/arm-gnu-toolchain/bin/../lib/gcc/arm-none-eabi/6.2.1/../../../../arm-none-eabi/lib/thumb/v7-m\libc.a(lib_a-fstatr.o)
 .ARM.attributes
                0x00000b93       0x2d c:/program files (x86)/atmel/studio/7.0/toolchain/arm/arm-gnu-toolchain/bin/../lib/gcc/arm-none-eabi/6.2.1/../../../../arm-none-eabi/lib/thumb/v7-m\libc.a(lib_a-isattyr.o)
 .ARM.attributes
                0x00000bc0       0x2d c:/program files (x86)/atmel/studio/7.0/toolchain/arm/arm-gnu-toolchain/bin/../lib/gcc/arm-none-eabi/6.2.1/../../../../arm-none-eabi/lib/thumb/v7-m\libc.a(lib_a-lseekr.o)
 .ARM.attributes
                0x00000bed       0x2d c:/program files (x86)/atmel/studio/7.0/toolchain/arm/arm-gnu-toolchain/bin/../lib/gcc/arm-none-eabi/6.2.1/../../../../arm-none-eabi/lib/thumb/v7-m\libc.a(lib_a-readr.o)
 .ARM.attributes
                0x00000c1a       0x2d c:/program files (x86)/atmel/studio/7.0/toolchain/arm/arm-gnu-toolchain/bin/../lib/gcc/arm-none-eabi/6.2.1/../../../../arm-none-eabi/lib/thumb/v7-m\libc.a(lib_a-reent.o)
 .ARM.attributes
                0x00000c47       0x1d c:/program files (x86)/atmel/studio/7.0/toolchain/arm/arm-gnu-toolchain/bin/../lib/gcc/arm-none-eabi/6.2.1/thumb/v7-m\libgcc.a(_aeabi_uldivmod.o)
 .ARM.attributes
                0x00000c64       0x2d c:/program files (x86)/atmel/studio/7.0/toolchain/arm/arm-gnu-toolchain/bin/../lib/gcc/arm-none-eabi/6.2.1/thumb/v7-m\libgcc.a(_udivmoddi4.o)
 .ARM.attributes
                0x00000c91       0x1d c:/program files (x86)/atmel/studio/7.0/toolchain/arm/arm-gnu-toolchain/bin/../lib/gcc/arm-none-eabi/6.2.1/thumb/v7-m\libgcc.a(_dvmd_tls.o)
 .ARM.attributes
                0x00000cae       0x1d c:/program files (x86)/atmel/studio/7.0/toolchain/arm/arm-gnu-toolchain/bin/../lib/gcc/arm-none-eabi/6.2.1/thumb/v7-m/crtn.o

.comment        0x00000000       0x59
 .comment       0x00000000       0x59 src/ASF/common/utils/stdio/read.o
                                 0x5a (size before relaxing)
 .comment       0x00000059       0x5a src/ASF/sam/drivers/usart/usart.o
 .comment       0x00000059       0x5a src/ASF/common/utils/stdio/write.o
 .comment       0x00000059       0x5a src/ASF/common/services/delay/sam/cycle_counter.o
 .comment       0x00000059       0x5a src/ASF/sam/components/display/ili9225/ili9225.o
 .comment       0x00000059       0x5a src/ASF/sam/drivers/pwm/pwm.o
 .comment       0x00000059       0x5a src/ASF/sam/drivers/tc/tc.o
 .comment       0x00000059       0x5a src/ASF/sam/drivers/uart/uart.o
 .comment       0x00000059       0x5a src/BeamBall.o
 .comment       0x00000059       0x5a src/Config.o
 .comment       0x00000059       0x5a src/ASF/common/services/clock/sam3n/sysclk.o
 .comment       0x00000059       0x5a src/ASF/sam/boards/sam3n_ek/init.o
 .comment       0x00000059       0x5a src/ASF/sam/drivers/pio/pio.o
 .comment       0x00000059       0x5a src/ASF/sam/drivers/pio/pio_handler.o
 .comment       0x00000059       0x5a src/ASF/sam/drivers/pmc/pmc.o
 .comment       0x00000059       0x5a src/ASF/sam/utils/cmsis/sam3n/source/templates/exceptions.o
 .comment       0x00000059       0x5a src/ASF/sam/utils/cmsis/sam3n/source/templates/gcc/startup_sam3n.o
 .comment       0x00000059       0x5a src/ASF/sam/utils/cmsis/sam3n/source/templates/system_sam3n.o
 .comment       0x00000059       0x5a src/ASF/sam/utils/syscalls/gcc/syscalls.o
 .comment       0x00000059       0x5a src/main.o

.debug_info     0x00000000    0x184e0
 .debug_info    0x00000000      0xabd src/ASF/common/utils/stdio/read.o
 .debug_info    0x00000abd     0x1dae src/ASF/sam/drivers/usart/usart.o
 .debug_info    0x0000286b      0xaba src/ASF/common/utils/stdio/write.o
 .debug_info    0x00003325      0xa39 src/ASF/common/services/delay/sam/cycle_counter.o
 .debug_info    0x00003d5e     0x2a64 src/ASF/sam/components/display/ili9225/ili9225.o
 .debug_info    0x000067c2     0x1075 src/ASF/sam/drivers/pwm/pwm.o
 .debug_info    0x00007837     0x1245 src/ASF/sam/drivers/tc/tc.o
 .debug_info    0x00008a7c     0x1192 src/ASF/sam/drivers/uart/uart.o
 .debug_info    0x00009c0e      0xdf3 src/BeamBall.o
 .debug_info    0x0000aa01     0x2b76 src/Config.o
 .debug_info    0x0000d577     0x1094 src/ASF/common/services/clock/sam3n/sysclk.o
 .debug_info    0x0000e60b     0x11e1 src/ASF/sam/boards/sam3n_ek/init.o
 .debug_info    0x0000f7ec     0x1eab src/ASF/sam/drivers/pio/pio.o
 .debug_info    0x00011697     0x178b src/ASF/sam/drivers/pio/pio_handler.o
 .debug_info    0x00012e22     0x1825 src/ASF/sam/drivers/pmc/pmc.o
 .debug_info    0x00014647      0xa2d src/ASF/sam/utils/cmsis/sam3n/source/templates/exceptions.o
 .debug_info    0x00015074      0xd0f src/ASF/sam/utils/cmsis/sam3n/source/templates/gcc/startup_sam3n.o
 .debug_info    0x00015d83      0xd5e src/ASF/sam/utils/cmsis/sam3n/source/templates/system_sam3n.o
 .debug_info    0x00016ae1      0xda4 src/ASF/sam/utils/syscalls/gcc/syscalls.o
 .debug_info    0x00017885      0xc5b src/main.o

.debug_abbrev   0x00000000     0x372b
 .debug_abbrev  0x00000000      0x1fe src/ASF/common/utils/stdio/read.o
 .debug_abbrev  0x000001fe      0x406 src/ASF/sam/drivers/usart/usart.o
 .debug_abbrev  0x00000604      0x1e9 src/ASF/common/utils/stdio/write.o
 .debug_abbrev  0x000007ed      0x1b3 src/ASF/common/services/delay/sam/cycle_counter.o
 .debug_abbrev  0x000009a0      0x406 src/ASF/sam/components/display/ili9225/ili9225.o
 .debug_abbrev  0x00000da6      0x2d0 src/ASF/sam/drivers/pwm/pwm.o
 .debug_abbrev  0x00001076      0x293 src/ASF/sam/drivers/tc/tc.o
 .debug_abbrev  0x00001309      0x288 src/ASF/sam/drivers/uart/uart.o
 .debug_abbrev  0x00001591      0x328 src/BeamBall.o
 .debug_abbrev  0x000018b9      0x4b4 src/Config.o
 .debug_abbrev  0x00001d6d      0x315 src/ASF/common/services/clock/sam3n/sysclk.o
 .debug_abbrev  0x00002082      0x26f src/ASF/sam/boards/sam3n_ek/init.o
 .debug_abbrev  0x000022f1      0x3ee src/ASF/sam/drivers/pio/pio.o
 .debug_abbrev  0x000026df      0x336 src/ASF/sam/drivers/pio/pio_handler.o
 .debug_abbrev  0x00002a15      0x2f9 src/ASF/sam/drivers/pmc/pmc.o
 .debug_abbrev  0x00002d0e      0x1a4 src/ASF/sam/utils/cmsis/sam3n/source/templates/exceptions.o
 .debug_abbrev  0x00002eb2      0x1f2 src/ASF/sam/utils/cmsis/sam3n/source/templates/gcc/startup_sam3n.o
 .debug_abbrev  0x000030a4      0x1e7 src/ASF/sam/utils/cmsis/sam3n/source/templates/system_sam3n.o
 .debug_abbrev  0x0000328b      0x264 src/ASF/sam/utils/syscalls/gcc/syscalls.o
 .debug_abbrev  0x000034ef      0x23c src/main.o

.debug_loc      0x00000000     0x56ed
 .debug_loc     0x00000000       0xb3 src/ASF/common/utils/stdio/read.o
 .debug_loc     0x000000b3      0xc99 src/ASF/sam/drivers/usart/usart.o
 .debug_loc     0x00000d4c      0x12b src/ASF/common/utils/stdio/write.o
 .debug_loc     0x00000e77     0x14be src/ASF/sam/components/display/ili9225/ili9225.o
 .debug_loc     0x00002335      0x42b src/ASF/sam/drivers/pwm/pwm.o
 .debug_loc     0x00002760      0x5a4 src/ASF/sam/drivers/tc/tc.o
 .debug_loc     0x00002d04      0x241 src/ASF/sam/drivers/uart/uart.o
 .debug_loc     0x00002f45       0xe0 src/BeamBall.o
 .debug_loc     0x00003025      0x816 src/Config.o
 .debug_loc     0x0000383b      0x12a src/ASF/common/services/clock/sam3n/sysclk.o
 .debug_loc     0x00003965       0x5c src/ASF/sam/boards/sam3n_ek/init.o
 .debug_loc     0x000039c1      0xd4d src/ASF/sam/drivers/pio/pio.o
 .debug_loc     0x0000470e      0x549 src/ASF/sam/drivers/pio/pio_handler.o
 .debug_loc     0x00004c57      0x90e src/ASF/sam/drivers/pmc/pmc.o
 .debug_loc     0x00005565       0x6b src/ASF/sam/utils/cmsis/sam3n/source/templates/gcc/startup_sam3n.o
 .debug_loc     0x000055d0       0xfd src/ASF/sam/utils/syscalls/gcc/syscalls.o
 .debug_loc     0x000056cd       0x20 src/main.o

.debug_aranges  0x00000000      0xad0
 .debug_aranges
                0x00000000       0x20 src/ASF/common/utils/stdio/read.o
 .debug_aranges
                0x00000020      0x1b8 src/ASF/sam/drivers/usart/usart.o
 .debug_aranges
                0x000001d8       0x20 src/ASF/common/utils/stdio/write.o
 .debug_aranges
                0x000001f8       0x20 src/ASF/common/services/delay/sam/cycle_counter.o
 .debug_aranges
                0x00000218       0xe8 src/ASF/sam/components/display/ili9225/ili9225.o
 .debug_aranges
                0x00000300       0x80 src/ASF/sam/drivers/pwm/pwm.o
 .debug_aranges
                0x00000380       0xd0 src/ASF/sam/drivers/tc/tc.o
 .debug_aranges
                0x00000450       0xe8 src/ASF/sam/drivers/uart/uart.o
 .debug_aranges
                0x00000538       0x30 src/BeamBall.o
 .debug_aranges
                0x00000568       0xc0 src/Config.o
 .debug_aranges
                0x00000628       0x30 src/ASF/common/services/clock/sam3n/sysclk.o
 .debug_aranges
                0x00000658       0x20 src/ASF/sam/boards/sam3n_ek/init.o
 .debug_aranges
                0x00000678      0x160 src/ASF/sam/drivers/pio/pio.o
 .debug_aranges
                0x000007d8       0x50 src/ASF/sam/drivers/pio/pio_handler.o
 .debug_aranges
                0x00000828      0x1b8 src/ASF/sam/drivers/pmc/pmc.o
 .debug_aranges
                0x000009e0       0x20 src/ASF/sam/utils/cmsis/sam3n/source/templates/exceptions.o
 .debug_aranges
                0x00000a00       0x20 src/ASF/sam/utils/cmsis/sam3n/source/templates/gcc/startup_sam3n.o
 .debug_aranges
                0x00000a20       0x30 src/ASF/sam/utils/cmsis/sam3n/source/templates/system_sam3n.o
 .debug_aranges
                0x00000a50       0x60 src/ASF/sam/utils/syscalls/gcc/syscalls.o
 .debug_aranges
                0x00000ab0       0x20 src/main.o

.debug_ranges   0x00000000      0x9f8
 .debug_ranges  0x00000000       0x10 src/ASF/common/utils/stdio/read.o
 .debug_ranges  0x00000010      0x1a8 src/ASF/sam/drivers/usart/usart.o
 .debug_ranges  0x000001b8       0x10 src/ASF/common/utils/stdio/write.o
 .debug_ranges  0x000001c8       0x10 src/ASF/common/services/delay/sam/cycle_counter.o
 .debug_ranges  0x000001d8      0x110 src/ASF/sam/components/display/ili9225/ili9225.o
 .debug_ranges  0x000002e8       0x70 src/ASF/sam/drivers/pwm/pwm.o
 .debug_ranges  0x00000358       0xc0 src/ASF/sam/drivers/tc/tc.o
 .debug_ranges  0x00000418       0xd8 src/ASF/sam/drivers/uart/uart.o
 .debug_ranges  0x000004f0       0x20 src/BeamBall.o
 .debug_ranges  0x00000510       0xb0 src/Config.o
 .debug_ranges  0x000005c0       0x20 src/ASF/common/services/clock/sam3n/sysclk.o
 .debug_ranges  0x000005e0       0x10 src/ASF/sam/boards/sam3n_ek/init.o
 .debug_ranges  0x000005f0      0x168 src/ASF/sam/drivers/pio/pio.o
 .debug_ranges  0x00000758       0x58 src/ASF/sam/drivers/pio/pio_handler.o
 .debug_ranges  0x000007b0      0x1a8 src/ASF/sam/drivers/pmc/pmc.o
 .debug_ranges  0x00000958       0x10 src/ASF/sam/utils/cmsis/sam3n/source/templates/exceptions.o
 .debug_ranges  0x00000968       0x10 src/ASF/sam/utils/cmsis/sam3n/source/templates/gcc/startup_sam3n.o
 .debug_ranges  0x00000978       0x20 src/ASF/sam/utils/cmsis/sam3n/source/templates/system_sam3n.o
 .debug_ranges  0x00000998       0x50 src/ASF/sam/utils/syscalls/gcc/syscalls.o
 .debug_ranges  0x000009e8       0x10 src/main.o

.debug_macro    0x00000000     0x704e
 .debug_macro   0x00000000      0x47e src/ASF/common/utils/stdio/read.o
 .debug_macro   0x0000047e      0x4c9 src/ASF/sam/drivers/usart/usart.o
 .debug_macro   0x00000947       0x28 src/ASF/sam/drivers/usart/usart.o
 .debug_macro   0x0000096f      0x47e src/ASF/common/utils/stdio/write.o
 .debug_macro   0x00000ded      0x48d src/ASF/common/services/delay/sam/cycle_counter.o
 .debug_macro   0x0000127a       0x22 src/ASF/common/services/delay/sam/cycle_counter.o
 .debug_macro   0x0000129c      0x58f src/ASF/sam/components/display/ili9225/ili9225.o
 .debug_macro   0x0000182b       0x94 src/ASF/sam/components/display/ili9225/ili9225.o
 .debug_macro   0x000018bf       0x40 src/ASF/sam/components/display/ili9225/ili9225.o
 .debug_macro   0x000018ff      0x7a9 src/ASF/sam/components/display/ili9225/ili9225.o
 .debug_macro   0x000020a8       0x16 src/ASF/sam/components/display/ili9225/ili9225.o
 .debug_macro   0x000020be       0x16 src/ASF/sam/components/display/ili9225/ili9225.o
 .debug_macro   0x000020d4      0x4b2 src/ASF/sam/drivers/pwm/pwm.o
 .debug_macro   0x00002586      0x49a src/ASF/sam/drivers/tc/tc.o
 .debug_macro   0x00002a20       0x4c src/ASF/sam/drivers/tc/tc.o
 .debug_macro   0x00002a6c       0x8d src/ASF/sam/drivers/tc/tc.o
 .debug_macro   0x00002af9       0x57 src/ASF/sam/drivers/tc/tc.o
 .debug_macro   0x00002b50       0x1c src/ASF/sam/drivers/tc/tc.o
 .debug_macro   0x00002b6c      0x48d src/ASF/sam/drivers/uart/uart.o
 .debug_macro   0x00002ff9       0x16 src/ASF/sam/drivers/uart/uart.o
 .debug_macro   0x0000300f      0x616 src/BeamBall.o
 .debug_macro   0x00003625       0x28 src/BeamBall.o
 .debug_macro   0x0000364d       0x23 src/BeamBall.o
 .debug_macro   0x00003670       0x88 src/BeamBall.o
 .debug_macro   0x000036f8       0x34 src/BeamBall.o
 .debug_macro   0x0000372c       0x10 src/BeamBall.o
 .debug_macro   0x0000373c       0x10 src/BeamBall.o
 .debug_macro   0x0000374c       0xbe src/BeamBall.o
 .debug_macro   0x0000380a      0x616 src/Config.o
 .debug_macro   0x00003e20      0x4fe src/ASF/common/services/clock/sam3n/sysclk.o
 .debug_macro   0x0000431e      0x53d src/ASF/sam/boards/sam3n_ek/init.o
 .debug_macro   0x0000485b      0x499 src/ASF/sam/drivers/pio/pio.o
 .debug_macro   0x00004cf4       0x8e src/ASF/sam/drivers/pio/pio.o
 .debug_macro   0x00004d82      0x49d src/ASF/sam/drivers/pio/pio_handler.o
 .debug_macro   0x0000521f      0x493 src/ASF/sam/drivers/pmc/pmc.o
 .debug_macro   0x000056b2       0x58 src/ASF/sam/drivers/pmc/pmc.o
 .debug_macro   0x0000570a      0x492 src/ASF/sam/utils/cmsis/sam3n/source/templates/exceptions.o
 .debug_macro   0x00005b9c      0x4a0 src/ASF/sam/utils/cmsis/sam3n/source/templates/gcc/startup_sam3n.o
 .debug_macro   0x0000603c      0x49a src/ASF/sam/utils/cmsis/sam3n/source/templates/system_sam3n.o
 .debug_macro   0x000064d6       0x26 src/ASF/sam/utils/cmsis/sam3n/source/templates/system_sam3n.o
 .debug_macro   0x000064fc      0x1d6 src/ASF/sam/utils/syscalls/gcc/syscalls.o
 .debug_macro   0x000066d2       0x97 src/ASF/sam/utils/syscalls/gcc/syscalls.o
 .debug_macro   0x00006769       0xf6 src/ASF/sam/utils/syscalls/gcc/syscalls.o
 .debug_macro   0x0000685f       0x4c src/ASF/sam/utils/syscalls/gcc/syscalls.o
 .debug_macro   0x000068ab       0x16 src/ASF/sam/utils/syscalls/gcc/syscalls.o
 .debug_macro   0x000068c1       0x10 src/ASF/sam/utils/syscalls/gcc/syscalls.o
 .debug_macro   0x000068d1       0x10 src/ASF/sam/utils/syscalls/gcc/syscalls.o
 .debug_macro   0x000068e1       0x35 src/ASF/sam/utils/syscalls/gcc/syscalls.o
 .debug_macro   0x00006916      0x122 src/ASF/sam/utils/syscalls/gcc/syscalls.o
 .debug_macro   0x00006a38      0x616 src/main.o

.debug_line     0x00000000     0xe8dc
 .debug_line    0x00000000      0x9ac src/ASF/common/utils/stdio/read.o
 .debug_line    0x000009ac      0xe50 src/ASF/sam/drivers/usart/usart.o
 .debug_line    0x000017fc      0x9a4 src/ASF/common/utils/stdio/write.o
 .debug_line    0x000021a0      0x9b2 src/ASF/common/services/delay/sam/cycle_counter.o
 .debug_line    0x00002b52      0xf9e src/ASF/sam/components/display/ili9225/ili9225.o
 .debug_line    0x00003af0      0xaa3 src/ASF/sam/drivers/pwm/pwm.o
 .debug_line    0x00004593      0xb4a src/ASF/sam/drivers/tc/tc.o
 .debug_line    0x000050dd      0xb5f src/ASF/sam/drivers/uart/uart.o
 .debug_line    0x00005c3c      0xeb4 src/BeamBall.o
 .debug_line    0x00006af0     0x110c src/Config.o
 .debug_line    0x00007bfc      0xaea src/ASF/common/services/clock/sam3n/sysclk.o
 .debug_line    0x000086e6      0xbb5 src/ASF/sam/boards/sam3n_ek/init.o
 .debug_line    0x0000929b      0xdb8 src/ASF/sam/drivers/pio/pio.o
 .debug_line    0x0000a053      0xa60 src/ASF/sam/drivers/pio/pio_handler.o
 .debug_line    0x0000aab3      0xe46 src/ASF/sam/drivers/pmc/pmc.o
 .debug_line    0x0000b8f9      0x987 src/ASF/sam/utils/cmsis/sam3n/source/templates/exceptions.o
 .debug_line    0x0000c280      0x9d0 src/ASF/sam/utils/cmsis/sam3n/source/templates/gcc/startup_sam3n.o
 .debug_line    0x0000cc50      0x9f5 src/ASF/sam/utils/cmsis/sam3n/source/templates/system_sam3n.o
 .debug_line    0x0000d645      0x40b src/ASF/sam/utils/syscalls/gcc/syscalls.o
 .debug_line    0x0000da50      0xe8c src/main.o

.debug_str      0x00000000    0x4340d
 .debug_str     0x00000000    0x379d3 src/ASF/common/utils/stdio/read.o
                              0x37d50 (size before relaxing)
 .debug_str     0x000379d3      0x8f9 src/ASF/sam/drivers/usart/usart.o
                              0x38635 (size before relaxing)
 .debug_str     0x000382cc       0x2e src/ASF/common/utils/stdio/write.o
                              0x37d51 (size before relaxing)
 .debug_str     0x000382fa      0x1a9 src/ASF/common/services/delay/sam/cycle_counter.o
                              0x37ecb (size before relaxing)
 .debug_str     0x000384a3     0x7f12 src/ASF/sam/components/display/ili9225/ili9225.o
                              0x3fdab (size before relaxing)
 .debug_str     0x000403b5      0x3f5 src/ASF/sam/drivers/pwm/pwm.o
                              0x3813e (size before relaxing)
 .debug_str     0x000407aa      0x32a src/ASF/sam/drivers/tc/tc.o
                              0x380f8 (size before relaxing)
 .debug_str     0x00040ad4      0x32d src/ASF/sam/drivers/uart/uart.o
                              0x3811c (size before relaxing)
 .debug_str     0x00040e01      0x9b3 src/BeamBall.o
                              0x3ffdc (size before relaxing)
 .debug_str     0x000417b4      0x5bb src/Config.o
                              0x40c5b (size before relaxing)
 .debug_str     0x00041d6f      0x1e6 src/ASF/common/services/clock/sam3n/sysclk.o
                              0x3af63 (size before relaxing)
 .debug_str     0x00041f55       0xab src/ASF/sam/boards/sam3n_ek/init.o
                              0x3b82b (size before relaxing)
 .debug_str     0x00042000      0x3d5 src/ASF/sam/drivers/pio/pio.o
                              0x3879f (size before relaxing)
 .debug_str     0x000423d5      0x118 src/ASF/sam/drivers/pio/pio_handler.o
                              0x38787 (size before relaxing)
 .debug_str     0x000424ed      0x505 src/ASF/sam/drivers/pmc/pmc.o
                              0x38660 (size before relaxing)
 .debug_str     0x000429f2       0x4d src/ASF/sam/utils/cmsis/sam3n/source/templates/exceptions.o
                              0x37d70 (size before relaxing)
 .debug_str     0x00042a3f       0xd9 src/ASF/sam/utils/cmsis/sam3n/source/templates/gcc/startup_sam3n.o
                              0x37e6c (size before relaxing)
 .debug_str     0x00042b18      0x17f src/ASF/sam/utils/cmsis/sam3n/source/templates/system_sam3n.o
                              0x37ff0 (size before relaxing)
 .debug_str     0x00042c97      0x768 src/ASF/sam/utils/syscalls/gcc/syscalls.o
                               0x7295 (size before relaxing)
 .debug_str     0x000433ff        0xe src/main.o
                              0x3feb7 (size before relaxing)

.debug_frame    0x00000000     0x25d8
 .debug_frame   0x00000000       0x30 src/ASF/common/utils/stdio/read.o
 .debug_frame   0x00000030      0x3d4 src/ASF/sam/drivers/usart/usart.o
 .debug_frame   0x00000404       0x48 src/ASF/common/utils/stdio/write.o
 .debug_frame   0x0000044c       0x20 src/ASF/common/services/delay/sam/cycle_counter.o
 .debug_frame   0x0000046c      0x348 src/ASF/sam/components/display/ili9225/ili9225.o
 .debug_frame   0x000007b4      0x114 src/ASF/sam/drivers/pwm/pwm.o
 .debug_frame   0x000008c8      0x1a8 src/ASF/sam/drivers/tc/tc.o
 .debug_frame   0x00000a70      0x1bc src/ASF/sam/drivers/uart/uart.o
 .debug_frame   0x00000c2c       0x5c src/BeamBall.o
 .debug_frame   0x00000c88      0x240 src/Config.o
 .debug_frame   0x00000ec8       0x58 src/ASF/common/services/clock/sam3n/sysclk.o
 .debug_frame   0x00000f20       0x28 src/ASF/sam/boards/sam3n_ek/init.o
 .debug_frame   0x00000f48      0x2f4 src/ASF/sam/drivers/pio/pio.o
 .debug_frame   0x0000123c       0xe0 src/ASF/sam/drivers/pio/pio_handler.o
 .debug_frame   0x0000131c      0x35c src/ASF/sam/drivers/pmc/pmc.o
 .debug_frame   0x00001678       0x20 src/ASF/sam/utils/cmsis/sam3n/source/templates/exceptions.o
 .debug_frame   0x00001698       0x28 src/ASF/sam/utils/cmsis/sam3n/source/templates/gcc/startup_sam3n.o
 .debug_frame   0x000016c0       0x40 src/ASF/sam/utils/cmsis/sam3n/source/templates/system_sam3n.o
 .debug_frame   0x00001700       0xa0 src/ASF/sam/utils/syscalls/gcc/syscalls.o
 .debug_frame   0x000017a0       0x28 src/main.o
 .debug_frame   0x000017c8       0xac c:/program files (x86)/atmel/studio/7.0/toolchain/arm/arm-gnu-toolchain/bin/../lib/gcc/arm-none-eabi/6.2.1/thumb/v7-m\libgcc.a(_arm_addsubdf3.o)
 .debug_frame   0x00001874       0x24 c:/program files (x86)/atmel/studio/7.0/toolchain/arm/arm-gnu-toolchain/bin/../lib/gcc/arm-none-eabi/6.2.1/thumb/v7-m\libgcc.a(_arm_fixunsdfsi.o)
 .debug_frame   0x00001898       0x4c c:/program files (x86)/atmel/studio/7.0/toolchain/arm/arm-gnu-toolchain/bin/../lib/gcc/arm-none-eabi/6.2.1/thumb/v7-m\libgcc.a(_arm_addsubsf3.o)
 .debug_frame   0x000018e4       0x2c c:/program files (x86)/atmel/studio/7.0/toolchain/arm/arm-gnu-toolchain/bin/../lib/gcc/arm-none-eabi/6.2.1/../../../../arm-none-eabi/lib/thumb/v7-m\libc.a(lib_a-init.o)
 .debug_frame   0x00001910       0x78 c:/program files (x86)/atmel/studio/7.0/toolchain/arm/arm-gnu-toolchain/bin/../lib/gcc/arm-none-eabi/6.2.1/../../../../arm-none-eabi/lib/thumb/v7-m\libc.a(lib_a-iprintf.o)
 .debug_frame   0x00001988       0x34 c:/program files (x86)/atmel/studio/7.0/toolchain/arm/arm-gnu-toolchain/bin/../lib/gcc/arm-none-eabi/6.2.1/../../../../arm-none-eabi/lib/thumb/v7-m\libc.a(lib_a-memset.o)
 .debug_frame   0x000019bc       0x48 c:/program files (x86)/atmel/studio/7.0/toolchain/arm/arm-gnu-toolchain/bin/../lib/gcc/arm-none-eabi/6.2.1/../../../../arm-none-eabi/lib/thumb/v7-m\libc.a(lib_a-puts.o)
 .debug_frame   0x00001a04       0x20 c:/program files (x86)/atmel/studio/7.0/toolchain/arm/arm-gnu-toolchain/bin/../lib/gcc/arm-none-eabi/6.2.1/../../../../arm-none-eabi/lib/thumb/v7-m\libc.a(lib_a-setbuf.o)
 .debug_frame   0x00001a24       0x50 c:/program files (x86)/atmel/studio/7.0/toolchain/arm/arm-gnu-toolchain/bin/../lib/gcc/arm-none-eabi/6.2.1/../../../../arm-none-eabi/lib/thumb/v7-m\libc.a(lib_a-setvbuf.o)
 .debug_frame   0x00001a74       0x20 c:/program files (x86)/atmel/studio/7.0/toolchain/arm/arm-gnu-toolchain/bin/../lib/gcc/arm-none-eabi/6.2.1/../../../../arm-none-eabi/lib/thumb/v7-m\libc.a(lib_a-strlen-stub.o)
 .debug_frame   0x00001a94       0xc4 c:/program files (x86)/atmel/studio/7.0/toolchain/arm/arm-gnu-toolchain/bin/../lib/gcc/arm-none-eabi/6.2.1/../../../../arm-none-eabi/lib/thumb/v7-m\libc.a(lib_a-vfiprintf.o)
 .debug_frame   0x00001b58       0x2c c:/program files (x86)/atmel/studio/7.0/toolchain/arm/arm-gnu-toolchain/bin/../lib/gcc/arm-none-eabi/6.2.1/../../../../arm-none-eabi/lib/thumb/v7-m\libc.a(lib_a-wsetup.o)
 .debug_frame   0x00001b84       0x50 c:/program files (x86)/atmel/studio/7.0/toolchain/arm/arm-gnu-toolchain/bin/../lib/gcc/arm-none-eabi/6.2.1/../../../../arm-none-eabi/lib/thumb/v7-m\libc.a(lib_a-__call_atexit.o)
 .debug_frame   0x00001bd4       0x20 c:/program files (x86)/atmel/studio/7.0/toolchain/arm/arm-gnu-toolchain/bin/../lib/gcc/arm-none-eabi/6.2.1/../../../../arm-none-eabi/lib/thumb/v7-m\libc.a(lib_a-atexit.o)
 .debug_frame   0x00001bf4       0x6c c:/program files (x86)/atmel/studio/7.0/toolchain/arm/arm-gnu-toolchain/bin/../lib/gcc/arm-none-eabi/6.2.1/../../../../arm-none-eabi/lib/thumb/v7-m\libc.a(lib_a-fflush.o)
 .debug_frame   0x00001c60      0x124 c:/program files (x86)/atmel/studio/7.0/toolchain/arm/arm-gnu-toolchain/bin/../lib/gcc/arm-none-eabi/6.2.1/../../../../arm-none-eabi/lib/thumb/v7-m\libc.a(lib_a-findfp.o)
 .debug_frame   0x00001d84       0x34 c:/program files (x86)/atmel/studio/7.0/toolchain/arm/arm-gnu-toolchain/bin/../lib/gcc/arm-none-eabi/6.2.1/../../../../arm-none-eabi/lib/thumb/v7-m\libc.a(lib_a-fini.o)
 .debug_frame   0x00001db8       0x88 c:/program files (x86)/atmel/studio/7.0/toolchain/arm/arm-gnu-toolchain/bin/../lib/gcc/arm-none-eabi/6.2.1/../../../../arm-none-eabi/lib/thumb/v7-m\libc.a(lib_a-fputwc.o)
 .debug_frame   0x00001e40       0x74 c:/program files (x86)/atmel/studio/7.0/toolchain/arm/arm-gnu-toolchain/bin/../lib/gcc/arm-none-eabi/6.2.1/../../../../arm-none-eabi/lib/thumb/v7-m\libc.a(lib_a-freer.o)
 .debug_frame   0x00001eb4       0x68 c:/program files (x86)/atmel/studio/7.0/toolchain/arm/arm-gnu-toolchain/bin/../lib/gcc/arm-none-eabi/6.2.1/../../../../arm-none-eabi/lib/thumb/v7-m\libc.a(lib_a-fvwrite.o)
 .debug_frame   0x00001f1c       0x54 c:/program files (x86)/atmel/studio/7.0/toolchain/arm/arm-gnu-toolchain/bin/../lib/gcc/arm-none-eabi/6.2.1/../../../../arm-none-eabi/lib/thumb/v7-m\libc.a(lib_a-fwalk.o)
 .debug_frame   0x00001f70       0x6c c:/program files (x86)/atmel/studio/7.0/toolchain/arm/arm-gnu-toolchain/bin/../lib/gcc/arm-none-eabi/6.2.1/../../../../arm-none-eabi/lib/thumb/v7-m\libc.a(lib_a-locale.o)
 .debug_frame   0x00001fdc       0x68 c:/program files (x86)/atmel/studio/7.0/toolchain/arm/arm-gnu-toolchain/bin/../lib/gcc/arm-none-eabi/6.2.1/../../../../arm-none-eabi/lib/thumb/v7-m\libc.a(lib_a-makebuf.o)
 .debug_frame   0x00002044       0x30 c:/program files (x86)/atmel/studio/7.0/toolchain/arm/arm-gnu-toolchain/bin/../lib/gcc/arm-none-eabi/6.2.1/../../../../arm-none-eabi/lib/thumb/v7-m\libc.a(lib_a-malloc.o)
 .debug_frame   0x00002074       0x54 c:/program files (x86)/atmel/studio/7.0/toolchain/arm/arm-gnu-toolchain/bin/../lib/gcc/arm-none-eabi/6.2.1/../../../../arm-none-eabi/lib/thumb/v7-m\libc.a(lib_a-mallocr.o)
 .debug_frame   0x000020c8       0x4c c:/program files (x86)/atmel/studio/7.0/toolchain/arm/arm-gnu-toolchain/bin/../lib/gcc/arm-none-eabi/6.2.1/../../../../arm-none-eabi/lib/thumb/v7-m\libc.a(lib_a-mbtowc_r.o)
 .debug_frame   0x00002114       0x34 c:/program files (x86)/atmel/studio/7.0/toolchain/arm/arm-gnu-toolchain/bin/../lib/gcc/arm-none-eabi/6.2.1/../../../../arm-none-eabi/lib/thumb/v7-m\libc.a(lib_a-memchr-stub.o)
 .debug_frame   0x00002148       0x30 c:/program files (x86)/atmel/studio/7.0/toolchain/arm/arm-gnu-toolchain/bin/../lib/gcc/arm-none-eabi/6.2.1/../../../../arm-none-eabi/lib/thumb/v7-m\libc.a(lib_a-memmove.o)
 .debug_frame   0x00002178       0x30 c:/program files (x86)/atmel/studio/7.0/toolchain/arm/arm-gnu-toolchain/bin/../lib/gcc/arm-none-eabi/6.2.1/../../../../arm-none-eabi/lib/thumb/v7-m\libc.a(lib_a-mlock.o)
 .debug_frame   0x000021a8       0x68 c:/program files (x86)/atmel/studio/7.0/toolchain/arm/arm-gnu-toolchain/bin/../lib/gcc/arm-none-eabi/6.2.1/../../../../arm-none-eabi/lib/thumb/v7-m\libc.a(lib_a-reallocr.o)
 .debug_frame   0x00002210       0x2c c:/program files (x86)/atmel/studio/7.0/toolchain/arm/arm-gnu-toolchain/bin/../lib/gcc/arm-none-eabi/6.2.1/../../../../arm-none-eabi/lib/thumb/v7-m\libc.a(lib_a-sbrkr.o)
 .debug_frame   0x0000223c       0x88 c:/program files (x86)/atmel/studio/7.0/toolchain/arm/arm-gnu-toolchain/bin/../lib/gcc/arm-none-eabi/6.2.1/../../../../arm-none-eabi/lib/thumb/v7-m\libc.a(lib_a-stdio.o)
 .debug_frame   0x000022c4       0x40 c:/program files (x86)/atmel/studio/7.0/toolchain/arm/arm-gnu-toolchain/bin/../lib/gcc/arm-none-eabi/6.2.1/../../../../arm-none-eabi/lib/thumb/v7-m\libc.a(lib_a-wbuf.o)
 .debug_frame   0x00002304       0x5c c:/program files (x86)/atmel/studio/7.0/toolchain/arm/arm-gnu-toolchain/bin/../lib/gcc/arm-none-eabi/6.2.1/../../../../arm-none-eabi/lib/thumb/v7-m\libc.a(lib_a-wcrtomb.o)
 .debug_frame   0x00002360       0x3c c:/program files (x86)/atmel/studio/7.0/toolchain/arm/arm-gnu-toolchain/bin/../lib/gcc/arm-none-eabi/6.2.1/../../../../arm-none-eabi/lib/thumb/v7-m\libc.a(lib_a-wctomb_r.o)
 .debug_frame   0x0000239c       0x30 c:/program files (x86)/atmel/studio/7.0/toolchain/arm/arm-gnu-toolchain/bin/../lib/gcc/arm-none-eabi/6.2.1/../../../../arm-none-eabi/lib/thumb/v7-m\libc.a(lib_a-writer.o)
 .debug_frame   0x000023cc       0x34 c:/program files (x86)/atmel/studio/7.0/toolchain/arm/arm-gnu-toolchain/bin/../lib/gcc/arm-none-eabi/6.2.1/../../../../arm-none-eabi/lib/thumb/v7-m\libc.a(lib_a-__atexit.o)
 .debug_frame   0x00002400       0x2c c:/program files (x86)/atmel/studio/7.0/toolchain/arm/arm-gnu-toolchain/bin/../lib/gcc/arm-none-eabi/6.2.1/../../../../arm-none-eabi/lib/thumb/v7-m\libc.a(lib_a-closer.o)
 .debug_frame   0x0000242c       0x3c c:/program files (x86)/atmel/studio/7.0/toolchain/arm/arm-gnu-toolchain/bin/../lib/gcc/arm-none-eabi/6.2.1/../../../../arm-none-eabi/lib/thumb/v7-m\libc.a(lib_a-fclose.o)
 .debug_frame   0x00002468       0x2c c:/program files (x86)/atmel/studio/7.0/toolchain/arm/arm-gnu-toolchain/bin/../lib/gcc/arm-none-eabi/6.2.1/../../../../arm-none-eabi/lib/thumb/v7-m\libc.a(lib_a-fstatr.o)
 .debug_frame   0x00002494       0x2c c:/program files (x86)/atmel/studio/7.0/toolchain/arm/arm-gnu-toolchain/bin/../lib/gcc/arm-none-eabi/6.2.1/../../../../arm-none-eabi/lib/thumb/v7-m\libc.a(lib_a-isattyr.o)
 .debug_frame   0x000024c0       0x30 c:/program files (x86)/atmel/studio/7.0/toolchain/arm/arm-gnu-toolchain/bin/../lib/gcc/arm-none-eabi/6.2.1/../../../../arm-none-eabi/lib/thumb/v7-m\libc.a(lib_a-lseekr.o)
 .debug_frame   0x000024f0       0x30 c:/program files (x86)/atmel/studio/7.0/toolchain/arm/arm-gnu-toolchain/bin/../lib/gcc/arm-none-eabi/6.2.1/../../../../arm-none-eabi/lib/thumb/v7-m\libc.a(lib_a-readr.o)
 .debug_frame   0x00002520       0x58 c:/program files (x86)/atmel/studio/7.0/toolchain/arm/arm-gnu-toolchain/bin/../lib/gcc/arm-none-eabi/6.2.1/../../../../arm-none-eabi/lib/thumb/v7-m\libc.a(lib_a-reent.o)
 .debug_frame   0x00002578       0x2c c:/program files (x86)/atmel/studio/7.0/toolchain/arm/arm-gnu-toolchain/bin/../lib/gcc/arm-none-eabi/6.2.1/thumb/v7-m\libgcc.a(_aeabi_uldivmod.o)
 .debug_frame   0x000025a4       0x34 c:/program files (x86)/atmel/studio/7.0/toolchain/arm/arm-gnu-toolchain/bin/../lib/gcc/arm-none-eabi/6.2.1/thumb/v7-m\libgcc.a(_udivmoddi4.o)

Cross Reference Table

Symbol                                            File
ADC_Handler                                       src/ASF/sam/utils/cmsis/sam3n/source/templates/exceptions.o
                                                  src/ASF/sam/utils/cmsis/sam3n/source/templates/gcc/startup_sam3n.o
BusFault_Handler                                  src/ASF/sam/utils/cmsis/sam3n/source/templates/exceptions.o
                                                  src/ASF/sam/utils/cmsis/sam3n/source/templates/gcc/startup_sam3n.o
DACC_Handler                                      src/ASF/sam/utils/cmsis/sam3n/source/templates/exceptions.o
                                                  src/ASF/sam/utils/cmsis/sam3n/source/templates/gcc/startup_sam3n.o
DebugMon_Handler                                  src/ASF/sam/utils/cmsis/sam3n/source/templates/exceptions.o
                                                  src/ASF/sam/utils/cmsis/sam3n/source/templates/gcc/startup_sam3n.o
Dummy_Handler                                     src/ASF/sam/utils/cmsis/sam3n/source/templates/exceptions.o
                                                  src/ASF/sam/utils/cmsis/sam3n/source/templates/gcc/startup_sam3n.o
EFC_Handler                                       src/ASF/sam/utils/cmsis/sam3n/source/templates/exceptions.o
                                                  src/ASF/sam/utils/cmsis/sam3n/source/templates/gcc/startup_sam3n.o
HardFault_Handler                                 src/ASF/sam/utils/cmsis/sam3n/source/templates/exceptions.o
                                                  src/ASF/sam/utils/cmsis/sam3n/source/templates/gcc/startup_sam3n.o
LED_Off                                           src/ASF/sam/boards/sam3n_ek/led.o
LED_On                                            src/ASF/sam/boards/sam3n_ek/led.o
MemManage_Handler                                 src/ASF/sam/utils/cmsis/sam3n/source/templates/exceptions.o
                                                  src/ASF/sam/utils/cmsis/sam3n/source/templates/gcc/startup_sam3n.o
NMI_Handler                                       src/ASF/sam/utils/cmsis/sam3n/source/templates/exceptions.o
                                                  src/ASF/sam/utils/cmsis/sam3n/source/templates/gcc/startup_sam3n.o
PIOA_Handler                                      src/ASF/sam/drivers/pio/pio_handler.o
                                                  src/ASF/sam/utils/cmsis/sam3n/source/templates/gcc/startup_sam3n.o
PIOB_Handler                                      src/ASF/sam/drivers/pio/pio_handler.o
                                                  src/ASF/sam/utils/cmsis/sam3n/source/templates/gcc/startup_sam3n.o
PIOC_Handler                                      src/ASF/sam/drivers/pio/pio_handler.o
                                                  src/ASF/sam/utils/cmsis/sam3n/source/templates/gcc/startup_sam3n.o
PMC_Handler                                       src/ASF/sam/utils/cmsis/sam3n/source/templates/exceptions.o
                                                  src/ASF/sam/utils/cmsis/sam3n/source/templates/gcc/startup_sam3n.o
PWM_Handler                                       src/Config.o
                                                  src/ASF/sam/utils/cmsis/sam3n/source/templates/gcc/startup_sam3n.o
PendSV_Handler                                    src/ASF/sam/utils/cmsis/sam3n/source/templates/exceptions.o
                                                  src/ASF/sam/utils/cmsis/sam3n/source/templates/gcc/startup_sam3n.o
RSTC_Handler                                      src/ASF/sam/utils/cmsis/sam3n/source/templates/exceptions.o
                                                  src/ASF/sam/utils/cmsis/sam3n/source/templates/gcc/startup_sam3n.o
RTC_Handler                                       src/ASF/sam/utils/cmsis/sam3n/source/templates/exceptions.o
                                                  src/ASF/sam/utils/cmsis/sam3n/source/templates/gcc/startup_sam3n.o
RTT_Handler                                       src/ASF/sam/utils/cmsis/sam3n/source/templates/exceptions.o
                                                  src/ASF/sam/utils/cmsis/sam3n/source/templates/gcc/startup_sam3n.o
Reset_Handler                                     src/ASF/sam/utils/cmsis/sam3n/source/templates/gcc/startup_sam3n.o
                                                  src/ASF/sam/utils/cmsis/sam3n/source/templates/exceptions.o
SPI_Handler                                       src/Config.o
                                                  src/ASF/sam/utils/cmsis/sam3n/source/templates/gcc/startup_sam3n.o
SUPC_Handler                                      src/ASF/sam/utils/cmsis/sam3n/source/templates/exceptions.o
                                                  src/ASF/sam/utils/cmsis/sam3n/source/templates/gcc/startup_sam3n.o
SVC_Handler                                       src/ASF/sam/utils/cmsis/sam3n/source/templates/exceptions.o
                                                  src/ASF/sam/utils/cmsis/sam3n/source/templates/gcc/startup_sam3n.o
SysTick_Handler                                   src/ASF/sam/utils/cmsis/sam3n/source/templates/exceptions.o
                                                  src/ASF/sam/utils/cmsis/sam3n/source/templates/gcc/startup_sam3n.o
SystemCoreClock                                   src/ASF/sam/utils/cmsis/sam3n/source/templates/system_sam3n.o
SystemCoreClockUpdate                             src/ASF/sam/utils/cmsis/sam3n/source/templates/system_sam3n.o
                                                  src/ASF/common/services/clock/sam3n/sysclk.o
SystemInit                                        src/ASF/sam/utils/cmsis/sam3n/source/templates/system_sam3n.o
TC0_Handler                                       src/Config.o
                                                  src/ASF/sam/utils/cmsis/sam3n/source/templates/gcc/startup_sam3n.o
TC1_Handler                                       src/Config.o
                                                  src/ASF/sam/utils/cmsis/sam3n/source/templates/gcc/startup_sam3n.o
TC2_Handler                                       src/ASF/sam/utils/cmsis/sam3n/source/templates/exceptions.o
                                                  src/ASF/sam/utils/cmsis/sam3n/source/templates/gcc/startup_sam3n.o