Archive member included to satisfy reference by file (symbol)

f:/ilangoldman/applicativos/7.0/toolchain/arm/arm-gnu-toolchain/bin/../lib/gcc/arm-none-eabi/6.2.1/thumb/v7e-m\libgcc.a(_arm_addsubdf3.o)
                              src/Config.o (__aeabi_ui2d)
f:/ilangoldman/applicativos/7.0/toolchain/arm/arm-gnu-toolchain/bin/../lib/gcc/arm-none-eabi/6.2.1/thumb/v7e-m\libgcc.a(_arm_fixunsdfsi.o)
                              src/Config.o (__aeabi_d2uiz)
f:/ilangoldman/applicativos/7.0/toolchain/arm/arm-gnu-toolchain/bin/../lib/gcc/arm-none-eabi/6.2.1/../../../../arm-none-eabi/lib/thumb/v7e-m\libc.a(lib_a-exit.o)
                              f:/ilangoldman/applicativos/7.0/toolchain/arm/arm-gnu-toolchain/bin/../lib/gcc/arm-none-eabi/6.2.1/../../../../arm-none-eabi/lib/thumb/v7e-m/crt0.o (exit)
f:/ilangoldman/applicativos/7.0/toolchain/arm/arm-gnu-toolchain/bin/../lib/gcc/arm-none-eabi/6.2.1/../../../../arm-none-eabi/lib/thumb/v7e-m\libc.a(lib_a-impure.o)
                              f:/ilangoldman/applicativos/7.0/toolchain/arm/arm-gnu-toolchain/bin/../lib/gcc/arm-none-eabi/6.2.1/../../../../arm-none-eabi/lib/thumb/v7e-m\libc.a(lib_a-exit.o) (_global_impure_ptr)
f:/ilangoldman/applicativos/7.0/toolchain/arm/arm-gnu-toolchain/bin/../lib/gcc/arm-none-eabi/6.2.1/../../../../arm-none-eabi/lib/thumb/v7e-m\libc.a(lib_a-init.o)
                              f:/ilangoldman/applicativos/7.0/toolchain/arm/arm-gnu-toolchain/bin/../lib/gcc/arm-none-eabi/6.2.1/../../../../arm-none-eabi/lib/thumb/v7e-m/crt0.o (__libc_init_array)
f:/ilangoldman/applicativos/7.0/toolchain/arm/arm-gnu-toolchain/bin/../lib/gcc/arm-none-eabi/6.2.1/../../../../arm-none-eabi/lib/thumb/v7e-m\libc.a(lib_a-memset.o)
                              f:/ilangoldman/applicativos/7.0/toolchain/arm/arm-gnu-toolchain/bin/../lib/gcc/arm-none-eabi/6.2.1/../../../../arm-none-eabi/lib/thumb/v7e-m/crt0.o (memset)
f:/ilangoldman/applicativos/7.0/toolchain/arm/arm-gnu-toolchain/bin/../lib/gcc/arm-none-eabi/6.2.1/../../../../arm-none-eabi/lib/thumb/v7e-m\libc.a(lib_a-puts.o)
                              src/BeamBall.o (puts)
f:/ilangoldman/applicativos/7.0/toolchain/arm/arm-gnu-toolchain/bin/../lib/gcc/arm-none-eabi/6.2.1/../../../../arm-none-eabi/lib/thumb/v7e-m\libc.a(lib_a-setbuf.o)
                              src/Config.o (setbuf)
f:/ilangoldman/applicativos/7.0/toolchain/arm/arm-gnu-toolchain/bin/../lib/gcc/arm-none-eabi/6.2.1/../../../../arm-none-eabi/lib/thumb/v7e-m\libc.a(lib_a-setvbuf.o)
                              f:/ilangoldman/applicativos/7.0/toolchain/arm/arm-gnu-toolchain/bin/../lib/gcc/arm-none-eabi/6.2.1/../../../../arm-none-eabi/lib/thumb/v7e-m\libc.a(lib_a-setbuf.o) (setvbuf)
f:/ilangoldman/applicativos/7.0/toolchain/arm/arm-gnu-toolchain/bin/../lib/gcc/arm-none-eabi/6.2.1/../../../../arm-none-eabi/lib/thumb/v7e-m\libc.a(lib_a-strlen.o)
                              f:/ilangoldman/applicativos/7.0/toolchain/arm/arm-gnu-toolchain/bin/../lib/gcc/arm-none-eabi/6.2.1/../../../../arm-none-eabi/lib/thumb/v7e-m\libc.a(lib_a-puts.o) (strlen)
f:/ilangoldman/applicativos/7.0/toolchain/arm/arm-gnu-toolchain/bin/../lib/gcc/arm-none-eabi/6.2.1/../../../../arm-none-eabi/lib/thumb/v7e-m\libc.a(lib_a-__call_atexit.o)
                              f:/ilangoldman/applicativos/7.0/toolchain/arm/arm-gnu-toolchain/bin/../lib/gcc/arm-none-eabi/6.2.1/../../../../arm-none-eabi/lib/thumb/v7e-m\libc.a(lib_a-exit.o) (__call_exitprocs)
f:/ilangoldman/applicativos/7.0/toolchain/arm/arm-gnu-toolchain/bin/../lib/gcc/arm-none-eabi/6.2.1/../../../../arm-none-eabi/lib/thumb/v7e-m\libc.a(lib_a-atexit.o)
                              f:/ilangoldman/applicativos/7.0/toolchain/arm/arm-gnu-toolchain/bin/../lib/gcc/arm-none-eabi/6.2.1/../../../../arm-none-eabi/lib/thumb/v7e-m\libc.a(lib_a-__call_atexit.o) (atexit)
f:/ilangoldman/applicativos/7.0/toolchain/arm/arm-gnu-toolchain/bin/../lib/gcc/arm-none-eabi/6.2.1/../../../../arm-none-eabi/lib/thumb/v7e-m\libc.a(lib_a-fflush.o)
                              f:/ilangoldman/applicativos/7.0/toolchain/arm/arm-gnu-toolchain/bin/../lib/gcc/arm-none-eabi/6.2.1/../../../../arm-none-eabi/lib/thumb/v7e-m\libc.a(lib_a-setvbuf.o) (_fflush_r)
f:/ilangoldman/applicativos/7.0/toolchain/arm/arm-gnu-toolchain/bin/../lib/gcc/arm-none-eabi/6.2.1/../../../../arm-none-eabi/lib/thumb/v7e-m\libc.a(lib_a-findfp.o)
                              f:/ilangoldman/applicativos/7.0/toolchain/arm/arm-gnu-toolchain/bin/../lib/gcc/arm-none-eabi/6.2.1/../../../../arm-none-eabi/lib/thumb/v7e-m\libc.a(lib_a-puts.o) (__sinit)
f:/ilangoldman/applicativos/7.0/toolchain/arm/arm-gnu-toolchain/bin/../lib/gcc/arm-none-eabi/6.2.1/../../../../arm-none-eabi/lib/thumb/v7e-m\libc.a(lib_a-fini.o)
                              f:/ilangoldman/applicativos/7.0/toolchain/arm/arm-gnu-toolchain/bin/../lib/gcc/arm-none-eabi/6.2.1/../../../../arm-none-eabi/lib/thumb/v7e-m\libc.a(lib_a-__call_atexit.o) (__libc_fini_array)
[...]
Memory Configuration

Name             Origin             Length             Attributes
rom              0x00400000         0x00200000         xr
ram              0x20000000         0x00028000         xrw
*default*        0x00000000         0xffffffff

Linker script and memory map

LOAD f:/ilangoldman/applicativos/7.0/toolchain/arm/arm-gnu-toolchain/bin/../lib/gcc/arm-none-eabi/6.2.1/thumb/v7e-m/crti.o
LOAD f:/ilangoldman/applicativos/7.0/toolchain/arm/arm-gnu-toolchain/bin/../lib/gcc/arm-none-eabi/6.2.1/thumb/v7e-m/crtbegin.o
LOAD f:/ilangoldman/applicativos/7.0/toolchain/arm/arm-gnu-toolchain/bin/../lib/gcc/arm-none-eabi/6.2.1/../../../../arm-none-eabi/lib/thumb/v7e-m/crt0.o
LOAD src/ASF/common/services/clock/sam4s/sysclk.o
LOAD src/ASF/common/services/delay/sam/cycle_counter.o
LOAD src/ASF/common/services/serial/usart_serial.o
LOAD src/ASF/common/utils/interrupt/interrupt_sam_nvic.o
LOAD src/ASF/common/utils/stdio/read.o
LOAD src/ASF/common/utils/stdio/write.o
LOAD src/ASF/sam/boards/sam4s_ek2/init.o
LOAD src/ASF/sam/boards/sam4s_ek2/led.o
LOAD src/ASF/sam/drivers/pio/pio.o
LOAD src/ASF/sam/drivers/pio/pio_handler.o
LOAD src/ASF/sam/drivers/pmc/pmc.o
LOAD src/ASF/sam/drivers/pmc/sleep.o
LOAD src/ASF/sam/drivers/pwm/pwm.o
LOAD src/ASF/sam/drivers/tc/tc.o
LOAD src/ASF/sam/drivers/uart/uart.o
LOAD src/ASF/sam/drivers/usart/usart.o
LOAD src/ASF/sam/utils/cmsis/sam4s/source/templates/gcc/startup_sam4s.o
LOAD src/ASF/sam/utils/cmsis/sam4s/source/templates/system_sam4s.o
LOAD src/ASF/sam/utils/syscalls/gcc/syscalls.o
LOAD src/BeamBall.o
LOAD src/Config.o
LOAD src/main.o
START GROUP
LOAD ../src/ASF/thirdparty/CMSIS/Lib/GCC\libarm_cortexM4l_math.a
LOAD f:/ilangoldman/applicativos/7.0/toolchain/arm/arm-gnu-toolchain/bin/../lib/gcc/arm-none-eabi/6.2.1/../../../../arm-none-eabi/lib/thumb/v7e-m\libm.a
END GROUP
START GROUP
LOAD f:/ilangoldman/applicativos/7.0/toolchain/arm/arm-gnu-toolchain/bin/../lib/gcc/arm-none-eabi/6.2.1/thumb/v7e-m\libgcc.a
LOAD f:/ilangoldman/applicativos/7.0/toolchain/arm/arm-gnu-toolchain/bin/../lib/gcc/arm-none-eabi/6.2.1/../../../../arm-none-eabi/lib/thumb/v7e-m\libc.a
END GROUP
LOAD f:/ilangoldman/applicativos/7.0/toolchain/arm/arm-gnu-toolchain/bin/../lib/gcc/arm-none-eabi/6.2.1/thumb/v7e-m/crtend.o
LOAD f:/ilangoldman/applicativos/7.0/toolchain/arm/arm-gnu-toolchain/bin/../lib/gcc/arm-none-eabi/6.2.1/thumb/v7e-m/crtn.o
                0x00003000                __stack_size__ = DEFINED (__stack_size__)?__stack_size__:0x3000
                0x20027ffc                __ram_end__ = ((ORIGIN (ram) + LENGTH (ram)) - 0x4)

.text           0x00400000     0x3598
                0x00400000                . = ALIGN (0x4)
                0x00400000                _sfixed = .
 *(.vectors .vectors.*)
 .vectors       0x00400000       0xcc src/ASF/sam/utils/cmsis/sam4s/source/templates/gcc/startup_sam4s.o
                0x00400000                exception_table
 *(.text .text.* .gnu.linkonce.t.*)
 .text          0x004000cc       0x6c f:/ilangoldman/applicativos/7.0/toolchain/arm/arm-gnu-toolchain/bin/../lib/gcc/arm-none-eabi/6.2.1/thumb/v7e-m/crtbegin.o
 .text.sysclk_init
                0x00400138       0x64 src/ASF/common/services/clock/sam4s/sysclk.o
                0x00400138                sysclk_init
 .text._read    0x0040019c       0x3c src/ASF/common/utils/stdio/read.o
                0x0040019c                _read
 .text._write   0x004001d8       0x50 src/ASF/common/utils/stdio/write.o
                0x004001d8                _write
 .text.board_init
                0x00400228      0x144 src/ASF/sam/boards/sam4s_ek2/init.o
                0x00400228                board_init
 .text.pio_set_peripheral
                0x0040036c       0x90 src/ASF/sam/drivers/pio/pio.o
                0x0040036c                pio_set_peripheral
 .text.pio_set_input
                0x004003fc       0x32 src/ASF/sam/drivers/pio/pio.o
                0x004003fc                pio_set_input
 .text.pio_set_output
                0x0040042e       0x26 src/ASF/sam/drivers/pio/pio.o
                0x0040042e                pio_set_output
 .text.pio_pull_down
                0x00400454        0xe src/ASF/sam/drivers/pio/pio.o
                0x00400454                pio_pull_down
 .text.pio_configure_interrupt
                0x00400462       0x2e src/ASF/sam/drivers/pio/pio.o
                0x00400462                pio_configure_interrupt
 .text.pio_enable_interrupt
                0x00400490        0x4 src/ASF/sam/drivers/pio/pio.o
                0x00400490                pio_enable_interrupt
 .text.pio_get_interrupt_status
                0x00400494        0x4 src/ASF/sam/drivers/pio/pio.o
                0x00400494                pio_get_interrupt_status
 .text.pio_get_interrupt_mask
                0x00400498        0x4 src/ASF/sam/drivers/pio/pio.o
                0x00400498                pio_get_interrupt_mask
 .text.pio_set_pin_high
                0x0040049c       0x1a src/ASF/sam/drivers/pio/pio.o
                0x0040049c                pio_set_pin_high
 .text.pio_set_pin_low
                0x004004b6       0x1a src/ASF/sam/drivers/pio/pio.o
                0x004004b6                pio_set_pin_low
 .text.pio_configure_pin
                0x004004d0      0x120 src/ASF/sam/drivers/pio/pio.o
                0x004004d0                pio_configure_pin
 .text.pio_configure_pin_group
                0x004005f0       0xd8 src/ASF/sam/drivers/pio/pio.o
                0x004005f0                pio_configure_pin_group
 .text.pio_handler_process
                0x004006c8       0x68 src/ASF/sam/drivers/pio/pio_handler.o
                0x004006c8                pio_handler_process
 .text.pio_handler_set
                0x00400730       0x70 src/ASF/sam/drivers/pio/pio_handler.o
                0x00400730                pio_handler_set
 .text.PIOA_Handler
                0x004007a0       0x14 src/ASF/sam/drivers/pio/pio_handler.o
                0x004007a0                PIOA_Handler
 .text.PIOB_Handler
                0x004007b4       0x14 src/ASF/sam/drivers/pio/pio_handler.o
                0x004007b4                PIOB_Handler
 .text.PIOC_Handler
                0x004007c8       0x14 src/ASF/sam/drivers/pio/pio_handler.o
                0x004007c8                PIOC_Handler
 .text.pmc_switch_mck_to_pllack
                0x004007dc       0x64 src/ASF/sam/drivers/pmc/pmc.o
                0x004007dc                pmc_switch_mck_to_pllack
 .text.pmc_switch_mainck_to_xtal
                0x00400840       0x54 src/ASF/sam/drivers/pmc/pmc.o
                0x00400840                pmc_switch_mainck_to_xtal
 .text.pmc_osc_is_ready_mainck
                0x00400894       0x10 src/ASF/sam/drivers/pmc/pmc.o
                0x00400894                pmc_osc_is_ready_mainck
 .text.pmc_disable_pllack
                0x004008a4       0x10 src/ASF/sam/drivers/pmc/pmc.o
                0x004008a4                pmc_disable_pllack
 .text.pmc_is_locked_pllack
                0x004008b4       0x10 src/ASF/sam/drivers/pmc/pmc.o
                0x004008b4                pmc_is_locked_pllack
 .text.pmc_enable_periph_clk
                0x004008c4       0x54 src/ASF/sam/drivers/pmc/pmc.o
                0x004008c4                pmc_enable_periph_clk
 .text.pwm_clocks_generate
                0x00400918       0x54 src/ASF/sam/drivers/pwm/pwm.o
 .text.pwm_init
                0x0040096c       0x44 src/ASF/sam/drivers/pwm/pwm.o
                0x0040096c                pwm_init
 .text.pwm_channel_init
                0x004009b0       0xe6 src/ASF/sam/drivers/pwm/pwm.o
                0x004009b0                pwm_channel_init
 .text.pwm_channel_update_duty
                0x00400a96       0x1c src/ASF/sam/drivers/pwm/pwm.o
                0x00400a96                pwm_channel_update_duty
 .text.pwm_channel_enable
                0x00400ab2        0xa src/ASF/sam/drivers/pwm/pwm.o
                0x00400ab2                pwm_channel_enable
 .text.pwm_channel_disable
                0x00400abc        0xa src/ASF/sam/drivers/pwm/pwm.o
                0x00400abc                pwm_channel_disable
 .text.tc_init  0x00400ac6       0x18 src/ASF/sam/drivers/tc/tc.o
                0x00400ac6                tc_init
 .text.tc_start
                0x00400ade        0x8 src/ASF/sam/drivers/tc/tc.o
                0x00400ade                tc_start
 .text.tc_write_rc
                0x00400ae6        0x8 src/ASF/sam/drivers/tc/tc.o
                0x00400ae6                tc_write_rc
 .text.tc_enable_interrupt
                0x00400aee        0x8 src/ASF/sam/drivers/tc/tc.o
                0x00400aee                tc_enable_interrupt
 .text.tc_get_status
                0x00400af6        0x8 src/ASF/sam/drivers/tc/tc.o
                0x00400af6                tc_get_status
 .text.tc_find_mck_divisor
                0x00400afe       0x70 src/ASF/sam/drivers/tc/tc.o
                0x00400afe                tc_find_mck_divisor
 .text.uart_init
                0x00400b6e       0x36 src/ASF/sam/drivers/uart/uart.o
                0x00400b6e                uart_init
 .text.uart_write
                0x00400ba4       0x10 src/ASF/sam/drivers/uart/uart.o
                0x00400ba4                uart_write
 .text.uart_read
                0x00400bb4       0x12 src/ASF/sam/drivers/uart/uart.o
                0x00400bb4                uart_read
 .text.usart_write
                0x00400bc6       0x14 src/ASF/sam/drivers/usart/usart.o
                0x00400bc6                usart_write
 .text.usart_read
                0x00400bda       0x18 src/ASF/sam/drivers/usart/usart.o
                0x00400bda                usart_read
 .text.Dummy_Handler
                0x00400bf2        0x2 src/ASF/sam/utils/cmsis/sam4s/source/templates/gcc/startup_sam4s.o
                0x00400bf2                DACC_Handler
                0x00400bf2                DebugMon_Handler
                0x00400bf2                HardFault_Handler
                0x00400bf2                TC2_Handler
                0x00400bf2                SPI_Handler
                0x00400bf2                SysTick_Handler
                0x00400bf2                TWI1_Handler
                0x00400bf2                PendSV_Handler
                0x00400bf2                NMI_Handler
                0x00400bf2                ADC_Handler
                0x00400bf2                CRCCU_Handler
                0x00400bf2                USART0_Handler
                0x00400bf2                RTT_Handler
                0x00400bf2                EFC1_Handler
                0x00400bf2                RTC_Handler
                0x00400bf2                UsageFault_Handler
                0x00400bf2                WDT_Handler
                0x00400bf2                TC4_Handler
                0x00400bf2                HSMCI_Handler
                0x00400bf2                UART1_Handler
                0x00400bf2                TC3_Handler
                0x00400bf2                Dummy_Handler
                0x00400bf2                TWI0_Handler
                0x00400bf2                USART1_Handler
                0x00400bf2                SSC_Handler
                0x00400bf2                EFC0_Handler
                0x00400bf2                ACC_Handler
                0x00400bf2                PMC_Handler
                0x00400bf2                PWM_Handler
                0x00400bf2                MemManage_Handler
                0x00400bf2                SUPC_Handler
                0x00400bf2                SVC_Handler
                0x00400bf2                UART0_Handler
                0x00400bf2                UDP_Handler
                0x00400bf2                BusFault_Handler
                0x00400bf2                RSTC_Handler
                0x00400bf2                TC5_Handler
 .text.Reset_Handler
                0x00400bf4       0xac src/ASF/sam/utils/cmsis/sam4s/source/templates/gcc/startup_sam4s.o
                0x00400bf4                Reset_Handler
 .text.SystemCoreClockUpdate
                0x00400ca0      0x110 src/ASF/sam/utils/cmsis/sam4s/source/templates/system_sam4s.o
                0x00400ca0                SystemCoreClockUpdate
 .text.system_init_flash
                0x00400db0       0x94 src/ASF/sam/utils/cmsis/sam4s/source/templates/system_sam4s.o
                0x00400db0                system_init_flash
 .text._sbrk    0x00400e44       0x38 src/ASF/sam/utils/syscalls/gcc/syscalls.o
                0x00400e44                _sbrk
 .text._close   0x00400e7c        0x6 src/ASF/sam/utils/syscalls/gcc/syscalls.o
                0x00400e7c                _close
 .text._fstat   0x00400e82        0xa src/ASF/sam/utils/syscalls/gcc/syscalls.o
                0x00400e82                _fstat
 .text._isatty  0x00400e8c        0x4 src/ASF/sam/utils/syscalls/gcc/syscalls.o
                0x00400e8c                _isatty
 .text._lseek   0x00400e90        0x4 src/ASF/sam/utils/syscalls/gcc/syscalls.o
                0x00400e90                _lseek
 .text.vReadSensor
                0x00400e94       0x4c src/BeamBall.o
                0x00400e94                vReadSensor
 .text.vMalhaControle
                0x00400ee0       0x24 src/BeamBall.o
                0x00400ee0                vMalhaControle
 .text.usart_serial_getchar
                0x00400f04       0x88 src/Config.o
 .text.usart_serial_putchar
                0x00400f8c       0x80 src/Config.o
 .text.vSensorISR
                0x0040100c       0x3c src/Config.o
                0x0040100c                vSensorISR
 .text.vClearSensorCounter
                0x00401048        0xc src/Config.o
                0x00401048                vClearSensorCounter
 .text.vAddSensorCounter
                0x00401054       0x10 src/Config.o
                0x00401054                vAddSensorCounter
 .text.vConfigureUART
                0x00401064       0x98 src/Config.o
                0x00401064                vConfigureUART
 .text.TC0_Handler
                0x004010fc       0x2c src/Config.o
                0x004010fc                TC0_Handler
 .text.TC1_Handler
                0x00401128       0x2c src/Config.o
                0x00401128                TC1_Handler
 .text.vConfigureTimer
                0x00401154      0x104 src/Config.o
                0x00401154                vConfigureTimer
 .text.vConfigureISR
                0x00401258       0xdc src/Config.o
                0x00401258                vConfigureISR
 .text.vConfigurePWM
                0x00401334       0x70 src/Config.o
                0x00401334                vConfigurePWM
 .text.vPWMUpdateDuty
                0x004013a4       0x28 src/Config.o
                0x004013a4                vPWMUpdateDuty
 .text.vButtonLeftISR
                0x004013cc       0x38 src/Config.o
                0x004013cc                vButtonLeftISR
 .text.vButtonRightISR
                0x00401404       0x38 src/Config.o
                0x00401404                vButtonRightISR
 .text.main     0x0040143c       0x44 src/main.o
                0x0040143c                main
 .text          0x00401480      0x370 f:/ilangoldman/applicativos/7.0/toolchain/arm/arm-gnu-toolchain/bin/../lib/gcc/arm-none-eabi/6.2.1/thumb/v7e-m\libgcc.a(_arm_addsubdf3.o)
                0x00401480                __aeabi_drsub
                0x00401488                __aeabi_dsub
                0x00401488                __subdf3
                0x0040148c                __aeabi_dadd
                0x0040148c                __adddf3
                0x00401704                __floatunsidf
                0x00401704                __aeabi_ui2d
                0x00401724                __floatsidf
                0x00401724                __aeabi_i2d
                0x00401748                __aeabi_f2d
                0x00401748                __extendsfdf2
                0x00401784                __floatundidf
                0x00401784                __aeabi_ul2d
                0x00401794                __floatdidf
                0x00401794                __aeabi_l2d
 .text          0x004017f0       0x40 f:/ilangoldman/applicativos/7.0/toolchain/arm/arm-gnu-toolchain/bin/../lib/gcc/arm-none-eabi/6.2.1/thumb/v7e-m\libgcc.a(_arm_fixunsdfsi.o)
                0x004017f0                __aeabi_d2uiz
                0x004017f0                __fixunsdfsi
 .text.__libc_init_array
                0x00401830       0x50 f:/ilangoldman/applicativos/7.0/toolchain/arm/arm-gnu-toolchain/bin/../lib/gcc/arm-none-eabi/6.2.1/../../../../arm-none-eabi/lib/thumb/v7e-m\libc.a(lib_a-init.o)
                0x00401830                __libc_init_array
 .text.memset   0x00401880       0x9c f:/ilangoldman/applicativos/7.0/toolchain/arm/arm-gnu-toolchain/bin/../lib/gcc/arm-none-eabi/6.2.1/../../../../arm-none-eabi/lib/thumb/v7e-m\libc.a(lib_a-memset.o)
                0x00401880                memset
 .text._puts_r  0x0040191c       0x68 f:/ilangoldman/applicativos/7.0/toolchain/arm/arm-gnu-toolchain/bin/../lib/gcc/arm-none-eabi/6.2.1/../../../../arm-none-eabi/lib/thumb/v7e-m\libc.a(lib_a-puts.o)
                0x0040191c                _puts_r
 .text.puts     0x00401984       0x10 f:/ilangoldman/applicativos/7.0/toolchain/arm/arm-gnu-toolchain/bin/../lib/gcc/arm-none-eabi/6.2.1/../../../../arm-none-eabi/lib/thumb/v7e-m\libc.a(lib_a-puts.o)
                0x00401984                puts
 .text.setbuf   0x00401994       0x10 f:/ilangoldman/applicativos/7.0/toolchain/arm/arm-gnu-toolchain/bin/../lib/gcc/arm-none-eabi/6.2.1/../../../../arm-none-eabi/lib/thumb/v7e-m\libc.a(lib_a-setbuf.o)
                0x00401994                setbuf
 .text.setvbuf  0x004019a4      0x14c f:/ilangoldman/applicativos/7.0/toolchain/arm/arm-gnu-toolchain/bin/../lib/gcc/arm-none-eabi/6.2.1/../../../../arm-none-eabi/lib/thumb/v7e-m\libc.a(lib_a-setvbuf.o)
                0x004019a4                setvbuf
 *fill*         0x00401af0       0x10 
 .text          0x00401b00       0xdc f:/ilangoldman/applicativos/7.0/toolchain/arm/arm-gnu-toolchain/bin/../lib/gcc/arm-none-eabi/6.2.1/../../../../arm-none-eabi/lib/thumb/v7e-m\libc.a(lib_a-strlen.o)
                0x00401b00                strlen
 .text.startup.register_fini
                0x00401bdc       0x14 f:/ilangoldman/applicativos/7.0/toolchain/arm/arm-gnu-toolchain/bin/../lib/gcc/arm-none-eabi/6.2.1/../../../../arm-none-eabi/lib/thumb/v7e-m\libc.a(lib_a-__call_atexit.o)
 .text.atexit   0x00401bf0        0xc f:/ilangoldman/applicativos/7.0/toolchain/arm/arm-gnu-toolchain/bin/../lib/gcc/arm-none-eabi/6.2.1/../../../../arm-none-eabi/lib/thumb/v7e-m\libc.a(lib_a-atexit.o)
                0x00401bf0                atexit
 .text.__sflush_r
                0x00401bfc      0x140 f:/ilangoldman/applicativos/7.0/toolchain/arm/arm-gnu-toolchain/bin/../lib/gcc/arm-none-eabi/6.2.1/../../../../arm-none-eabi/lib/thumb/v7e-m\libc.a(lib_a-fflush.o)
                0x00401bfc                __sflush_r
 .text._fflush_r
                0x00401d3c       0x2c f:/ilangoldman/applicativos/7.0/toolchain/arm/arm-gnu-toolchain/bin/../lib/gcc/arm-none-eabi/6.2.1/../../../../arm-none-eabi/lib/thumb/v7e-m\libc.a(lib_a-fflush.o)
                0x00401d3c                _fflush_r
 .text._cleanup_r
                0x00401d68        0xc f:/ilangoldman/applicativos/7.0/toolchain/arm/arm-gnu-toolchain/bin/../lib/gcc/arm-none-eabi/6.2.1/../../../../arm-none-eabi/lib/thumb/v7e-m\libc.a(lib_a-findfp.o)
                0x00401d68                _cleanup_r
 .text.__sinit.part.1
                0x00401d74       0xf0 f:/ilangoldman/applicativos/7.0/toolchain/arm/arm-gnu-toolchain/bin/../lib/gcc/arm-none-eabi/6.2.1/../../../../arm-none-eabi/lib/thumb/v7e-m\libc.a(lib_a-findfp.o)
 .text.__sinit  0x00401e64        0xc f:/ilangoldman/applicativos/7.0/toolchain/arm/arm-gnu-toolchain/bin/../lib/gcc/arm-none-eabi/6.2.1/../../../../arm-none-eabi/lib/thumb/v7e-m\libc.a(lib_a-findfp.o)
                0x00401e64                __sinit
 .text.__sfp_lock_acquire
                0x00401e70        0x4 f:/ilangoldman/applicativos/7.0/toolchain/arm/arm-gnu-toolchain/bin/../lib/gcc/arm-none-eabi/6.2.1/../../../../arm-none-eabi/lib/thumb/v7e-m\libc.a(lib_a-findfp.o)
                0x00401e70                __sfp_lock_acquire
 .text.__sfp_lock_release
                0x00401e74        0x4 f:/ilangoldman/applicativos/7.0/toolchain/arm/arm-gnu-toolchain/bin/../lib/gcc/arm-none-eabi/6.2.1/../../../../arm-none-eabi/lib/thumb/v7e-m\libc.a(lib_a-findfp.o)
                0x00401e74                __sfp_lock_release
 .text.__libc_fini_array
                0x00401e78       0x34 f:/ilangoldman/applicativos/7.0/toolchain/arm/arm-gnu-toolchain/bin/../lib/gcc/arm-none-eabi/6.2.1/../../../../arm-none-eabi/lib/thumb/v7e-m\libc.a(lib_a-fini.o)
                0x00401e78                __libc_fini_array
 .text._malloc_trim_r
                0x00401eac       0xa0 f:/ilangoldman/applicativos/7.0/toolchain/arm/arm-gnu-toolchain/bin/../lib/gcc/arm-none-eabi/6.2.1/../../../../arm-none-eabi/lib/thumb/v7e-m\libc.a(lib_a-freer.o)
                0x00401eac                _malloc_trim_r
 .text._free_r  0x00401f4c      0x1cc f:/ilangoldman/applicativos/7.0/toolchain/arm/arm-gnu-toolchain/bin/../lib/gcc/arm-none-eabi/6.2.1/../../../../arm-none-eabi/lib/thumb/v7e-m\libc.a(lib_a-freer.o)
                0x00401f4c                _free_r
 .text.__sfvwrite_r
                0x00402118      0x2f0 f:/ilangoldman/applicativos/7.0/toolchain/arm/arm-gnu-toolchain/bin/../lib/gcc/arm-none-eabi/6.2.1/../../../../arm-none-eabi/lib/thumb/v7e-m\libc.a(lib_a-fvwrite.o)
                0x00402118                __sfvwrite_r
 .text._fwalk_reent
                0x00402408       0x54 f:/ilangoldman/applicativos/7.0/toolchain/arm/arm-gnu-toolchain/bin/../lib/gcc/arm-none-eabi/6.2.1/../../../../arm-none-eabi/lib/thumb/v7e-m\libc.a(lib_a-fwalk.o)
                0x00402408                _fwalk_reent
 .text.__swhatbuf_r
                0x0040245c       0x5c f:/ilangoldman/applicativos/7.0/toolchain/arm/arm-gnu-toolchain/bin/../lib/gcc/arm-none-eabi/6.2.1/../../../../arm-none-eabi/lib/thumb/v7e-m\libc.a(lib_a-makebuf.o)
                0x0040245c                __swhatbuf_r
 .text.__smakebuf_r
                0x004024b8       0x88 f:/ilangoldman/applicativos/7.0/toolchain/arm/arm-gnu-toolchain/bin/../lib/gcc/arm-none-eabi/6.2.1/../../../../arm-none-eabi/lib/thumb/v7e-m\libc.a(lib_a-makebuf.o)
                0x004024b8                __smakebuf_r
 .text.malloc   0x00402540       0x10 f:/ilangoldman/applicativos/7.0/toolchain/arm/arm-gnu-toolchain/bin/../lib/gcc/arm-none-eabi/6.2.1/../../../../arm-none-eabi/lib/thumb/v7e-m\libc.a(lib_a-malloc.o)
                0x00402540                malloc
 .text._malloc_r
                0x00402550      0x560 f:/ilangoldman/applicativos/7.0/toolchain/arm/arm-gnu-toolchain/bin/../lib/gcc/arm-none-eabi/6.2.1/../../../../arm-none-eabi/lib/thumb/v7e-m\libc.a(lib_a-mallocr.o)
                0x00402550                _malloc_r
 .text          0x00402ab0       0xa0 f:/ilangoldman/applicativos/7.0/toolchain/arm/arm-gnu-toolchain/bin/../lib/gcc/arm-none-eabi/6.2.1/../../../../arm-none-eabi/lib/thumb/v7e-m\libc.a(lib_a-memchr.o)
                0x00402ab0                memchr
 .text          0x00402b50      0x134 f:/ilangoldman/applicativos/7.0/toolchain/arm/arm-gnu-toolchain/bin/../lib/gcc/arm-none-eabi/6.2.1/../../../../arm-none-eabi/lib/thumb/v7e-m\libc.a(lib_a-memcpy.o)
                0x00402b50                memcpy
 .text.memmove  0x00402c84       0xc8 f:/ilangoldman/applicativos/7.0/toolchain/arm/arm-gnu-toolchain/bin/../lib/gcc/arm-none-eabi/6.2.1/../../../../arm-none-eabi/lib/thumb/v7e-m\libc.a(lib_a-memmove.o)
                0x00402c84                memmove
 .text.__malloc_lock
                0x00402d4c        0x4 f:/ilangoldman/applicativos/7.0/toolchain/arm/arm-gnu-toolchain/bin/../lib/gcc/arm-none-eabi/6.2.1/../../../../arm-none-eabi/lib/thumb/v7e-m\libc.a(lib_a-mlock.o)
                0x00402d4c                __malloc_lock
 .text.__malloc_unlock
                0x00402d50        0x4 f:/ilangoldman/applicativos/7.0/toolchain/arm/arm-gnu-toolchain/bin/../lib/gcc/arm-none-eabi/6.2.1/../../../../arm-none-eabi/lib/thumb/v7e-m\libc.a(lib_a-mlock.o)
                0x00402d50                __malloc_unlock
 .text._realloc_r
                0x00402d54      0x34c f:/ilangoldman/applicativos/7.0/toolchain/arm/arm-gnu-toolchain/bin/../lib/gcc/arm-none-eabi/6.2.1/../../../../arm-none-eabi/lib/thumb/v7e-m\libc.a(lib_a-reallocr.o)
                0x00402d54                _realloc_r
 .text._sbrk_r  0x004030a0       0x24 f:/ilangoldman/applicativos/7.0/toolchain/arm/arm-gnu-toolchain/bin/../lib/gcc/arm-none-eabi/6.2.1/../../../../arm-none-eabi/lib/thumb/v7e-m\libc.a(lib_a-sbrkr.o)
                0x004030a0                _sbrk_r
 .text.__sread  0x004030c4       0x24 f:/ilangoldman/applicativos/7.0/toolchain/arm/arm-gnu-toolchain/bin/../lib/gcc/arm-none-eabi/6.2.1/../../../../arm-none-eabi/lib/thumb/v7e-m\libc.a(lib_a-stdio.o)
                0x004030c4                __sread
 .text.__swrite
                0x004030e8       0x3c f:/ilangoldman/applicativos/7.0/toolchain/arm/arm-gnu-toolchain/bin/../lib/gcc/arm-none-eabi/6.2.1/../../../../arm-none-eabi/lib/thumb/v7e-m\libc.a(lib_a-stdio.o)
                0x004030e8                __swrite
 .text.__sseek  0x00403124       0x20 f:/ilangoldman/applicativos/7.0/toolchain/arm/arm-gnu-toolchain/bin/../lib/gcc/arm-none-eabi/6.2.1/../../../../arm-none-eabi/lib/thumb/v7e-m\libc.a(lib_a-stdio.o)
                0x00403124                __sseek
 .text.__sclose
                0x00403144        0x8 f:/ilangoldman/applicativos/7.0/toolchain/arm/arm-gnu-toolchain/bin/../lib/gcc/arm-none-eabi/6.2.1/../../../../arm-none-eabi/lib/thumb/v7e-m\libc.a(lib_a-stdio.o)
                0x00403144                __sclose
 .text._write_r
                0x0040314c       0x2c f:/ilangoldman/applicativos/7.0/toolchain/arm/arm-gnu-toolchain/bin/../lib/gcc/arm-none-eabi/6.2.1/../../../../arm-none-eabi/lib/thumb/v7e-m\libc.a(lib_a-writer.o)
                0x0040314c                _write_r
 .text.__swsetup_r
                0x00403178       0xc8 f:/ilangoldman/applicativos/7.0/toolchain/arm/arm-gnu-toolchain/bin/../lib/gcc/arm-none-eabi/6.2.1/../../../../arm-none-eabi/lib/thumb/v7e-m\libc.a(lib_a-wsetup.o)
                0x00403178                __swsetup_r
 .text.__register_exitproc
                0x00403240       0xa4 f:/ilangoldman/applicativos/7.0/toolchain/arm/arm-gnu-toolchain/bin/../lib/gcc/arm-none-eabi/6.2.1/../../../../arm-none-eabi/lib/thumb/v7e-m\libc.a(lib_a-__atexit.o)
                0x00403240                __register_exitproc
 .text._close_r
                0x004032e4       0x24 f:/ilangoldman/applicativos/7.0/toolchain/arm/arm-gnu-toolchain/bin/../lib/gcc/arm-none-eabi/6.2.1/../../../../arm-none-eabi/lib/thumb/v7e-m\libc.a(lib_a-closer.o)
                0x004032e4                _close_r
 .text._fclose_r
                0x00403308       0x80 f:/ilangoldman/applicativos/7.0/toolchain/arm/arm-gnu-toolchain/bin/../lib/gcc/arm-none-eabi/6.2.1/../../../../arm-none-eabi/lib/thumb/v7e-m\libc.a(lib_a-fclose.o)
                0x00403308                _fclose_r
 .text._fstat_r
                0x00403388       0x28 f:/ilangoldman/applicativos/7.0/toolchain/arm/arm-gnu-toolchain/bin/../lib/gcc/arm-none-eabi/6.2.1/../../../../arm-none-eabi/lib/thumb/v7e-m\libc.a(lib_a-fstatr.o)
                0x00403388                _fstat_r
 .text._isatty_r
                0x004033b0       0x24 f:/ilangoldman/applicativos/7.0/toolchain/arm/arm-gnu-toolchain/bin/../lib/gcc/arm-none-eabi/6.2.1/../../../../arm-none-eabi/lib/thumb/v7e-m\libc.a(lib_a-isattyr.o)
                0x004033b0                _isatty_r
 .text._lseek_r
                0x004033d4       0x2c f:/ilangoldman/applicativos/7.0/toolchain/arm/arm-gnu-toolchain/bin/../lib/gcc/arm-none-eabi/6.2.1/../../../../arm-none-eabi/lib/thumb/v7e-m\libc.a(lib_a-lseekr.o)
                0x004033d4                _lseek_r
 .text._read_r  0x00403400       0x2c f:/ilangoldman/applicativos/7.0/toolchain/arm/arm-gnu-toolchain/bin/../lib/gcc/arm-none-eabi/6.2.1/../../../../arm-none-eabi/lib/thumb/v7e-m\libc.a(lib_a-readr.o)
                0x00403400                _read_r
 *(.glue_7t)
 .glue_7t       0x0040342c        0x0 linker stubs
 *(.glue_7)
 .glue_7        0x0040342c        0x0 linker stubs
 *(.rodata .rodata* .gnu.linkonce.r.*)
 .rodata        0x0040342c       0x2c src/ASF/sam/drivers/pwm/pwm.o
 .rodata.vMalhaControle.str1.4
                0x00403458       0x1f src/BeamBall.o
 *fill*         0x00403477        0x1 
 .rodata.vReadSensor.str1.4
                0x00403478       0x1e src/BeamBall.o
 *fill*         0x00403496        0x2 
 .rodata.TC0_Handler.str1.4
                0x00403498        0xf src/Config.o
 *fill*         0x004034a7        0x1 
 .rodata.TC1_Handler.str1.4
                0x004034a8       0x11 src/Config.o
 *fill*         0x004034b9        0x3 
 .rodata.vButtonLeftISR.str1.4
                0x004034bc       0x13 src/Config.o
 *fill*         0x004034cf        0x1 
 .rodata.vButtonRightISR.str1.4
                0x004034d0       0x14 src/Config.o
 .rodata.vConfigureISR.str1.4
                0x004034e4       0x1b src/Config.o
 *fill*         0x004034ff        0x1 
 .rodata.vConfigureTimer.str1.4
                0x00403500       0x44 src/Config.o
 .rodata.vSensorISR.str1.4
                0x00403544        0xe src/Config.o
 *fill*         0x00403552        0x2 
 .rodata.main.str1.4
                0x00403554       0x19 src/main.o
 *fill*         0x0040356d        0x3 
 .rodata._global_impure_ptr
                0x00403570        0x4 f:/ilangoldman/applicativos/7.0/toolchain/arm/arm-gnu-toolchain/bin/../lib/gcc/arm-none-eabi/6.2.1/../../../../arm-none-eabi/lib/thumb/v7e-m\libc.a(lib_a-impure.o)
                0x00403570                _global_impure_ptr
 .rodata._puts_r.str1.4
                0x00403574       0x1c f:/ilangoldman/applicativos/7.0/toolchain/arm/arm-gnu-toolchain/bin/../lib/gcc/arm-none-eabi/6.2.1/../../../../arm-none-eabi/lib/thumb/v7e-m\libc.a(lib_a-puts.o)
                                  0x2 (size before relaxing)
 *(.ARM.extab* .gnu.linkonce.armextab.*)
                0x00403590                . = ALIGN (0x4)
 *(.init)
 .init          0x00403574        0x4 f:/ilangoldman/applicativos/7.0/toolchain/arm/arm-gnu-toolchain/bin/../lib/gcc/arm-none-eabi/6.2.1/thumb/v7e-m/crti.o
                0x00403574                _init
 .init          0x00403578        0x8 f:/ilangoldman/applicativos/7.0/toolchain/arm/arm-gnu-toolchain/bin/../lib/gcc/arm-none-eabi/6.2.1/thumb/v7e-m/crtn.o
                0x00403590                . = ALIGN (0x4)
                0x00403590                __preinit_array_start = .
 *(.preinit_array)
                0x00403590                __preinit_array_end = .
                0x00403590                . = ALIGN (0x4)
                0x00403590                __init_array_start = .
 *(SORT(.init_array.*))
 .init_array.00000
                0x00403580        0x4 f:/ilangoldman/applicativos/7.0/toolchain/arm/arm-gnu-toolchain/bin/../lib/gcc/arm-none-eabi/6.2.1/../../../../arm-none-eabi/lib/thumb/v7e-m\libc.a(lib_a-__call_atexit.o)
 *(.init_array)
 .init_array    0x00403584        0x4 f:/ilangoldman/applicativos/7.0/toolchain/arm/arm-gnu-toolchain/bin/../lib/gcc/arm-none-eabi/6.2.1/thumb/v7e-m/crtbegin.o
                0x00403590                __init_array_end = .
                0x00403590                . = ALIGN (0x4)
 *crtbegin.o(.ctors)
 *(EXCLUDE_FILE(*crtend.o) .ctors)
 *(SORT(.ctors.*))
 *crtend.o(.ctors)
                0x00403590                . = ALIGN (0x4)
 *(.fini)
 .fini          0x00403588        0x4 f:/ilangoldman/applicativos/7.0/toolchain/arm/arm-gnu-toolchain/bin/../lib/gcc/arm-none-eabi/6.2.1/thumb/v7e-m/crti.o
                0x00403588                _fini
 .fini          0x0040358c        0x8 f:/ilangoldman/applicativos/7.0/toolchain/arm/arm-gnu-toolchain/bin/../lib/gcc/arm-none-eabi/6.2.1/thumb/v7e-m/crtn.o
                0x00403594                . = ALIGN (0x4)
                0x00403594                __fini_array_start = .
 *(.fini_array)
 .fini_array    0x00403594        0x4 f:/ilangoldman/applicativos/7.0/toolchain/arm/arm-gnu-toolchain/bin/../lib/gcc/arm-none-eabi/6.2.1/thumb/v7e-m/crtbegin.o
 *(SORT(.fini_array.*))
                0x00403598                __fini_array_end = .
 *crtbegin.o(.dtors)
 *(EXCLUDE_FILE(*crtend.o) .dtors)
 *(SORT(.dtors.*))
 *crtend.o(.dtors)
                0x00403598                . = ALIGN (0x4)
                0x00403598                _efixed = .
                [!provide]                PROVIDE (__exidx_start, .)

.vfp11_veneer   0x00403598        0x0
 .vfp11_veneer  0x00403598        0x0 linker stubs

.v4_bx          0x00403598        0x0
 .v4_bx         0x00403598        0x0 linker stubs

.iplt           0x00403598        0x0
 .iplt          0x00403598        0x0 f:/ilangoldman/applicativos/7.0/toolchain/arm/arm-gnu-toolchain/bin/../lib/gcc/arm-none-eabi/6.2.1/thumb/v7e-m/crtbegin.o

.eh_frame       0x00403598        0x0
 .eh_frame      0x00403598        0x0 f:/ilangoldman/applicativos/7.0/toolchain/arm/arm-gnu-toolchain/bin/../lib/gcc/arm-none-eabi/6.2.1/thumb/v7e-m/crtbegin.o

.rel.dyn        0x00403598        0x0
 .rel.iplt      0x00403598        0x0 f:/ilangoldman/applicativos/7.0/toolchain/arm/arm-gnu-toolchain/bin/../lib/gcc/arm-none-eabi/6.2.1/thumb/v7e-m/crtbegin.o

.jcr            0x00403598        0x0
 .jcr           0x00403598        0x0 f:/ilangoldman/applicativos/7.0/toolchain/arm/arm-gnu-toolchain/bin/../lib/gcc/arm-none-eabi/6.2.1/thumb/v7e-m/crtbegin.o

.igot.plt       0x00403598        0x0
 .igot.plt      0x00403598        0x0 f:/ilangoldman/applicativos/7.0/toolchain/arm/arm-gnu-toolchain/bin/../lib/gcc/arm-none-eabi/6.2.1/thumb/v7e-m/crtbegin.o

.ARM.exidx
 *(.ARM.exidx* .gnu.linkonce.armexidx.*)
                [!provide]                PROVIDE (__exidx_end, .)
                0x00403598                . = ALIGN (0x4)
                0x00403598                _etext = .

.relocate       0x20000000      0x860 load address 0x00403598
                0x20000000                . = ALIGN (0x4)
                0x20000000                _srelocate = .
 *(.ramfunc .ramfunc.*)
 .ramfunc       0x20000000        0xa src/ASF/common/services/delay/sam/cycle_counter.o
                0x20000000                portable_delay_cycles
 *(.data .data.*)
 *fill*         0x2000000a        0x2 
 .data.SystemCoreClock
                0x2000000c        0x4 src/ASF/sam/utils/cmsis/sam4s/source/templates/system_sam4s.o
                0x2000000c                SystemCoreClock
 .data.btn_duty
                0x20000010        0x4 src/Config.o
                0x20000010                btn_duty
 .data.usart_options.8632
                0x20000014       0x10 src/Config.o
 .data._impure_ptr
                0x20000024        0x4 f:/ilangoldman/applicativos/7.0/toolchain/arm/arm-gnu-toolchain/bin/../lib/gcc/arm-none-eabi/6.2.1/../../../../arm-none-eabi/lib/thumb/v7e-m\libc.a(lib_a-impure.o)
                0x20000024                _impure_ptr
 .data.impure_data
                0x20000028      0x428 f:/ilangoldman/applicativos/7.0/toolchain/arm/arm-gnu-toolchain/bin/../lib/gcc/arm-none-eabi/6.2.1/../../../../arm-none-eabi/lib/thumb/v7e-m\libc.a(lib_a-impure.o)
 .data.__malloc_av_
                0x20000450      0x408 f:/ilangoldman/applicativos/7.0/toolchain/arm/arm-gnu-toolchain/bin/../lib/gcc/arm-none-eabi/6.2.1/../../../../arm-none-eabi/lib/thumb/v7e-m\libc.a(lib_a-mallocr.o)
                0x20000450                __malloc_av_
 .data.__malloc_sbrk_base
                0x20000858        0x4 f:/ilangoldman/applicativos/7.0/toolchain/arm/arm-gnu-toolchain/bin/../lib/gcc/arm-none-eabi/6.2.1/../../../../arm-none-eabi/lib/thumb/v7e-m\libc.a(lib_a-mallocr.o)
                0x20000858                __malloc_sbrk_base
 .data.__malloc_trim_threshold
                0x2000085c        0x4 f:/ilangoldman/applicativos/7.0/toolchain/arm/arm-gnu-toolchain/bin/../lib/gcc/arm-none-eabi/6.2.1/../../../../arm-none-eabi/lib/thumb/v7e-m\libc.a(lib_a-mallocr.o)
                0x2000085c                __malloc_trim_threshold
                0x20000860                . = ALIGN (0x4)
                0x20000860                _erelocate = .

.bss            0x20000860      0x10c load address 0x00403df8
                0x20000860                . = ALIGN (0x4)
                0x20000860                _sbss = .
                0x20000860                _szero = .
 *(.bss .bss.*)
 .bss           0x20000860       0x1c f:/ilangoldman/applicativos/7.0/toolchain/arm/arm-gnu-toolchain/bin/../lib/gcc/arm-none-eabi/6.2.1/thumb/v7e-m/crtbegin.o
 .bss.gs_interrupt_sources
                0x2000087c       0x70 src/ASF/sam/drivers/pio/pio_handler.o
 .bss.gs_ul_nb_sources
                0x200008ec        0x4 src/ASF/sam/drivers/pio/pio_handler.o
 .bss.pio_capture_handler
                0x200008f0        0x4 src/ASF/sam/drivers/pio/pio_handler.o
 .bss.heap.5277
                0x200008f4        0x4 src/ASF/sam/utils/syscalls/gcc/syscalls.o
 .bss.sensor_counter
                0x200008f8        0x4 src/Config.o
 .bss.__malloc_current_mallinfo
                0x200008fc       0x28 f:/ilangoldman/applicativos/7.0/toolchain/arm/arm-gnu-toolchain/bin/../lib/gcc/arm-none-eabi/6.2.1/../../../../arm-none-eabi/lib/thumb/v7e-m\libc.a(lib_a-mallocr.o)
                0x200008fc                __malloc_current_mallinfo
 .bss.__malloc_max_sbrked_mem
                0x20000924        0x4 f:/ilangoldman/applicativos/7.0/toolchain/arm/arm-gnu-toolchain/bin/../lib/gcc/arm-none-eabi/6.2.1/../../../../arm-none-eabi/lib/thumb/v7e-m\libc.a(lib_a-mallocr.o)
                0x20000924                __malloc_max_sbrked_mem
 .bss.__malloc_max_total_mem
                0x20000928        0x4 f:/ilangoldman/applicativos/7.0/toolchain/arm/arm-gnu-toolchain/bin/../lib/gcc/arm-none-eabi/6.2.1/../../../../arm-none-eabi/lib/thumb/v7e-m\libc.a(lib_a-mallocr.o)
                0x20000928                __malloc_max_total_mem
 .bss.__malloc_top_pad
                0x2000092c        0x4 f:/ilangoldman/applicativos/7.0/toolchain/arm/arm-gnu-toolchain/bin/../lib/gcc/arm-none-eabi/6.2.1/../../../../arm-none-eabi/lib/thumb/v7e-m\libc.a(lib_a-mallocr.o)
                0x2000092c                __malloc_top_pad
 *(COMMON)
 COMMON         0x20000930        0x4 src/ASF/common/utils/stdio/read.o
                0x20000930                ptr_get
 COMMON         0x20000934        0x8 src/ASF/common/utils/stdio/write.o
                0x20000934                ptr_put
                0x20000938                stdio_base
 COMMON         0x2000093c        0x4 src/ASF/sam/drivers/pio/pio.o
                0x2000093c                pio_capture_enable_flag
 COMMON         0x20000940       0x28 src/BeamBall.o
                0x20000940                g_pwm_channel
 COMMON         0x20000968        0x4 f:/ilangoldman/applicativos/7.0/toolchain/arm/arm-gnu-toolchain/bin/../lib/gcc/arm-none-eabi/6.2.1/../../../../arm-none-eabi/lib/thumb/v7e-m\libc.a(lib_a-reent.o)
                0x20000968                errno
                0x2000096c                . = ALIGN (0x4)
                0x2000096c                _ebss = .
                0x2000096c                _ezero = .

.stack          0x2000096c     0x3004 load address 0x00403f04
                0x20000970                . = ALIGN (0x8)
 *fill*         0x2000096c        0x4 
                0x20000970                _sstack = .
                0x20003970                . = (. + __stack_size__)
 *fill*         0x20000970     0x3000 
                0x20003970                . = ALIGN (0x8)
                0x20003970                _estack = .
                0x20003970                . = ALIGN (0x4)
                0x20003970                _end = .
OUTPUT(BeamBall.elf elf32-littlearm)

.ARM.attributes
                0x00000000       0x2a
 .ARM.attributes
                0x00000000       0x1e f:/ilangoldman/applicativos/7.0/toolchain/arm/arm-gnu-toolchain/bin/../lib/gcc/arm-none-eabi/6.2.1/thumb/v7e-m/crti.o
 .ARM.attributes
                0x0000001e       0x2e f:/ilangoldman/applicativos/7.0/toolchain/arm/arm-gnu-toolchain/bin/../lib/gcc/arm-none-eabi/6.2.1/thumb/v7e-m/crtbegin.o
 .ARM.attributes
                0x0000004c       0x33 src/ASF/common/services/clock/sam4s/sysclk.o
 .ARM.attributes
                0x0000007f       0x33 src/ASF/common/services/delay/sam/cycle_counter.o
 .ARM.attributes
                0x000000b2       0x33 src/ASF/common/utils/stdio/read.o
 .ARM.attributes
                0x000000e5       0x33 src/ASF/common/utils/stdio/write.o
 .ARM.attributes
                0x00000118       0x33 src/ASF/sam/boards/sam4s_ek2/init.o
 .ARM.attributes
                0x0000014b       0x33 src/ASF/sam/drivers/pio/pio.o
 .ARM.attributes
                0x0000017e       0x33 src/ASF/sam/drivers/pio/pio_handler.o
 .ARM.attributes
                0x000001b1       0x33 src/ASF/sam/drivers/pmc/pmc.o
 .ARM.attributes
                0x000001e4       0x33 src/ASF/sam/drivers/pwm/pwm.o
 .ARM.attributes
                0x00000217       0x33 src/ASF/sam/drivers/tc/tc.o
 .ARM.attributes
                0x0000024a       0x33 src/ASF/sam/drivers/uart/uart.o
 .ARM.attributes
                0x0000027d       0x33 src/ASF/sam/drivers/usart/usart.o
 .ARM.attributes
                0x000002b0       0x33 src/ASF/sam/utils/cmsis/sam4s/source/templates/gcc/startup_sam4s.o
 .ARM.attributes
                0x000002e3       0x33 src/ASF/sam/utils/cmsis/sam4s/source/templates/system_sam4s.o
 .ARM.attributes
                0x00000316       0x33 src/ASF/sam/utils/syscalls/gcc/syscalls.o
 .ARM.attributes
                0x00000349       0x33 src/BeamBall.o
 .ARM.attributes
                0x0000037c       0x33 src/Config.o
 .ARM.attributes
                0x000003af       0x33 src/main.o
 .ARM.attributes
                0x000003e2       0x1e f:/ilangoldman/applicativos/7.0/toolchain/arm/arm-gnu-toolchain/bin/../lib/gcc/arm-none-eabi/6.2.1/thumb/v7e-m\libgcc.a(_arm_addsubdf3.o)
 .ARM.attributes
                0x00000400       0x1e f:/ilangoldman/applicativos/7.0/toolchain/arm/arm-gnu-toolchain/bin/../lib/gcc/arm-none-eabi/6.2.1/thumb/v7e-m\libgcc.a(_arm_fixunsdfsi.o)
 .ARM.attributes
                0x0000041e       0x2e f:/ilangoldman/applicativos/7.0/toolchain/arm/arm-gnu-toolchain/bin/../lib/gcc/arm-none-eabi/6.2.1/../../../../arm-none-eabi/lib/thumb/v7e-m\libc.a(lib_a-impure.o)
 .ARM.attributes
                0x0000044c       0x2e f:/ilangoldman/applicativos/7.0/toolchain/arm/arm-gnu-toolchain/bin/../lib/gcc/arm-none-eabi/6.2.1/../../../../arm-none-eabi/lib/thumb/v7e-m\libc.a(lib_a-init.o)
 .ARM.attributes
                0x0000047a       0x2e f:/ilangoldman/applicativos/7.0/toolchain/arm/arm-gnu-toolchain/bin/../lib/gcc/arm-none-eabi/6.2.1/../../../../arm-none-eabi/lib/thumb/v7e-m\libc.a(lib_a-memset.o)
 .ARM.attributes
                0x000004a8       0x2e f:/ilangoldman/applicativos/7.0/toolchain/arm/arm-gnu-toolchain/bin/../lib/gcc/arm-none-eabi/6.2.1/../../../../arm-none-eabi/lib/thumb/v7e-m\libc.a(lib_a-puts.o)
 .ARM.attributes
                0x000004d6       0x2e f:/ilangoldman/applicativos/7.0/toolchain/arm/arm-gnu-toolchain/bin/../lib/gcc/arm-none-eabi/6.2.1/../../../../arm-none-eabi/lib/thumb/v7e-m\libc.a(lib_a-setbuf.o)
 .ARM.attributes
                0x00000504       0x2e f:/ilangoldman/applicativos/7.0/toolchain/arm/arm-gnu-toolchain/bin/../lib/gcc/arm-none-eabi/6.2.1/../../../../arm-none-eabi/lib/thumb/v7e-m\libc.a(lib_a-setvbuf.o)
 .ARM.attributes
                0x00000532       0x1c f:/ilangoldman/applicativos/7.0/toolchain/arm/arm-gnu-toolchain/bin/../lib/gcc/arm-none-eabi/6.2.1/../../../../arm-none-eabi/lib/thumb/v7e-m\libc.a(lib_a-strlen.o)
 .ARM.attributes
                0x0000054e       0x2e f:/ilangoldman/applicativos/7.0/toolchain/arm/arm-gnu-toolchain/bin/../lib/gcc/arm-none-eabi/6.2.1/../../../../arm-none-eabi/lib/thumb/v7e-m\libc.a(lib_a-__call_atexit.o)
 .ARM.attributes
                0x0000057c       0x2e f:/ilangoldman/applicativos/7.0/toolchain/arm/arm-gnu-toolchain/bin/../lib/gcc/arm-none-eabi/6.2.1/../../../../arm-none-eabi/lib/thumb/v7e-m\libc.a(lib_a-atexit.o)
 .ARM.attributes
                0x000005aa       0x2e f:/ilangoldman/applicativos/7.0/toolchain/arm/arm-gnu-toolchain/bin/../lib/gcc/arm-none-eabi/6.2.1/../../../../arm-none-eabi/lib/thumb/v7e-m\libc.a(lib_a-fflush.o)
 .ARM.attributes
                0x000005d8       0x2e f:/ilangoldman/applicativos/7.0/toolchain/arm/arm-gnu-toolchain/bin/../lib/gcc/arm-none-eabi/6.2.1/../../../../arm-none-eabi/lib/thumb/v7e-m\libc.a(lib_a-findfp.o)
 .ARM.attributes
                0x00000606       0x2e f:/ilangoldman/applicativos/7.0/toolchain/arm/arm-gnu-toolchain/bin/../lib/gcc/arm-none-eabi/6.2.1/../../../../arm-none-eabi/lib/thumb/v7e-m\libc.a(lib_a-fini.o)
 .ARM.attributes
                0x00000634       0x2e f:/ilangoldman/applicativos/7.0/toolchain/arm/arm-gnu-toolchain/bin/../lib/gcc/arm-none-eabi/6.2.1/../../../../arm-none-eabi/lib/thumb/v7e-m\libc.a(lib_a-freer.o)
 .ARM.attributes
                0x00000662       0x2e f:/ilangoldman/applicativos/7.0/toolchain/arm/arm-gnu-toolchain/bin/../lib/gcc/arm-none-eabi/6.2.1/../../../../arm-none-eabi/lib/thumb/v7e-m\libc.a(lib_a-fvwrite.o)
 .ARM.attributes
                0x00000690       0x2e f:/ilangoldman/applicativos/7.0/toolchain/arm/arm-gnu-toolchain/bin/../lib/gcc/arm-none-eabi/6.2.1/../../../../arm-none-eabi/lib/thumb/v7e-m\libc.a(lib_a-fwalk.o)
 .ARM.attributes
                0x000006be       0x2e f:/ilangoldman/applicativos/7.0/toolchain/arm/arm-gnu-toolchain/bin/../lib/gcc/arm-none-eabi/6.2.1/../../../../arm-none-eabi/lib/thumb/v7e-m\libc.a(lib_a-makebuf.o)
 .ARM.attributes
                0x000006ec       0x2e f:/ilangoldman/applicativos/7.0/toolchain/arm/arm-gnu-toolchain/bin/../lib/gcc/arm-none-eabi/6.2.1/../../../../arm-none-eabi/lib/thumb/v7e-m\libc.a(lib_a-malloc.o)
 .ARM.attributes
                0x0000071a       0x2e f:/ilangoldman/applicativos/7.0/toolchain/arm/arm-gnu-toolchain/bin/../lib/gcc/arm-none-eabi/6.2.1/../../../../arm-none-eabi/lib/thumb/v7e-m\libc.a(lib_a-mallocr.o)
 .ARM.attributes
                0x00000748       0x1c f:/ilangoldman/applicativos/7.0/toolchain/arm/arm-gnu-toolchain/bin/../lib/gcc/arm-none-eabi/6.2.1/../../../../arm-none-eabi/lib/thumb/v7e-m\libc.a(lib_a-memchr.o)
 .ARM.attributes
                0x00000764       0x1c f:/ilangoldman/applicativos/7.0/toolchain/arm/arm-gnu-toolchain/bin/../lib/gcc/arm-none-eabi/6.2.1/../../../../arm-none-eabi/lib/thumb/v7e-m\libc.a(lib_a-memcpy.o)
 .ARM.attributes
                0x00000780       0x2e f:/ilangoldman/applicativos/7.0/toolchain/arm/arm-gnu-toolchain/bin/../lib/gcc/arm-none-eabi/6.2.1/../../../../arm-none-eabi/lib/thumb/v7e-m\libc.a(lib_a-memmove.o)
 .ARM.attributes
                0x000007ae       0x2e f:/ilangoldman/applicativos/7.0/toolchain/arm/arm-gnu-toolchain/bin/../lib/gcc/arm-none-eabi/6.2.1/../../../../arm-none-eabi/lib/thumb/v7e-m\libc.a(lib_a-mlock.o)
 .ARM.attributes
                0x000007dc       0x2e f:/ilangoldman/applicativos/7.0/toolchain/arm/arm-gnu-toolchain/bin/../lib/gcc/arm-none-eabi/6.2.1/../../../../arm-none-eabi/lib/thumb/v7e-m\libc.a(lib_a-reallocr.o)
 .ARM.attributes
                0x0000080a       0x2e f:/ilangoldman/applicativos/7.0/toolchain/arm/arm-gnu-toolchain/bin/../lib/gcc/arm-none-eabi/6.2.1/../../../../arm-none-eabi/lib/thumb/v7e-m\libc.a(lib_a-sbrkr.o)
 .ARM.attributes
                0x00000838       0x2e f:/ilangoldman/applicativos/7.0/toolchain/arm/arm-gnu-toolchain/bin/../lib/gcc/arm-none-eabi/6.2.1/../../../../arm-none-eabi/lib/thumb/v7e-m\libc.a(lib_a-stdio.o)
 .ARM.attributes
                0x00000866       0x2e f:/ilangoldman/applicativos/7.0/toolchain/arm/arm-gnu-toolchain/bin/../lib/gcc/arm-none-eabi/6.2.1/../../../../arm-none-eabi/lib/thumb/v7e-m\libc.a(lib_a-writer.o)
 .ARM.attributes
                0x00000894       0x2e f:/ilangoldman/applicativos/7.0/toolchain/arm/arm-gnu-toolchain/bin/../lib/gcc/arm-none-eabi/6.2.1/../../../../arm-none-eabi/lib/thumb/v7e-m\libc.a(lib_a-wsetup.o)
 .ARM.attributes
                0x000008c2       0x2e f:/ilangoldman/applicativos/7.0/toolchain/arm/arm-gnu-toolchain/bin/../lib/gcc/arm-none-eabi/6.2.1/../../../../arm-none-eabi/lib/thumb/v7e-m\libc.a(lib_a-__atexit.o)
 .ARM.attributes
                0x000008f0       0x2e f:/ilangoldman/applicativos/7.0/toolchain/arm/arm-gnu-toolchain/bin/../lib/gcc/arm-none-eabi/6.2.1/../../../../arm-none-eabi/lib/thumb/v7e-m\libc.a(lib_a-closer.o)
 .ARM.attributes
                0x0000091e       0x2e f:/ilangoldman/applicativos/7.0/toolchain/arm/arm-gnu-toolchain/bin/../lib/gcc/arm-none-eabi/6.2.1/../../../../arm-none-eabi/lib/thumb/v7e-m\libc.a(lib_a-fclose.o)
 .ARM.attributes
                0x0000094c       0x2e f:/ilangoldman/applicativos/7.0/toolchain/arm/arm-gnu-toolchain/bin/../lib/gcc/arm-none-eabi/6.2.1/../../../../arm-none-eabi/lib/thumb/v7e-m\libc.a(lib_a-fstatr.o)
 .ARM.attributes
                0x0000097a       0x2e f:/ilangoldman/applicativos/7.0/toolchain/arm/arm-gnu-toolchain/bin/../lib/gcc/arm-none-eabi/6.2.1/../../../../arm-none-eabi/lib/thumb/v7e-m\libc.a(lib_a-isattyr.o)
 .ARM.attributes
                0x000009a8       0x2e f:/ilangoldman/applicativos/7.0/toolchain/arm/arm-gnu-toolchain/bin/../lib/gcc/arm-none-eabi/6.2.1/../../../../arm-none-eabi/lib/thumb/v7e-m\libc.a(lib_a-lseekr.o)
 .ARM.attributes
                0x000009d6       0x2e f:/ilangoldman/applicativos/7.0/toolchain/arm/arm-gnu-toolchain/bin/../lib/gcc/arm-none-eabi/6.2.1/../../../../arm-none-eabi/lib/thumb/v7e-m\libc.a(lib_a-readr.o)
 .ARM.attributes
                0x00000a04       0x2e f:/ilangoldman/applicativos/7.0/toolchain/arm/arm-gnu-toolchain/bin/../lib/gcc/arm-none-eabi/6.2.1/../../../../arm-none-eabi/lib/thumb/v7e-m\libc.a(lib_a-reent.o)
 .ARM.attributes
                0x00000a32       0x1e f:/ilangoldman/applicativos/7.0/toolchain/arm/arm-gnu-toolchain/bin/../lib/gcc/arm-none-eabi/6.2.1/thumb/v7e-m/crtn.o

.comment        0x00000000       0x59
 .comment       0x00000000       0x59 src/ASF/common/services/clock/sam4s/sysclk.o
                                 0x5a (size before relaxing)
 .comment       0x00000059       0x5a src/ASF/common/services/delay/sam/cycle_counter.o
 .comment       0x00000059       0x5a src/ASF/common/utils/stdio/read.o
 .comment       0x00000059       0x5a src/ASF/common/utils/stdio/write.o
 .comment       0x00000059       0x5a src/ASF/sam/boards/sam4s_ek2/init.o
 .comment       0x00000059       0x5a src/ASF/sam/drivers/pio/pio.o
 .comment       0x00000059       0x5a src/ASF/sam/drivers/pio/pio_handler.o
 .comment       0x00000059       0x5a src/ASF/sam/drivers/pmc/pmc.o
 .comment       0x00000059       0x5a src/ASF/sam/drivers/pwm/pwm.o
 .comment       0x00000059       0x5a src/ASF/sam/drivers/tc/tc.o
 .comment       0x00000059       0x5a src/ASF/sam/drivers/uart/uart.o
 .comment       0x00000059       0x5a src/ASF/sam/drivers/usart/usart.o
 .comment       0x00000059       0x5a src/ASF/sam/utils/cmsis/sam4s/source/templates/gcc/startup_sam4s.o
 .comment       0x00000059       0x5a src/ASF/sam/utils/cmsis/sam4s/source/templates/system_sam4s.o
 .comment       0x00000059       0x5a src/ASF/sam/utils/syscalls/gcc/syscalls.o
 .comment       0x00000059       0x5a src/BeamBall.o
 .comment       0x00000059       0x5a src/Config.o
 .comment       0x00000059       0x5a src/main.o

.debug_info     0x00000000    0x16146
 .debug_info    0x00000000     0x10ee src/ASF/common/services/clock/sam4s/sysclk.o
 .debug_info    0x000010ee      0xa39 src/ASF/common/services/delay/sam/cycle_counter.o
 .debug_info    0x00001b27      0xabd src/ASF/common/utils/stdio/read.o
 .debug_info    0x000025e4      0xaba src/ASF/common/utils/stdio/write.o
 .debug_info    0x0000309e     0x1466 src/ASF/sam/boards/sam4s_ek2/init.o
 .debug_info    0x00004504     0x2211 src/ASF/sam/drivers/pio/pio.o
 .debug_info    0x00006715     0x18d6 src/ASF/sam/drivers/pio/pio_handler.o
 .debug_info    0x00007feb     0x1a11 src/ASF/sam/drivers/pmc/pmc.o
 .debug_info    0x000099fc     0x1e69 src/ASF/sam/drivers/pwm/pwm.o
 .debug_info    0x0000b865     0x1233 src/ASF/sam/drivers/tc/tc.o
 .debug_info    0x0000ca98     0x116c src/ASF/sam/drivers/uart/uart.o
 .debug_info    0x0000dc04     0x2054 src/ASF/sam/drivers/usart/usart.o
 .debug_info    0x0000fc58      0x6eb src/ASF/sam/utils/cmsis/sam4s/source/templates/gcc/startup_sam4s.o
 .debug_info    0x00010343      0x458 src/ASF/sam/utils/cmsis/sam4s/source/templates/system_sam4s.o
 .debug_info    0x0001079b      0xda4 src/ASF/sam/utils/syscalls/gcc/syscalls.o
 .debug_info    0x0001153f     0x10bd src/BeamBall.o
 .debug_info    0x000125fc     0x2dcd src/Config.o
 .debug_info    0x000153c9      0xd7d src/main.o

.debug_abbrev   0x00000000     0x302b
 .debug_abbrev  0x00000000      0x311 src/ASF/common/services/clock/sam4s/sysclk.o
 .debug_abbrev  0x00000311      0x1b3 src/ASF/common/services/delay/sam/cycle_counter.o
 .debug_abbrev  0x000004c4      0x1fe src/ASF/common/utils/stdio/read.o
 .debug_abbrev  0x000006c2      0x1e9 src/ASF/common/utils/stdio/write.o
 .debug_abbrev  0x000008ab      0x26f src/ASF/sam/boards/sam4s_ek2/init.o
 .debug_abbrev  0x00000b1a      0x3ff src/ASF/sam/drivers/pio/pio.o
 .debug_abbrev  0x00000f19      0x368 src/ASF/sam/drivers/pio/pio_handler.o
 .debug_abbrev  0x00001281      0x315 src/ASF/sam/drivers/pmc/pmc.o
 .debug_abbrev  0x00001596      0x324 src/ASF/sam/drivers/pwm/pwm.o
 .debug_abbrev  0x000018ba      0x293 src/ASF/sam/drivers/tc/tc.o
 .debug_abbrev  0x00001b4d      0x288 src/ASF/sam/drivers/uart/uart.o
 .debug_abbrev  0x00001dd5      0x406 src/ASF/sam/drivers/usart/usart.o
 .debug_abbrev  0x000021db      0x17c src/ASF/sam/utils/cmsis/sam4s/source/templates/gcc/startup_sam4s.o
 .debug_abbrev  0x00002357      0x102 src/ASF/sam/utils/cmsis/sam4s/source/templates/system_sam4s.o
 .debug_abbrev  0x00002459      0x264 src/ASF/sam/utils/syscalls/gcc/syscalls.o
 .debug_abbrev  0x000026bd      0x2ec src/BeamBall.o
 .debug_abbrev  0x000029a9      0x446 src/Config.o
 .debug_abbrev  0x00002def      0x23c src/main.o

.debug_loc      0x00000000     0x4ef1
 .debug_loc     0x00000000      0x143 src/ASF/common/services/clock/sam4s/sysclk.o
 .debug_loc     0x00000143       0xb3 src/ASF/common/utils/stdio/read.o
 .debug_loc     0x000001f6      0x12b src/ASF/common/utils/stdio/write.o
 .debug_loc     0x00000321       0x5c src/ASF/sam/boards/sam4s_ek2/init.o
 .debug_loc     0x0000037d      0xdef src/ASF/sam/drivers/pio/pio.o
 .debug_loc     0x0000116c      0x549 src/ASF/sam/drivers/pio/pio_handler.o
 .debug_loc     0x000016b5      0xb91 src/ASF/sam/drivers/pmc/pmc.o
 .debug_loc     0x00002246      0xca9 src/ASF/sam/drivers/pwm/pwm.o
 .debug_loc     0x00002eef      0x5a4 src/ASF/sam/drivers/tc/tc.o
 .debug_loc     0x00003493      0x241 src/ASF/sam/drivers/uart/uart.o
 .debug_loc     0x000036d4      0xe59 src/ASF/sam/drivers/usart/usart.o
 .debug_loc     0x0000452d       0xa1 src/ASF/sam/utils/cmsis/sam4s/source/templates/gcc/startup_sam4s.o
 .debug_loc     0x000045ce       0xfd src/ASF/sam/utils/syscalls/gcc/syscalls.o
 .debug_loc     0x000046cb       0xe0 src/BeamBall.o
 .debug_loc     0x000047ab      0x726 src/Config.o
 .debug_loc     0x00004ed1       0x20 src/main.o

.debug_aranges  0x00000000      0xb78
 .debug_aranges
                0x00000000       0x30 src/ASF/common/services/clock/sam4s/sysclk.o
 .debug_aranges
                0x00000030       0x20 src/ASF/common/services/delay/sam/cycle_counter.o
 .debug_aranges
                0x00000050       0x20 src/ASF/common/utils/stdio/read.o
 .debug_aranges
                0x00000070       0x20 src/ASF/common/utils/stdio/write.o
 .debug_aranges
                0x00000090       0x20 src/ASF/sam/boards/sam4s_ek2/init.o
 .debug_aranges
                0x000000b0      0x1a8 src/ASF/sam/drivers/pio/pio.o
 .debug_aranges
                0x00000258       0x58 src/ASF/sam/drivers/pio/pio_handler.o
 .debug_aranges
                0x000002b0      0x208 src/ASF/sam/drivers/pmc/pmc.o
 .debug_aranges
                0x000004b8      0x158 src/ASF/sam/drivers/pwm/pwm.o
 .debug_aranges
                0x00000610       0xd0 src/ASF/sam/drivers/tc/tc.o
 .debug_aranges
                0x000006e0       0xe8 src/ASF/sam/drivers/uart/uart.o
 .debug_aranges
                0x000007c8      0x210 src/ASF/sam/drivers/usart/usart.o
 .debug_aranges
                0x000009d8       0x28 src/ASF/sam/utils/cmsis/sam4s/source/templates/gcc/startup_sam4s.o
 .debug_aranges
                0x00000a00       0x30 src/ASF/sam/utils/cmsis/sam4s/source/templates/system_sam4s.o
 .debug_aranges
                0x00000a30       0x60 src/ASF/sam/utils/syscalls/gcc/syscalls.o
 .debug_aranges
                0x00000a90       0x30 src/BeamBall.o
 .debug_aranges
                0x00000ac0       0x98 src/Config.o
 .debug_aranges
                0x00000b58       0x20 src/main.o

.debug_ranges   0x00000000      0xa88
 .debug_ranges  0x00000000       0x20 src/ASF/common/services/clock/sam4s/sysclk.o
 .debug_ranges  0x00000020       0x10 src/ASF/common/services/delay/sam/cycle_counter.o
 .debug_ranges  0x00000030       0x10 src/ASF/common/utils/stdio/read.o
 .debug_ranges  0x00000040       0x10 src/ASF/common/utils/stdio/write.o
 .debug_ranges  0x00000050       0x10 src/ASF/sam/boards/sam4s_ek2/init.o
 .debug_ranges  0x00000060      0x1b0 src/ASF/sam/drivers/pio/pio.o
 .debug_ranges  0x00000210       0x60 src/ASF/sam/drivers/pio/pio_handler.o
 .debug_ranges  0x00000270      0x1f8 src/ASF/sam/drivers/pmc/pmc.o
 .debug_ranges  0x00000468      0x148 src/ASF/sam/drivers/pwm/pwm.o
 .debug_ranges  0x000005b0       0xc0 src/ASF/sam/drivers/tc/tc.o
 .debug_ranges  0x00000670       0xd8 src/ASF/sam/drivers/uart/uart.o
 .debug_ranges  0x00000748      0x200 src/ASF/sam/drivers/usart/usart.o
 .debug_ranges  0x00000948       0x18 src/ASF/sam/utils/cmsis/sam4s/source/templates/gcc/startup_sam4s.o
 .debug_ranges  0x00000960       0x20 src/ASF/sam/utils/cmsis/sam4s/source/templates/system_sam4s.o
 .debug_ranges  0x00000980       0x50 src/ASF/sam/utils/syscalls/gcc/syscalls.o
 .debug_ranges  0x000009d0       0x20 src/BeamBall.o
 .debug_ranges  0x000009f0       0x88 src/Config.o
 .debug_ranges  0x00000a78       0x10 src/main.o

.debug_macro    0x00000000    0x151c0
 .debug_macro   0x00000000      0x59e src/ASF/common/services/clock/sam4s/sysclk.o
 .debug_macro   0x0000059e      0x8c8 src/ASF/common/services/clock/sam4s/sysclk.o
 .debug_macro   0x00000e66      0x64b src/ASF/common/services/clock/sam4s/sysclk.o
 .debug_macro   0x000014b1       0x28 src/ASF/common/services/clock/sam4s/sysclk.o
 .debug_macro   0x000014d9      0x16d src/ASF/common/services/clock/sam4s/sysclk.o
 .debug_macro   0x00001646       0x76 src/ASF/common/services/clock/sam4s/sysclk.o
 .debug_macro   0x000016bc       0x16 src/ASF/common/services/clock/sam4s/sysclk.o
 .debug_macro   0x000016d2      0x6e4 src/ASF/common/services/clock/sam4s/sysclk.o
 .debug_macro   0x00001db6       0x22 src/ASF/common/services/clock/sam4s/sysclk.o
 .debug_macro   0x00001dd8       0x87 src/ASF/common/services/clock/sam4s/sysclk.o
 .debug_macro   0x00001e5f       0x51 src/ASF/common/services/clock/sam4s/sysclk.o
 .debug_macro   0x00001eb0       0xef src/ASF/common/services/clock/sam4s/sysclk.o
 .debug_macro   0x00001f9f       0x6a src/ASF/common/services/clock/sam4s/sysclk.o
 .debug_macro   0x00002009      0x1df src/ASF/common/services/clock/sam4s/sysclk.o
 .debug_macro   0x000021e8       0x27 src/ASF/common/services/clock/sam4s/sysclk.o
 .debug_macro   0x0000220f       0x3b src/ASF/common/services/clock/sam4s/sysclk.o
 .debug_macro   0x0000224a       0x2d src/ASF/common/services/clock/sam4s/sysclk.o
 .debug_macro   0x00002277       0x26 src/ASF/common/services/clock/sam4s/sysclk.o
 .debug_macro   0x0000229d      0xbbf src/ASF/common/services/clock/sam4s/sysclk.o
 .debug_macro   0x00002e5c      0x159 src/ASF/common/services/clock/sam4s/sysclk.o
 .debug_macro   0x00002fb5      0xaaf src/ASF/common/services/clock/sam4s/sysclk.o
 .debug_macro   0x00003a64      0x1b9 src/ASF/common/services/clock/sam4s/sysclk.o
 .debug_macro   0x00003c1d      0x11e src/ASF/common/services/clock/sam4s/sysclk.o
 .debug_macro   0x00003d3b       0xac src/ASF/common/services/clock/sam4s/sysclk.o
 .debug_macro   0x00003de7      0x401 src/ASF/common/services/clock/sam4s/sysclk.o
 .debug_macro   0x000041e8      0x106 src/ASF/common/services/clock/sam4s/sysclk.o
 .debug_macro   0x000042ee       0x1c src/ASF/common/services/clock/sam4s/sysclk.o
 .debug_macro   0x0000430a      0x738 src/ASF/common/services/clock/sam4s/sysclk.o
 .debug_macro   0x00004a42      0x2d2 src/ASF/common/services/clock/sam4s/sysclk.o
 .debug_macro   0x00004d14       0xbe src/ASF/common/services/clock/sam4s/sysclk.o
 .debug_macro   0x00004dd2     0x280b src/ASF/common/services/clock/sam4s/sysclk.o
 .debug_macro   0x000075dd      0x777 src/ASF/common/services/clock/sam4s/sysclk.o
 .debug_macro   0x00007d54      0xa8e src/ASF/common/services/clock/sam4s/sysclk.o
 .debug_macro   0x000087e2       0x9a src/ASF/common/services/clock/sam4s/sysclk.o
 .debug_macro   0x0000887c      0x3d8 src/ASF/common/services/clock/sam4s/sysclk.o
 .debug_macro   0x00008c54       0x64 src/ASF/common/services/clock/sam4s/sysclk.o
 .debug_macro   0x00008cb8      0x1ae src/ASF/common/services/clock/sam4s/sysclk.o
 .debug_macro   0x00008e66      0x386 src/ASF/common/services/clock/sam4s/sysclk.o
 .debug_macro   0x000091ec      0x624 src/ASF/common/services/clock/sam4s/sysclk.o
 .debug_macro   0x00009810      0x690 src/ASF/common/services/clock/sam4s/sysclk.o
 .debug_macro   0x00009ea0      0x59f src/ASF/common/services/clock/sam4s/sysclk.o
 .debug_macro   0x0000a43f      0x34d src/ASF/common/services/clock/sam4s/sysclk.o
 .debug_macro   0x0000a78c      0x28c src/ASF/common/services/clock/sam4s/sysclk.o
 .debug_macro   0x0000aa18      0x2d6 src/ASF/common/services/clock/sam4s/sysclk.o
 .debug_macro   0x0000acee      0x6d9 src/ASF/common/services/clock/sam4s/sysclk.o
 .debug_macro   0x0000b3c7       0x76 src/ASF/common/services/clock/sam4s/sysclk.o
 .debug_macro   0x0000b43d       0xb8 src/ASF/common/services/clock/sam4s/sysclk.o
 .debug_macro   0x0000b4f5       0xb2 src/ASF/common/services/clock/sam4s/sysclk.o
 .debug_macro   0x0000b5a7       0x88 src/ASF/common/services/clock/sam4s/sysclk.o
 .debug_macro   0x0000b62f      0x105 src/ASF/common/services/clock/sam4s/sysclk.o
 .debug_macro   0x0000b734      0x105 src/ASF/common/services/clock/sam4s/sysclk.o
 .debug_macro   0x0000b839       0x88 src/ASF/common/services/clock/sam4s/sysclk.o
 .debug_macro   0x0000b8c1       0x88 src/ASF/common/services/clock/sam4s/sysclk.o
 .debug_macro   0x0000b949      0x2cd src/ASF/common/services/clock/sam4s/sysclk.o
 .debug_macro   0x0000bc16       0xb2 src/ASF/common/services/clock/sam4s/sysclk.o
 .debug_macro   0x0000bcc8       0xb2 src/ASF/common/services/clock/sam4s/sysclk.o
 .debug_macro   0x0000bd7a       0x52 src/ASF/common/services/clock/sam4s/sysclk.o
 .debug_macro   0x0000bdcc       0xac src/ASF/common/services/clock/sam4s/sysclk.o
 .debug_macro   0x0000be78       0x7c src/ASF/common/services/clock/sam4s/sysclk.o
 .debug_macro   0x0000bef4       0x40 src/ASF/common/services/clock/sam4s/sysclk.o
 .debug_macro   0x0000bf34       0x64 src/ASF/common/services/clock/sam4s/sysclk.o
 .debug_macro   0x0000bf98       0x46 src/ASF/common/services/clock/sam4s/sysclk.o
 .debug_macro   0x0000bfde       0x88 src/ASF/common/services/clock/sam4s/sysclk.o
 .debug_macro   0x0000c066       0x4c src/ASF/common/services/clock/sam4s/sysclk.o
 .debug_macro   0x0000c0b2       0xa6 src/ASF/common/services/clock/sam4s/sysclk.o
 .debug_macro   0x0000c158       0x7c src/ASF/common/services/clock/sam4s/sysclk.o
 .debug_macro   0x0000c1d4       0x16 src/ASF/common/services/clock/sam4s/sysclk.o
 .debug_macro   0x0000c1ea       0x7c src/ASF/common/services/clock/sam4s/sysclk.o
 .debug_macro   0x0000c266       0x22 src/ASF/common/services/clock/sam4s/sysclk.o
 .debug_macro   0x0000c288       0x22 src/ASF/common/services/clock/sam4s/sysclk.o
 .debug_macro   0x0000c2aa      0x195 src/ASF/common/services/clock/sam4s/sysclk.o
 .debug_macro   0x0000c43f      0x165 src/ASF/common/services/clock/sam4s/sysclk.o
 .debug_macro   0x0000c5a4      0x165 src/ASF/common/services/clock/sam4s/sysclk.o
 .debug_macro   0x0000c709       0x1c src/ASF/common/services/clock/sam4s/sysclk.o
 .debug_macro   0x0000c725       0x2e src/ASF/common/services/clock/sam4s/sysclk.o
 .debug_macro   0x0000c753       0x22 src/ASF/common/services/clock/sam4s/sysclk.o
 .debug_macro   0x0000c775       0x1c src/ASF/common/services/clock/sam4s/sysclk.o
 .debug_macro   0x0000c791       0x52 src/ASF/common/services/clock/sam4s/sysclk.o
 .debug_macro   0x0000c7e3       0x10 src/ASF/common/services/clock/sam4s/sysclk.o
 .debug_macro   0x0000c7f3      0x234 src/ASF/common/services/clock/sam4s/sysclk.o
 .debug_macro   0x0000ca27      0x938 src/ASF/common/services/clock/sam4s/sysclk.o
 .debug_macro   0x0000d35f      0x12a src/ASF/common/services/clock/sam4s/sysclk.o
 .debug_macro   0x0000d489       0x52 src/ASF/common/services/clock/sam4s/sysclk.o
 .debug_macro   0x0000d4db       0x35 src/ASF/common/services/clock/sam4s/sysclk.o
 .debug_macro   0x0000d510       0x9c src/ASF/common/services/clock/sam4s/sysclk.o
 .debug_macro   0x0000d5ac       0x16 src/ASF/common/services/clock/sam4s/sysclk.o
 .debug_macro   0x0000d5c2       0x35 src/ASF/common/services/clock/sam4s/sysclk.o
 .debug_macro   0x0000d5f7      0x330 src/ASF/common/services/clock/sam4s/sysclk.o
 .debug_macro   0x0000d927       0x10 src/ASF/common/services/clock/sam4s/sysclk.o
 .debug_macro   0x0000d937       0x52 src/ASF/common/services/clock/sam4s/sysclk.o
 .debug_macro   0x0000d989       0x1f src/ASF/common/services/clock/sam4s/sysclk.o
 .debug_macro   0x0000d9a8       0x43 src/ASF/common/services/clock/sam4s/sysclk.o
 .debug_macro   0x0000d9eb       0x20 src/ASF/common/services/clock/sam4s/sysclk.o
 .debug_macro   0x0000da0b      0x187 src/ASF/common/services/clock/sam4s/sysclk.o
 .debug_macro   0x0000db92       0x10 src/ASF/common/services/clock/sam4s/sysclk.o
 .debug_macro   0x0000dba2       0x1c src/ASF/common/services/clock/sam4s/sysclk.o
 .debug_macro   0x0000dbbe       0x52 src/ASF/common/services/clock/sam4s/sysclk.o
 .debug_macro   0x0000dc10       0x40 src/ASF/common/services/clock/sam4s/sysclk.o
 .debug_macro   0x0000dc50       0x10 src/ASF/common/services/clock/sam4s/sysclk.o
 .debug_macro   0x0000dc60       0x40 src/ASF/common/services/clock/sam4s/sysclk.o
 .debug_macro   0x0000dca0       0xd7 src/ASF/common/services/clock/sam4s/sysclk.o
 .debug_macro   0x0000dd77       0x16 src/ASF/common/services/clock/sam4s/sysclk.o
 .debug_macro   0x0000dd8d      0x18b src/ASF/common/services/clock/sam4s/sysclk.o
 .debug_macro   0x0000df18       0x22 src/ASF/common/services/clock/sam4s/sysclk.o
 .debug_macro   0x0000df3a       0x16 src/ASF/common/services/clock/sam4s/sysclk.o
 .debug_macro   0x0000df50       0x16 src/ASF/common/services/clock/sam4s/sysclk.o
 .debug_macro   0x0000df66       0x29 src/ASF/common/services/clock/sam4s/sysclk.o
 .debug_macro   0x0000df8f       0x75 src/ASF/common/services/clock/sam4s/sysclk.o
 .debug_macro   0x0000e004       0x3f src/ASF/common/services/clock/sam4s/sysclk.o
 .debug_macro   0x0000e043      0x3ca src/ASF/common/services/clock/sam4s/sysclk.o
 .debug_macro   0x0000e40d      0x2c0 src/ASF/common/services/clock/sam4s/sysclk.o
 .debug_macro   0x0000e6cd      0xa49 src/ASF/common/services/clock/sam4s/sysclk.o
 .debug_macro   0x0000f116       0x58 src/ASF/common/services/clock/sam4s/sysclk.o
 .debug_macro   0x0000f16e       0x64 src/ASF/common/services/clock/sam4s/sysclk.o
 .debug_macro   0x0000f1d2       0x46 src/ASF/common/services/clock/sam4s/sysclk.o
 .debug_macro   0x0000f218       0x90 src/ASF/common/services/clock/sam4s/sysclk.o
 .debug_macro   0x0000f2a8      0x533 src/ASF/common/services/delay/sam/cycle_counter.o
 .debug_macro   0x0000f7db       0x22 src/ASF/common/services/delay/sam/cycle_counter.o
 .debug_macro   0x0000f7fd      0x524 src/ASF/common/utils/stdio/read.o
 .debug_macro   0x0000fd21      0x524 src/ASF/common/utils/stdio/write.o
 .debug_macro   0x00010245      0x5de src/ASF/sam/boards/sam4s_ek2/init.o
 .debug_macro   0x00010823       0x46 src/ASF/sam/boards/sam4s_ek2/init.o
 .debug_macro   0x00010869       0x94 src/ASF/sam/boards/sam4s_ek2/init.o
 .debug_macro   0x000108fd       0x40 src/ASF/sam/boards/sam4s_ek2/init.o
 .debug_macro   0x0001093d       0x82 src/ASF/sam/boards/sam4s_ek2/init.o
 .debug_macro   0x000109bf      0x539 src/ASF/sam/drivers/pio/pio.o
 .debug_macro   0x00010ef8       0x8e src/ASF/sam/drivers/pio/pio.o
 .debug_macro   0x00010f86      0x543 src/ASF/sam/drivers/pio/pio_handler.o
 .debug_macro   0x000114c9      0x539 src/ASF/sam/drivers/pmc/pmc.o
 .debug_macro   0x00011a02       0x52 src/ASF/sam/drivers/pmc/pmc.o
 .debug_macro   0x00011a54      0x540 src/ASF/sam/drivers/pwm/pwm.o
 .debug_macro   0x00011f94      0x53a src/ASF/sam/drivers/tc/tc.o
 .debug_macro   0x000124ce       0x4c src/ASF/sam/drivers/tc/tc.o
 .debug_macro   0x0001251a       0x8d src/ASF/sam/drivers/tc/tc.o
 .debug_macro   0x000125a7       0x16 src/ASF/sam/drivers/tc/tc.o
 .debug_macro   0x000125bd       0x57 src/ASF/sam/drivers/tc/tc.o
 .debug_macro   0x00012614       0x1c src/ASF/sam/drivers/tc/tc.o
 .debug_macro   0x00012630      0x533 src/ASF/sam/drivers/uart/uart.o
 .debug_macro   0x00012b63       0x16 src/ASF/sam/drivers/uart/uart.o
 .debug_macro   0x00012b79      0x569 src/ASF/sam/drivers/usart/usart.o
 .debug_macro   0x000130e2       0x28 src/ASF/sam/drivers/usart/usart.o
 .debug_macro   0x0001310a      0x325 src/ASF/sam/utils/cmsis/sam4s/source/templates/gcc/startup_sam4s.o
 .debug_macro   0x0001342f      0x32d src/ASF/sam/utils/cmsis/sam4s/source/templates/system_sam4s.o
 .debug_macro   0x0001375c      0x1d6 src/ASF/sam/utils/syscalls/gcc/syscalls.o
 .debug_macro   0x00013932       0x97 src/ASF/sam/utils/syscalls/gcc/syscalls.o
 .debug_macro   0x000139c9       0xf6 src/ASF/sam/utils/syscalls/gcc/syscalls.o
 .debug_macro   0x00013abf       0x4c src/ASF/sam/utils/syscalls/gcc/syscalls.o
 .debug_macro   0x00013b0b       0x16 src/ASF/sam/utils/syscalls/gcc/syscalls.o
 .debug_macro   0x00013b21       0x10 src/ASF/sam/utils/syscalls/gcc/syscalls.o
 .debug_macro   0x00013b31       0x10 src/ASF/sam/utils/syscalls/gcc/syscalls.o
 .debug_macro   0x00013b41       0x35 src/ASF/sam/utils/syscalls/gcc/syscalls.o
 .debug_macro   0x00013b76      0x122 src/ASF/sam/utils/syscalls/gcc/syscalls.o
 .debug_macro   0x00013c98      0x67d src/BeamBall.o
 .debug_macro   0x00014315       0x28 src/BeamBall.o
 .debug_macro   0x0001433d       0x23 src/BeamBall.o
 .debug_macro   0x00014360       0x88 src/BeamBall.o
 .debug_macro   0x000143e8       0x10 src/BeamBall.o
 .debug_macro   0x000143f8       0x10 src/BeamBall.o
 .debug_macro   0x00014408       0xbe src/BeamBall.o
 .debug_macro   0x000144c6      0x67d src/Config.o
 .debug_macro   0x00014b43      0x67d src/main.o

.debug_line     0x00000000     0xdbe7
 .debug_line    0x00000000      0xbc6 src/ASF/common/services/clock/sam4s/sysclk.o
 .debug_line    0x00000bc6      0xa96 src/ASF/common/services/delay/sam/cycle_counter.o
 .debug_line    0x0000165c      0xa90 src/ASF/common/utils/stdio/read.o
 .debug_line    0x000020ec      0xa88 src/ASF/common/utils/stdio/write.o
 .debug_line    0x00002b74      0xc9f src/ASF/sam/boards/sam4s_ek2/init.o
 .debug_line    0x00003813      0xf3f src/ASF/sam/drivers/pio/pio.o
 .debug_line    0x00004752      0xb5a src/ASF/sam/drivers/pio/pio_handler.o
 .debug_line    0x000052ac     0x1022 src/ASF/sam/drivers/pmc/pmc.o
 .debug_line    0x000062ce      0xdfc src/ASF/sam/drivers/pwm/pwm.o
 .debug_line    0x000070ca      0xc2e src/ASF/sam/drivers/tc/tc.o
 .debug_line    0x00007cf8      0xc43 src/ASF/sam/drivers/uart/uart.o
 .debug_line    0x0000893b     0x100c src/ASF/sam/drivers/usart/usart.o
 .debug_line    0x00009947      0x86b src/ASF/sam/utils/cmsis/sam4s/source/templates/gcc/startup_sam4s.o
 .debug_line    0x0000a1b2      0x89d src/ASF/sam/utils/cmsis/sam4s/source/templates/system_sam4s.o
 .debug_line    0x0000aa4f      0x3eb src/ASF/sam/utils/syscalls/gcc/syscalls.o
 .debug_line    0x0000ae3a      0xe9b src/BeamBall.o
 .debug_line    0x0000bcd5     0x109d src/Config.o
 .debug_line    0x0000cd72      0xe75 src/main.o

.debug_str      0x00000000    0x53eb5
 .debug_str     0x00000000    0x4f0f5 src/ASF/common/services/clock/sam4s/sysclk.o
                              0x4f4f4 (size before relaxing)
 .debug_str     0x0004f0f5      0x1a9 src/ASF/common/services/delay/sam/cycle_counter.o
                              0x4a87b (size before relaxing)
 .debug_str     0x0004f29e       0x3f src/ASF/common/utils/stdio/read.o
                              0x4a700 (size before relaxing)
 .debug_str     0x0004f2dd       0x2e src/ASF/common/utils/stdio/write.o
                              0x4a701 (size before relaxing)
 .debug_str     0x0004f30b      0xcae src/ASF/sam/boards/sam4s_ek2/init.o
                              0x4fe51 (size before relaxing)
 .debug_str     0x0004ffb9      0x598 src/ASF/sam/drivers/pio/pio.o
                              0x4b31b (size before relaxing)
 .debug_str     0x00050551      0x402 src/ASF/sam/drivers/pio/pio_handler.o
                              0x4b247 (size before relaxing)
 .debug_str     0x00050953      0x63c src/ASF/sam/drivers/pmc/pmc.o
                              0x4b179 (size before relaxing)
 .debug_str     0x00050f8f      0xb6f src/ASF/sam/drivers/pwm/pwm.o
                              0x4b2f6 (size before relaxing)
 .debug_str     0x00051afe      0x33b src/ASF/sam/drivers/tc/tc.o
                              0x4aa66 (size before relaxing)
 .debug_str     0x00051e39      0x338 src/ASF/sam/drivers/uart/uart.o
                              0x4aaba (size before relaxing)
 .debug_str     0x00052171      0x958 src/ASF/sam/drivers/usart/usart.o
                              0x4b100 (size before relaxing)
 .debug_str     0x00052ac9      0x435 src/ASF/sam/utils/cmsis/sam4s/source/templates/gcc/startup_sam4s.o
                              0x3b407 (size before relaxing)
 .debug_str     0x00052efe       0xb9 src/ASF/sam/utils/cmsis/sam4s/source/templates/system_sam4s.o
                              0x3b199 (size before relaxing)
 .debug_str     0x00052fb7      0x770 src/ASF/sam/utils/syscalls/gcc/syscalls.o
                               0x72ac (size before relaxing)
 .debug_str     0x00053727      0x57a src/BeamBall.o
                              0x505d7 (size before relaxing)
 .debug_str     0x00053ca1      0x206 src/Config.o
                              0x51293 (size before relaxing)
 .debug_str     0x00053ea7        0xe src/main.o
                              0x5040c (size before relaxing)

.debug_frame    0x00000000     0x21b4
 .debug_frame   0x00000000       0x58 src/ASF/common/services/clock/sam4s/sysclk.o
 .debug_frame   0x00000058       0x20 src/ASF/common/services/delay/sam/cycle_counter.o
 .debug_frame   0x00000078       0x30 src/ASF/common/utils/stdio/read.o
 .debug_frame   0x000000a8       0x48 src/ASF/common/utils/stdio/write.o
 .debug_frame   0x000000f0       0x2c src/ASF/sam/boards/sam4s_ek2/init.o
 .debug_frame   0x0000011c      0x384 src/ASF/sam/drivers/pio/pio.o
 .debug_frame   0x000004a0       0xf4 src/ASF/sam/drivers/pio/pio_handler.o
 .debug_frame   0x00000594      0x408 src/ASF/sam/drivers/pmc/pmc.o
 .debug_frame   0x0000099c      0x30c src/ASF/sam/drivers/pwm/pwm.o
 .debug_frame   0x00000ca8      0x1a8 src/ASF/sam/drivers/tc/tc.o
 .debug_frame   0x00000e50      0x1bc src/ASF/sam/drivers/uart/uart.o
 .debug_frame   0x0000100c      0x48c src/ASF/sam/drivers/usart/usart.o
 .debug_frame   0x00001498       0x38 src/ASF/sam/utils/cmsis/sam4s/source/templates/gcc/startup_sam4s.o
 .debug_frame   0x000014d0       0x40 src/ASF/sam/utils/cmsis/sam4s/source/templates/system_sam4s.o
 .debug_frame   0x00001510       0xa0 src/ASF/sam/utils/syscalls/gcc/syscalls.o
 .debug_frame   0x000015b0       0x5c src/BeamBall.o
 .debug_frame   0x0000160c      0x1cc src/Config.o
 .debug_frame   0x000017d8       0x28 src/main.o
 .debug_frame   0x00001800       0xac f:/ilangoldman/applicativos/7.0/toolchain/arm/arm-gnu-toolchain/bin/../lib/gcc/arm-none-eabi/6.2.1/thumb/v7e-m\libgcc.a(_arm_addsubdf3.o)
 .debug_frame   0x000018ac       0x24 f:/ilangoldman/applicativos/7.0/toolchain/arm/arm-gnu-toolchain/bin/../lib/gcc/arm-none-eabi/6.2.1/thumb/v7e-m\libgcc.a(_arm_fixunsdfsi.o)
 .debug_frame   0x000018d0       0x2c f:/ilangoldman/applicativos/7.0/toolchain/arm/arm-gnu-toolchain/bin/../lib/gcc/arm-none-eabi/6.2.1/../../../../arm-none-eabi/lib/thumb/v7e-m\libc.a(lib_a-init.o)
 .debug_frame   0x000018fc       0x34 f:/ilangoldman/applicativos/7.0/toolchain/arm/arm-gnu-toolchain/bin/../lib/gcc/arm-none-eabi/6.2.1/../../../../arm-none-eabi/lib/thumb/v7e-m\libc.a(lib_a-memset.o)
 .debug_frame   0x00001930       0x48 f:/ilangoldman/applicativos/7.0/toolchain/arm/arm-gnu-toolchain/bin/../lib/gcc/arm-none-eabi/6.2.1/../../../../arm-none-eabi/lib/thumb/v7e-m\libc.a(lib_a-puts.o)
 .debug_frame   0x00001978       0x20 f:/ilangoldman/applicativos/7.0/toolchain/arm/arm-gnu-toolchain/bin/../lib/gcc/arm-none-eabi/6.2.1/../../../../arm-none-eabi/lib/thumb/v7e-m\libc.a(lib_a-setbuf.o)
 .debug_frame   0x00001998       0x50 f:/ilangoldman/applicativos/7.0/toolchain/arm/arm-gnu-toolchain/bin/../lib/gcc/arm-none-eabi/6.2.1/../../../../arm-none-eabi/lib/thumb/v7e-m\libc.a(lib_a-setvbuf.o)
 .debug_frame   0x000019e8       0x50 f:/ilangoldman/applicativos/7.0/toolchain/arm/arm-gnu-toolchain/bin/../lib/gcc/arm-none-eabi/6.2.1/../../../../arm-none-eabi/lib/thumb/v7e-m\libc.a(lib_a-__call_atexit.o)
 .debug_frame   0x00001a38       0x20 f:/ilangoldman/applicativos/7.0/toolchain/arm/arm-gnu-toolchain/bin/../lib/gcc/arm-none-eabi/6.2.1/../../../../arm-none-eabi/lib/thumb/v7e-m\libc.a(lib_a-atexit.o)
 .debug_frame   0x00001a58       0x6c f:/ilangoldman/applicativos/7.0/toolchain/arm/arm-gnu-toolchain/bin/../lib/gcc/arm-none-eabi/6.2.1/../../../../arm-none-eabi/lib/thumb/v7e-m\libc.a(lib_a-fflush.o)
 .debug_frame   0x00001ac4      0x124 f:/ilangoldman/applicativos/7.0/toolchain/arm/arm-gnu-toolchain/bin/../lib/gcc/arm-none-eabi/6.2.1/../../../../arm-none-eabi/lib/thumb/v7e-m\libc.a(lib_a-findfp.o)
 .debug_frame   0x00001be8       0x34 f:/ilangoldman/applicativos/7.0/toolchain/arm/arm-gnu-toolchain/bin/../lib/gcc/arm-none-eabi/6.2.1/../../../../arm-none-eabi/lib/thumb/v7e-m\libc.a(lib_a-fini.o)
 .debug_frame   0x00001c1c       0x74 f:/ilangoldman/applicativos/7.0/toolchain/arm/arm-gnu-toolchain/bin/../lib/gcc/arm-none-eabi/6.2.1/../../../../arm-none-eabi/lib/thumb/v7e-m\libc.a(lib_a-freer.o)
 .debug_frame   0x00001c90       0x68 f:/ilangoldman/applicativos/7.0/toolchain/arm/arm-gnu-toolchain/bin/../lib/gcc/arm-none-eabi/6.2.1/../../../../arm-none-eabi/lib/thumb/v7e-m\libc.a(lib_a-fvwrite.o)
 .debug_frame   0x00001cf8       0x54 f:/ilangoldman/applicativos/7.0/toolchain/arm/arm-gnu-toolchain/bin/../lib/gcc/arm-none-eabi/6.2.1/../../../../arm-none-eabi/lib/thumb/v7e-m\libc.a(lib_a-fwalk.o)
 .debug_frame   0x00001d4c       0x68 f:/ilangoldman/applicativos/7.0/toolchain/arm/arm-gnu-toolchain/bin/../lib/gcc/arm-none-eabi/6.2.1/../../../../arm-none-eabi/lib/thumb/v7e-m\libc.a(lib_a-makebuf.o)
 .debug_frame   0x00001db4       0x30 f:/ilangoldman/applicativos/7.0/toolchain/arm/arm-gnu-toolchain/bin/../lib/gcc/arm-none-eabi/6.2.1/../../../../arm-none-eabi/lib/thumb/v7e-m\libc.a(lib_a-malloc.o)
 .debug_frame   0x00001de4       0x58 f:/ilangoldman/applicativos/7.0/toolchain/arm/arm-gnu-toolchain/bin/../lib/gcc/arm-none-eabi/6.2.1/../../../../arm-none-eabi/lib/thumb/v7e-m\libc.a(lib_a-mallocr.o)
 .debug_frame   0x00001e3c       0x30 f:/ilangoldman/applicativos/7.0/toolchain/arm/arm-gnu-toolchain/bin/../lib/gcc/arm-none-eabi/6.2.1/../../../../arm-none-eabi/lib/thumb/v7e-m\libc.a(lib_a-memmove.o)
 .debug_frame   0x00001e6c       0x30 f:/ilangoldman/applicativos/7.0/toolchain/arm/arm-gnu-toolchain/bin/../lib/gcc/arm-none-eabi/6.2.1/../../../../arm-none-eabi/lib/thumb/v7e-m\libc.a(lib_a-mlock.o)
 .debug_frame   0x00001e9c       0x68 f:/ilangoldman/applicativos/7.0/toolchain/arm/arm-gnu-toolchain/bin/../lib/gcc/arm-none-eabi/6.2.1/../../../../arm-none-eabi/lib/thumb/v7e-m\libc.a(lib_a-reallocr.o)
 .debug_frame   0x00001f04       0x2c f:/ilangoldman/applicativos/7.0/toolchain/arm/arm-gnu-toolchain/bin/../lib/gcc/arm-none-eabi/6.2.1/../../../../arm-none-eabi/lib/thumb/v7e-m\libc.a(lib_a-sbrkr.o)
 .debug_frame   0x00001f30       0x88 f:/ilangoldman/applicativos/7.0/toolchain/arm/arm-gnu-toolchain/bin/../lib/gcc/arm-none-eabi/6.2.1/../../../../arm-none-eabi/lib/thumb/v7e-m\libc.a(lib_a-stdio.o)
 .debug_frame   0x00001fb8       0x2c f:/ilangoldman/applicativos/7.0/toolchain/arm/arm-gnu-toolchain/bin/../lib/gcc/arm-none-eabi/6.2.1/../../../../arm-none-eabi/lib/thumb/v7e-m\libc.a(lib_a-writer.o)
 .debug_frame   0x00001fe4       0x2c f:/ilangoldman/applicativos/7.0/toolchain/arm/arm-gnu-toolchain/bin/../lib/gcc/arm-none-eabi/6.2.1/../../../../arm-none-eabi/lib/thumb/v7e-m\libc.a(lib_a-wsetup.o)
 .debug_frame   0x00002010       0x34 f:/ilangoldman/applicativos/7.0/toolchain/arm/arm-gnu-toolchain/bin/../lib/gcc/arm-none-eabi/6.2.1/../../../../arm-none-eabi/lib/thumb/v7e-m\libc.a(lib_a-__atexit.o)
 .debug_frame   0x00002044       0x2c f:/ilangoldman/applicativos/7.0/toolchain/arm/arm-gnu-toolchain/bin/../lib/gcc/arm-none-eabi/6.2.1/../../../../arm-none-eabi/lib/thumb/v7e-m\libc.a(lib_a-closer.o)
 .debug_frame   0x00002070       0x3c f:/ilangoldman/applicativos/7.0/toolchain/arm/arm-gnu-toolchain/bin/../lib/gcc/arm-none-eabi/6.2.1/../../../../arm-none-eabi/lib/thumb/v7e-m\libc.a(lib_a-fclose.o)
 .debug_frame   0x000020ac       0x2c f:/ilangoldman/applicativos/7.0/toolchain/arm/arm-gnu-toolchain/bin/../lib/gcc/arm-none-eabi/6.2.1/../../../../arm-none-eabi/lib/thumb/v7e-m\libc.a(lib_a-fstatr.o)
 .debug_frame   0x000020d8       0x2c f:/ilangoldman/applicativos/7.0/toolchain/arm/arm-gnu-toolchain/bin/../lib/gcc/arm-none-eabi/6.2.1/../../../../arm-none-eabi/lib/thumb/v7e-m\libc.a(lib_a-isattyr.o)
 .debug_frame   0x00002104       0x2c f:/ilangoldman/applicativos/7.0/toolchain/arm/arm-gnu-toolchain/bin/../lib/gcc/arm-none-eabi/6.2.1/../../../../arm-none-eabi/lib/thumb/v7e-m\libc.a(lib_a-lseekr.o)
 .debug_frame   0x00002130       0x2c f:/ilangoldman/applicativos/7.0/toolchain/arm/arm-gnu-toolchain/bin/../lib/gcc/arm-none-eabi/6.2.1/../../../../arm-none-eabi/lib/thumb/v7e-m\libc.a(lib_a-readr.o)
 .debug_frame   0x0000215c       0x58 f:/ilangoldman/applicativos/7.0/toolchain/arm/arm-gnu-toolchain/bin/../lib/gcc/arm-none-eabi/6.2.1/../../../../arm-none-eabi/lib/thumb/v7e-m\libc.a(lib_a-reent.o)

Cross Reference Table

Symbol                                            File
ACC_Handler                                       src/ASF/sam/utils/cmsis/sam4s/source/templates/gcc/startup_sam4s.o
ADC_Handler                                       src/ASF/sam/utils/cmsis/sam4s/source/templates/gcc/startup_sam4s.o
BusFault_Handler                                  src/ASF/sam/utils/cmsis/sam4s/source/templates/gcc/startup_sam4s.o
CRCCU_Handler                                     src/ASF/sam/utils/cmsis/sam4s/source/templates/gcc/startup_sam4s.o
DACC_Handler                                      src/ASF/sam/utils/cmsis/sam4s/source/templates/gcc/startup_sam4s.o
DebugMon_Handler                                  src/ASF/sam/utils/cmsis/sam4s/source/templates/gcc/startup_sam4s.o
Dummy_Handler                                     src/ASF/sam/utils/cmsis/sam4s/source/templates/gcc/startup_sam4s.o
EFC0_Handler                                      src/ASF/sam/utils/cmsis/sam4s/source/templates/gcc/startup_sam4s.o
EFC1_Handler                                      src/ASF/sam/utils/cmsis/sam4s/source/templates/gcc/startup_sam4s.o
HSMCI_Handler                                     src/ASF/sam/utils/cmsis/sam4s/source/templates/gcc/startup_sam4s.o
HardFault_Handler                                 src/ASF/sam/utils/cmsis/sam4s/source/templates/gcc/startup_sam4s.o
LED_Off                                           src/ASF/sam/boards/sam4s_ek2/led.o
LED_On                                            src/ASF/sam/boards/sam4s_ek2/led.o
MemManage_Handler                                 src/ASF/sam/utils/cmsis/sam4s/source/templates/gcc/startup_sam4s.o
NMI_Handler                                       src/ASF/sam/utils/cmsis/sam4s/source/templates/gcc/startup_sam4s.o
PIOA_Handler                                      src/ASF/sam/drivers/pio/pio_handler.o
PIOB_Handler                                      src/ASF/sam/drivers/pio/pio_handler.o
PIOC_Handler                                      src/ASF/sam/drivers/pio/pio_handler.o
PMC_Handler                                       src/ASF/sam/utils/cmsis/sam4s/source/templates/gcc/startup_sam4s.o
PWM_Handler                                       src/ASF/sam/utils/cmsis/sam4s/source/templates/gcc/startup_sam4s.o
PendSV_Handler                                    src/ASF/sam/utils/cmsis/sam4s/source/templates/gcc/startup_sam4s.o
RSTC_Handler                                      src/ASF/sam/utils/cmsis/sam4s/source/templates/gcc/startup_sam4s.o
RTC_Handler                                       src/ASF/sam/utils/cmsis/sam4s/source/templates/gcc/startup_sam4s.o
RTT_Handler                                       src/ASF/sam/utils/cmsis/sam4s/source/templates/gcc/startup_sam4s.o
Reset_Handler                                     src/ASF/sam/utils/cmsis/sam4s/source/templates/gcc/startup_sam4s.o
SPI_Handler                                       src/ASF/sam/utils/cmsis/sam4s/source/templates/gcc/startup_sam4s.o
SSC_Handler                                       src/ASF/sam/utils/cmsis/sam4s/source/templates/gcc/startup_sam4s.o
SUPC_Handler                                      src/ASF/sam/utils/cmsis/sam4s/source/templates/gcc/startup_sam4s.o
SVC_Handler                                       src/ASF/sam/utils/cmsis/sam4s/source/templates/gcc/startup_sam4s.o
SysTick_Handler                                   src/ASF/sam/utils/cmsis/sam4s/source/templates/gcc/startup_sam4s.o
SystemCoreClock                                   src/ASF/sam/utils/cmsis/sam4s/source/templates/system_sam4s.o
SystemCoreClockUpdate                             src/ASF/sam/utils/cmsis/sam4s/source/templates/system_sam4s.o
                                                  src/ASF/common/services/clock/sam4s/sysclk.o
SystemInit                                        src/ASF/sam/utils/cmsis/sam4s/source/templates/system_sam4s.o
TC0_Handler                                       src/Config.o
                                                  src/ASF/sam/utils/cmsis/sam4s/source/templates/gcc/startup_sam4s.o
TC1_Handler                                       src/Config.o
                                                  src/ASF/sam/utils/cmsis/sam4s/source/templates/gcc/startup_sam4s.o
TC2_Handler                                       src/ASF/sam/utils/cmsis/sam4s/source/templates/gcc/startup_sam4s.o
TC3_Handler                                       src/ASF/sam/utils/cmsis/sam4s/source/templates/gcc/startup_sam4s.o
TC4_Handler                                       src/ASF/sam/utils/cmsis/sam4s/source/templates/gcc/startup_sam4s.o
TC5_Handler                                       src/ASF/sam/utils/cmsis/sam4s/source/templates/gcc/startup_sam4s.o
TWI0_Handler                                      src/ASF/sam/utils/cmsis/sam4s/source/templates/gcc/startup_sam4s.o
TWI1_Handler                                      src/ASF/sam/utils/cmsis/sam4s/source/templates/gcc/startup_sam4s.o
UART0_Handler                                     src/ASF/sam/utils/cmsis/sam4s/source/templates/gcc/startup_sam4s.o
UART1_Handler                                     src/ASF/sam/utils/cmsis/sam4s/source/templates/gcc/startup_sam4s.o
UDP_Handler                                       src/ASF/sam/utils/cmsis/sam4s/source/templates/gcc/startup_sam4s.o
USART0_Handler                                    src/ASF/sam/utils/cmsis/sam4s/source/templates/gcc/startup_sam4s.o
USART1_Handler                                    src/ASF/sam/utils/cmsis/sam4s/source/templates/gcc/startup_sam4s.o
UsageFault_Handler                                src/ASF/sam/utils/cmsis/sam4s/source/templates/gcc/startup_sam4s.o
WDT_Handler                                       src/ASF/sam/utils/cmsis/sam4s/source/templates/gcc/startup_sam4s.o
_Jv_RegisterClasses                               f:/ilangoldman/applicativos/7.0/toolchain/arm/arm-gnu-toolchain/bin/../lib/gcc/arm-none-eabi/6.2.1/thumb/v7e-m/crtbegin.o
__adddf3                                          f:/ilangoldman/applicativos/7.0/toolchain/arm/arm-gnu-toolchain/bin/../lib/gcc/arm-none-eabi/6.2.1/thumb/v7e-m\libgcc.a(_arm_addsubdf3.o)
__aeabi_d2uiz                                     f:/ilangoldman/applicativos/7.0/toolchain/arm/arm-gnu-toolchain/bin/../lib/gcc/arm-none-eabi/6.2.1/thumb/v7e-m\libgcc.a(_arm_fixunsdfsi.o)
                                                  src/Config.o
__aeabi_dadd                                      f:/ilangoldman/applicativos/7.0/toolchain/arm/arm-gnu-toolchain/bin/../lib/gcc/arm-none-eabi/6.2.1/thumb/v7e-m\libgcc.a(_arm_addsubdf3.o)
__aeabi_drsub                                     f:/ilangoldman/applicativos/7.0/toolchain/arm/arm-gnu-toolchain/bin/../lib/gcc/arm-none-eabi/6.2.1/thumb/v7e-m\libgcc.a(_arm_addsubdf3.o)
__aeabi_dsub                                      f:/ilangoldman/applicativos/7.0/toolchain/arm/arm-gnu-toolchain/bin/../lib/gcc/arm-none-eabi/6.2.1/thumb/v7e-m\libgcc.a(_arm_addsubdf3.o)
__aeabi_f2d                                       f:/ilangoldman/applicativos/7.0/toolchain/arm/arm-gnu-toolchain/bin/../lib/gcc/arm-none-eabi/6.2.1/thumb/v7e-m\libgcc.a(_arm_addsubdf3.o)
__aeabi_i2d                                       f:/ilangoldman/applicativos/7.0/toolchain/arm/arm-gnu-toolchain/bin/../lib/gcc/arm-none-eabi/6.2.1/thumb/v7e-m\libgcc.a(_arm_addsubdf3.o)
                                                  src/Config.o
__aeabi_l2d                                       f:/ilangoldman/applicativos/7.0/toolchain/arm/arm-gnu-toolchain/bin/../lib/gcc/arm-none-eabi/6.2.1/thumb/v7e-m\libgcc.a(_arm_addsubdf3.o)
__aeabi_ui2d                                      f:/ilangoldman/applicativos/7.0/toolchain/arm/arm-gnu-toolchain/bin/../lib/gcc/arm-none-eabi/6.2.1/thumb/v7e-m\libgcc.a(_arm_addsubdf3.o)
                                                  src/Config.o
__aeabi_ul2d                                      f:/ilangoldman/applicativos/7.0/toolchain/arm/arm-gnu-toolchain/bin/../lib/gcc/arm-none-eabi/6.2.1/thumb/v7e-m\libgcc.a(_arm_addsubdf3.o)
__bss_end__                                       f:/ilangoldman/applicativos/7.0/toolchain/arm/arm-gnu-toolchain/bin/../lib/gcc/arm-none-eabi/6.2.1/../../../../arm-none-eabi/lib/thumb/v7e-m/crt0.o
__bss_start__                                     f:/ilangoldman/applicativos/7.0/toolchain/arm/arm-gnu-toolchain/bin/../lib/gcc/arm-none-eabi/6.2.1/../../../../arm-none-eabi/lib/thumb/v7e-m/crt0.o
__call_exitprocs                                  f:/ilangoldman/applicativos/7.0/toolchain/arm/arm-gnu-toolchain/bin/../lib/gcc/arm-none-eabi/6.2.1/../../../../arm-none-eabi/lib/thumb/v7e-m\libc.a(lib_a-__call_atexit.o)
                                                  f:/ilangoldman/applicativos/7.0/toolchain/arm/arm-gnu-toolchain/bin/../lib/gcc/arm-none-eabi/6.2.1/../../../../arm-none-eabi/lib/thumb/v7e-m\libc.a(lib_a-exit.o)
__deregister_frame_info                           f:/ilangoldman/applicativos/7.0/toolchain/arm/arm-gnu-toolchain/bin/../lib/gcc/arm-none-eabi/6.2.1/thumb/v7e-m/crtbegin.o
__dso_handle                                      f:/ilangoldman/applicativos/7.0/toolchain/arm/arm-gnu-toolchain/bin/../lib/gcc/arm-none-eabi/6.2.1/thumb/v7e-m/crtbegin.o
__extendsfdf2                                     f:/ilangoldman/applicativos/7.0/toolchain/arm/arm-gnu-toolchain/bin/../lib/gcc/arm-none-eabi/6.2.1/thumb/v7e-m\libgcc.a(_arm_addsubdf3.o)
__fini_array_end                                  f:/ilangoldman/applicativos/7.0/toolchain/arm/arm-gnu-toolchain/bin/../lib/gcc/arm-none-eabi/6.2.1/../../../../arm-none-eabi/lib/thumb/v7e-m\libc.a(lib_a-fini.o)
__fini_array_start                                f:/ilangoldman/applicativos/7.0/toolchain/arm/arm-gnu-toolchain/bin/../lib/gcc/arm-none-eabi/6.2.1/../../../../arm-none-eabi/lib/thumb/v7e-m\libc.a(lib_a-fini.o)
__fixunsdfsi                                      f:/ilangoldman/applicativos/7.0/toolchain/arm/arm-gnu-toolchain/bin/../lib/gcc/arm-none-eabi/6.2.1/thumb/v7e-m\libgcc.a(_arm_fixunsdfsi.o)
__floatdidf                                       f:/ilangoldman/applicativos/7.0/toolchain/arm/arm-gnu-toolchain/bin/../lib/gcc/arm-none-eabi/6.2.1/thumb/v7e-m\libgcc.a(_arm_addsubdf3.o)
__floatsidf                                       f:/ilangoldman/applicativos/7.0/toolchain/arm/arm-gnu-toolchain/bin/../lib/gcc/arm-none-eabi/6.2.1/thumb/v7e-m\libgcc.a(_arm_addsubdf3.o)
__floatundidf                                     f:/ilangoldman/applicativos/7.0/toolchain/arm/arm-gnu-toolchain/bin/../lib/gcc/arm-none-eabi/6.2.1/thumb/v7e-m\libgcc.a(_arm_addsubdf3.o)
__floatunsidf                                     f:/ilangoldman/applicativos/7.0/toolchain/arm/arm-gnu-toolchain/bin/../lib/gcc/arm-none-eabi/6.2.1/thumb/v7e-m\libgcc.a(_arm_addsubdf3.o)
__fp_lock_all                                     f:/ilangoldman/applicativos/7.0/toolchain/arm/arm-gnu-toolchain/bin/../lib/gcc/arm-none-eabi/6.2.1/../../../../arm-none-eabi/lib/thumb/v7e-m\libc.a(lib_a-findfp.o)
__fp_unlock_all                                   f:/ilangoldman/applicativos/7.0/toolchain/arm/arm-gnu-toolchain/bin/../lib/gcc/arm-none-eabi/6.2.1/../../../../arm-none-eabi/lib/thumb/v7e-m\libc.a(lib_a-findfp.o)
__init_array_end                                  f:/ilangoldman/applicativos/7.0/toolchain/arm/arm-gnu-toolchain/bin/../lib/gcc/arm-none-eabi/6.2.1/../../../../arm-none-eabi/lib/thumb/v7e-m\libc.a(lib_a-init.o)
__init_array_start                                f:/ilangoldman/applicativos/7.0/toolchain/arm/arm-gnu-toolchain/bin/../lib/gcc/arm-none-eabi/6.2.1/../../../../arm-none-eabi/lib/thumb/v7e-m\libc.a(lib_a-init.o)